Component: ARM Compiler 5.06 update 6 (build 750) Tool: armlink [4d35ed]

==============================================================================

Section Cross References

    main.o(.text) refers to system_stm32f10x.o(.text) for SystemInit
    main.o(.text) refers to delay.o(.text) for delay_init
    main.o(.text) refers to misc.o(.text) for NVIC_PriorityGroupConfig
    main.o(.text) refers to gpio.o(.text) for GPIO_config
    main.o(.text) refers to spi.o(.text) for SPI1_Init
    main.o(.text) refers to timerhandler.o(.text) for Timer_Configuration
    main.o(.text) refers to usart.o(.text) for uart_init
    main.o(.text) refers to printf8.o(i.__0printf$8) for __2printf
    main.o(.text) refers to led.o(.text) for LED_Init
    main.o(.text) refers to key.o(.text) for KEY_Init
    main.o(.text) refers to w5500init.o(.text) for w5500_lib_init
    main.o(.text) refers to sntp.o(.text) for SNTP_init
    main.o(.text) refers to httpserver.o(.text) for loadwebpages
    main.o(.text) refers to myapp2.o(.text) for starttasks
    system_stm32f10x.o(.text) refers to system_stm32f10x.o(.data) for SystemCoreClock
    myapp2.o(.text) refers to os_time.o(.text) for OSTimeDlyHMSM
    myapp2.o(.text) refers to os_task.o(.text) for OSTaskStkChk
    myapp2.o(.text) refers to printf8.o(i.__0printf$8) for __2printf
    myapp2.o(.text) refers to ntpserver.o(.text) for ntpserverdefaultconfig
    myapp2.o(.text) refers to snmp.o(.text) for snmpd_init
    myapp2.o(.text) refers to dns.o(.text) for DNS_time_handler
    myapp2.o(.text) refers to w5500init.o(.text) for PHYStatus_Check
    myapp2.o(.text) refers to sntp.o(.text) for SNTP_run
    myapp2.o(.text) refers to os_cpu_a.o(.text) for ItDisAll
    myapp2.o(.text) refers to os_core.o(.text) for OSInit
    myapp2.o(.text) refers to myapp2.o(.data) for result
    myapp2.o(.text) refers to usart.o(.data) for u1out
    myapp2.o(.text) refers to usart.o(.bss) for USART1_rx_data_buff
    myapp2.o(.text) refers to snmp.o(.data) for agentIP
    myapp2.o(.text) refers to main.o(.data) for timenow
    myapp2.o(.text) refers to myapp2.o(.bss) for TaskStartStk
    led.o(.text) refers to stm32f10x_rcc.o(.text) for RCC_APB2PeriphClockCmd
    led.o(.text) refers to stm32f10x_gpio.o(.text) for GPIO_Init
    key.o(.text) refers to stm32f10x_gpio.o(.text) for GPIO_Init
    key.o(.text) refers to delay.o(.text) for delay_ms
    key.o(.text) refers to key.o(.data) for key_up
    wdg.o(.text) refers to stm32f10x_iwdg.o(.text) for IWDG_WriteAccessCmd
    wdg.o(.text) refers to misc.o(.text) for NVIC_Init
    wdg.o(.text) refers to stm32f10x_rcc.o(.text) for RCC_APB1PeriphClockCmd
    wdg.o(.text) refers to stm32f10x_wwdg.o(.text) for WWDG_SetPrescaler
    wdg.o(.text) refers to os_core.o(.text) for OSIntEnter
    timer.o(.text) refers to stm32f10x_rcc.o(.text) for RCC_APB1PeriphClockCmd
    timer.o(.text) refers to stm32f10x_tim.o(.text) for TIM_TimeBaseInit
    timer.o(.text) refers to misc.o(.text) for NVIC_Init
    timer.o(.text) refers to os_core.o(.text) for OSIntEnter
    pwm.o(.text) refers to stm32f10x_rcc.o(.text) for RCC_APB1PeriphClockCmd
    pwm.o(.text) refers to stm32f10x_gpio.o(.text) for GPIO_Init
    pwm.o(.text) refers to stm32f10x_tim.o(.text) for TIM_TimeBaseInit
    lcd.o(.text) refers to delay.o(.text) for delay_us
    lcd.o(.text) refers to lcd.o(i.LCD_SetCursor) for LCD_SetCursor
    lcd.o(.text) refers to lcd.o(.data) for DeviceCode
    lcd.o(.text) refers to stm32f10x_rcc.o(.text) for RCC_APB2PeriphClockCmd
    lcd.o(.text) refers to stm32f10x_gpio.o(.text) for GPIO_PinRemapConfig
    lcd.o(.text) refers to printf8.o(i.__0printf$8) for __2printf
    lcd.o(.text) refers to lcd.o(.constdata) for asc2_1206
    wkup.o(.text) refers to misc.o(.text) for NVIC_SystemLPConfig
    wkup.o(.text) refers to stm32f10x_rcc.o(.text) for RCC_APB1PeriphClockCmd
    wkup.o(.text) refers to stm32f10x_pwr.o(.text) for PWR_WakeUpPinCmd
    wkup.o(.text) refers to delay.o(.text) for delay_ms
    wkup.o(.text) refers to os_core.o(.text) for OSIntEnter
    wkup.o(.text) refers to stm32f10x_gpio.o(.text) for GPIO_Init
    wkup.o(.text) refers to stm32f10x_exti.o(.text) for EXTI_Init
    adc.o(.text) refers to stm32f10x_rcc.o(.text) for RCC_APB2PeriphClockCmd
    adc.o(.text) refers to stm32f10x_gpio.o(.text) for GPIO_Init
    adc.o(.text) refers to stm32f10x_adc.o(.text) for ADC_DeInit
    tsensor.o(.text) refers to stm32f10x_rcc.o(.text) for RCC_APB2PeriphClockCmd
    tsensor.o(.text) refers to stm32f10x_gpio.o(.text) for GPIO_Init
    tsensor.o(.text) refers to stm32f10x_adc.o(.text) for ADC_DeInit
    tsensor.o(.text) refers to delay.o(.text) for delay_ms
    myiic.o(.text) refers to stm32f10x_rcc.o(.text) for RCC_APB2PeriphClockCmd
    myiic.o(.text) refers to stm32f10x_gpio.o(.text) for GPIO_Init
    myiic.o(.text) refers to delay.o(.text) for delay_us
    24cxx.o(.text) refers to myiic.o(.text) for IIC_Init
    24cxx.o(.text) refers to delay.o(.text) for delay_ms
[...]
    DMA1_Channel5_IRQHandler                 0x08001377   Thumb Code     0  startup_stm32f10x_md.o(.text)
    DMA1_Channel6_IRQHandler                 0x08001377   Thumb Code     0  startup_stm32f10x_md.o(.text)
    DMA1_Channel7_IRQHandler                 0x08001377   Thumb Code     0  startup_stm32f10x_md.o(.text)
    EXTI15_10_IRQHandler                     0x08001377   Thumb Code     0  startup_stm32f10x_md.o(.text)
    EXTI2_IRQHandler                         0x08001377   Thumb Code     0  startup_stm32f10x_md.o(.text)
    EXTI4_IRQHandler                         0x08001377   Thumb Code     0  startup_stm32f10x_md.o(.text)
    EXTI9_5_IRQHandler                       0x08001377   Thumb Code     0  startup_stm32f10x_md.o(.text)
    FLASH_IRQHandler                         0x08001377   Thumb Code     0  startup_stm32f10x_md.o(.text)
    I2C1_ER_IRQHandler                       0x08001377   Thumb Code     0  startup_stm32f10x_md.o(.text)
    I2C1_EV_IRQHandler                       0x08001377   Thumb Code     0  startup_stm32f10x_md.o(.text)
    I2C2_ER_IRQHandler                       0x08001377   Thumb Code     0  startup_stm32f10x_md.o(.text)
    I2C2_EV_IRQHandler                       0x08001377   Thumb Code     0  startup_stm32f10x_md.o(.text)
    PVD_IRQHandler                           0x08001377   Thumb Code     0  startup_stm32f10x_md.o(.text)
    RCC_IRQHandler                           0x08001377   Thumb Code     0  startup_stm32f10x_md.o(.text)
    RTCAlarm_IRQHandler                      0x08001377   Thumb Code     0  startup_stm32f10x_md.o(.text)
    RTC_IRQHandler                           0x08001377   Thumb Code     0  startup_stm32f10x_md.o(.text)
    SPI1_IRQHandler                          0x08001377   Thumb Code     0  startup_stm32f10x_md.o(.text)
    SPI2_IRQHandler                          0x08001377   Thumb Code     0  startup_stm32f10x_md.o(.text)
    TAMPER_IRQHandler                        0x08001377   Thumb Code     0  startup_stm32f10x_md.o(.text)
    TIM1_BRK_IRQHandler                      0x08001377   Thumb Code     0  startup_stm32f10x_md.o(.text)
    TIM1_CC_IRQHandler                       0x08001377   Thumb Code     0  startup_stm32f10x_md.o(.text)
    TIM1_TRG_COM_IRQHandler                  0x08001377   Thumb Code     0  startup_stm32f10x_md.o(.text)
    TIM1_UP_IRQHandler                       0x08001377   Thumb Code     0  startup_stm32f10x_md.o(.text)
    TIM4_IRQHandler                          0x08001377   Thumb Code     0  startup_stm32f10x_md.o(.text)
    USART2_IRQHandler                        0x08001377   Thumb Code     0  startup_stm32f10x_md.o(.text)
    USART3_IRQHandler                        0x08001377   Thumb Code     0  startup_stm32f10x_md.o(.text)
    USBWakeUp_IRQHandler                     0x08001377   Thumb Code     0  startup_stm32f10x_md.o(.text)
    USB_HP_CAN1_TX_IRQHandler                0x08001377   Thumb Code     0  startup_stm32f10x_md.o(.text)
    USB_LP_CAN1_RX0_IRQHandler               0x08001377   Thumb Code     0  startup_stm32f10x_md.o(.text)
    NVIC_PriorityGroupConfig                 0x08001381   Thumb Code    10  misc.o(.text)
    NVIC_Init                                0x0800138b   Thumb Code   100  misc.o(.text)
    NVIC_SetVectorTable                      0x080013ef   Thumb Code    14  misc.o(.text)
    NVIC_SystemLPConfig                      0x080013fd   Thumb Code    34  misc.o(.text)
    SysTick_CLKSourceConfig                  0x0800141f   Thumb Code    40  misc.o(.text)
    DMA_DeInit                               0x0800145d   Thumb Code   324  stm32f10x_dma.o(.text)
    DMA_Init                                 0x080015a1   Thumb Code    60  stm32f10x_dma.o(.text)
    DMA_StructInit                           0x080015dd   Thumb Code    26  stm32f10x_dma.o(.text)
    DMA_Cmd                                  0x080015f7   Thumb Code    24  stm32f10x_dma.o(.text)
    DMA_ITConfig                             0x0800160f   Thumb Code    18  stm32f10x_dma.o(.text)
    DMA_SetCurrDataCounter                   0x08001621   Thumb Code     4  stm32f10x_dma.o(.text)
    DMA_GetCurrDataCounter                   0x08001625   Thumb Code     8  stm32f10x_dma.o(.text)
    DMA_GetFlagStatus                        0x0800162d   Thumb Code    40  stm32f10x_dma.o(.text)
    DMA_ClearFlag                            0x08001655   Thumb Code    22  stm32f10x_dma.o(.text)
    DMA_GetITStatus                          0x0800166b   Thumb Code    40  stm32f10x_dma.o(.text)
    DMA_ClearITPendingBit                    0x08001693   Thumb Code    22  stm32f10x_dma.o(.text)
    EXTI_DeInit                              0x080016b1   Thumb Code    28  stm32f10x_exti.o(.text)
    EXTI_Init                                0x080016cd   Thumb Code   142  stm32f10x_exti.o(.text)
    EXTI_StructInit                          0x0800175b   Thumb Code    16  stm32f10x_exti.o(.text)
    EXTI_GenerateSWInterrupt                 0x0800176b   Thumb Code    16  stm32f10x_exti.o(.text)
    EXTI_GetFlagStatus                       0x0800177b   Thumb Code    22  stm32f10x_exti.o(.text)
    EXTI_ClearFlag                           0x08001791   Thumb Code     8  stm32f10x_exti.o(.text)
    EXTI_GetITStatus                         0x08001799   Thumb Code    34  stm32f10x_exti.o(.text)
    EXTI_ClearITPendingBit                   0x080017bb   Thumb Code     8  stm32f10x_exti.o(.text)
    FLASH_SetLatency                         0x080017cd   Thumb Code    18  stm32f10x_flash.o(.text)
    FLASH_HalfCycleAccessCmd                 0x080017df   Thumb Code    22  stm32f10x_flash.o(.text)
    FLASH_PrefetchBufferCmd                  0x080017f5   Thumb Code    22  stm32f10x_flash.o(.text)
    FLASH_Unlock                             0x0800180b   Thumb Code    12  stm32f10x_flash.o(.text)
    FLASH_UnlockBank1                        0x08001817   Thumb Code    12  stm32f10x_flash.o(.text)
    FLASH_Lock                               0x08001823   Thumb Code    14  stm32f10x_flash.o(.text)
    FLASH_LockBank1                          0x08001831   Thumb Code    14  stm32f10x_flash.o(.text)
    FLASH_GetBank1Status                     0x0800183f   Thumb Code    48  stm32f10x_flash.o(.text)
    FLASH_WaitForLastOperation               0x0800186f   Thumb Code    38  stm32f10x_flash.o(.text)
    FLASH_ErasePage                          0x08001895   Thumb Code    72  stm32f10x_flash.o(.text)
    FLASH_EraseAllPages                      0x080018dd   Thumb Code    68  stm32f10x_flash.o(.text)
    FLASH_WaitForLastBank1Operation          0x08001921   Thumb Code    38  stm32f10x_flash.o(.text)
    FLASH_EraseAllBank1Pages                 0x08001947   Thumb Code    68  stm32f10x_flash.o(.text)
    FLASH_GetReadOutProtectionStatus         0x0800198b   Thumb Code    20  stm32f10x_flash.o(.text)
    FLASH_EraseOptionBytes                   0x0800199f   Thumb Code   150  stm32f10x_flash.o(.text)
    FLASH_ProgramWord                        0x08001a35   Thumb Code   102  stm32f10x_flash.o(.text)
    FLASH_ProgramHalfWord                    0x08001a9b   Thumb Code    60  stm32f10x_flash.o(.text)
    FLASH_ProgramOptionByteData              0x08001ad7   Thumb Code    72  stm32f10x_flash.o(.text)
    FLASH_EnableWriteProtection              0x08001b1f   Thumb Code   200  stm32f10x_flash.o(.text)
    FLASH_ReadOutProtection                  0x08001be7   Thumb Code   156  stm32f10x_flash.o(.text)
    FLASH_UserOptionByteConfig               0x08001c83   Thumb Code    88  stm32f10x_flash.o(.text)
    FLASH_GetUserOptionByte                  0x08001cdb   Thumb Code     8  stm32f10x_flash.o(.text)
    FLASH_GetWriteProtectionOptionByte       0x08001ce3   Thumb Code     6  stm32f10x_flash.o(.text)
    FLASH_GetPrefetchBufferStatus            0x08001ce9   Thumb Code    20  stm32f10x_flash.o(.text)
    FLASH_ITConfig                           0x08001cfd   Thumb Code    26  stm32f10x_flash.o(.text)
    FLASH_GetFlagStatus                      0x08001d17   Thumb Code    42  stm32f10x_flash.o(.text)
    FLASH_ClearFlag                          0x08001d41   Thumb Code     6  stm32f10x_flash.o(.text)
    FLASH_GetStatus                          0x08001d47   Thumb Code    48  stm32f10x_flash.o(.text)
    GPIO_DeInit                              0x08001d89   Thumb Code   172  stm32f10x_gpio.o(.text)
    GPIO_AFIODeInit                          0x08001e35   Thumb Code    20  stm32f10x_gpio.o(.text)
    GPIO_Init                                0x08001e49   Thumb Code   278  stm32f10x_gpio.o(.text)
    GPIO_StructInit                          0x08001f5f   Thumb Code    16  stm32f10x_gpio.o(.text)
    GPIO_ReadInputDataBit                    0x08001f6f   Thumb Code    18  stm32f10x_gpio.o(.text)
    GPIO_ReadInputData                       0x08001f81   Thumb Code     8  stm32f10x_gpio.o(.text)
    GPIO_ReadOutputDataBit                   0x08001f89   Thumb Code    18  stm32f10x_gpio.o(.text)
    GPIO_ReadOutputData                      0x08001f9b   Thumb Code     8  stm32f10x_gpio.o(.text)
    GPIO_SetBits                             0x08001fa3   Thumb Code     4  stm32f10x_gpio.o(.text)
    GPIO_ResetBits                           0x08001fa7   Thumb Code     4  stm32f10x_gpio.o(.text)
    GPIO_WriteBit                            0x08001fab   Thumb Code    10  stm32f10x_gpio.o(.text)
    GPIO_Write                               0x08001fb5   Thumb Code     4  stm32f10x_gpio.o(.text)
    GPIO_PinLockConfig                       0x08001fb9   Thumb Code    18  stm32f10x_gpio.o(.text)
    GPIO_EventOutputConfig                   0x08001fcb   Thumb Code    26  stm32f10x_gpio.o(.text)
    GPIO_EventOutputCmd                      0x08001fe5   Thumb Code     6  stm32f10x_gpio.o(.text)
    GPIO_PinRemapConfig                      0x08001feb   Thumb Code   138  stm32f10x_gpio.o(.text)
    GPIO_EXTILineConfig                      0x08002075   Thumb Code    66  stm32f10x_gpio.o(.text)
    GPIO_ETH_MediaInterfaceConfig            0x080020b7   Thumb Code     8  stm32f10x_gpio.o(.text)
    IWDG_WriteAccessCmd                      0x080020e5   Thumb Code     6  stm32f10x_iwdg.o(.text)
    IWDG_SetPrescaler                        0x080020eb   Thumb Code     6  stm32f10x_iwdg.o(.text)
    IWDG_SetReload                           0x080020f1   Thumb Code     6  stm32f10x_iwdg.o(.text)
    IWDG_ReloadCounter                       0x080020f7   Thumb Code    10  stm32f10x_iwdg.o(.text)
    IWDG_Enable                              0x08002101   Thumb Code    10  stm32f10x_iwdg.o(.text)
    IWDG_GetFlagStatus                       0x0800210b   Thumb Code    20  stm32f10x_iwdg.o(.text)
    PWR_DeInit                               0x08002125   Thumb Code    22  stm32f10x_pwr.o(.text)
    PWR_BackupAccessCmd                      0x0800213b   Thumb Code     6  stm32f10x_pwr.o(.text)
    PWR_PVDCmd                               0x08002141   Thumb Code     6  stm32f10x_pwr.o(.text)
    PWR_PVDLevelConfig                       0x08002147   Thumb Code    18  stm32f10x_pwr.o(.text)
    PWR_WakeUpPinCmd                         0x08002159   Thumb Code     8  stm32f10x_pwr.o(.text)
    PWR_EnterSTOPMode                        0x08002161   Thumb Code    54  stm32f10x_pwr.o(.text)
    PWR_EnterSTANDBYMode                     0x08002197   Thumb Code    42  stm32f10x_pwr.o(.text)
    PWR_GetFlagStatus                        0x080021c1   Thumb Code    20  stm32f10x_pwr.o(.text)
    PWR_ClearFlag                            0x080021d5   Thumb Code    14  stm32f10x_pwr.o(.text)
    RCC_DeInit                               0x080021f1   Thumb Code    64  stm32f10x_rcc.o(.text)
    RCC_HSEConfig                            0x08002231   Thumb Code    70  stm32f10x_rcc.o(.text)
    RCC_GetFlagStatus                        0x08002277   Thumb Code    56  stm32f10x_rcc.o(.text)
    RCC_WaitForHSEStartUp                    0x080022af   Thumb Code    56  stm32f10x_rcc.o(.text)
    RCC_AdjustHSICalibrationValue            0x080022e7   Thumb Code    20  stm32f10x_rcc.o(.text)
    RCC_HSICmd                               0x080022fb   Thumb Code     6  stm32f10x_rcc.o(.text)
    RCC_PLLConfig                            0x08002301   Thumb Code    24  stm32f10x_rcc.o(.text)
    RCC_PLLCmd                               0x08002319   Thumb Code     6  stm32f10x_rcc.o(.text)
    RCC_SYSCLKConfig                         0x0800231f   Thumb Code    18  stm32f10x_rcc.o(.text)
    RCC_GetSYSCLKSource                      0x08002331   Thumb Code    10  stm32f10x_rcc.o(.text)
    RCC_HCLKConfig                           0x0800233b   Thumb Code    18  stm32f10x_rcc.o(.text)
    RCC_PCLK1Config                          0x0800234d   Thumb Code    18  stm32f10x_rcc.o(.text)
    RCC_PCLK2Config                          0x0800235f   Thumb Code    20  stm32f10x_rcc.o(.text)
    RCC_ITConfig                             0x08002373   Thumb Code    26  stm32f10x_rcc.o(.text)
    RCC_USBCLKConfig                         0x0800238d   Thumb Code     8  stm32f10x_rcc.o(.text)
    RCC_ADCCLKConfig                         0x08002395   Thumb Code    18  stm32f10x_rcc.o(.text)
    RCC_LSEConfig                            0x080023a7   Thumb Code    50  stm32f10x_rcc.o(.text)
    RCC_LSICmd                               0x080023d9   Thumb Code     6  stm32f10x_rcc.o(.text)
    RCC_RTCCLKConfig                         0x080023df   Thumb Code    12  stm32f10x_rcc.o(.text)
    RCC_RTCCLKCmd                            0x080023eb   Thumb Code     8  stm32f10x_rcc.o(.text)
    RCC_GetClocksFreq                        0x080023f3   Thumb Code   192  stm32f10x_rcc.o(.text)
    RCC_AHBPeriphClockCmd                    0x080024b3   Thumb Code    26  stm32f10x_rcc.o(.text)
    RCC_APB2PeriphClockCmd                   0x080024cd   Thumb Code    26  stm32f10x_rcc.o(.text)
    RCC_APB1PeriphClockCmd                   0x080024e7   Thumb Code    26  stm32f10x_rcc.o(.text)
    RCC_APB2PeriphResetCmd                   0x08002501   Thumb Code    26  stm32f10x_rcc.o(.text)
    RCC_APB1PeriphResetCmd                   0x0800251b   Thumb Code    26  stm32f10x_rcc.o(.text)
    RCC_BackupResetCmd                       0x08002535   Thumb Code     8  stm32f10x_rcc.o(.text)
    RCC_ClockSecuritySystemCmd               0x0800253d   Thumb Code     6  stm32f10x_rcc.o(.text)
    RCC_MCOConfig                            0x08002543   Thumb Code     6  stm32f10x_rcc.o(.text)
    RCC_ClearFlag                            0x08002549   Thumb Code    14  stm32f10x_rcc.o(.text)
    RCC_GetITStatus                          0x08002557   Thumb Code    20  stm32f10x_rcc.o(.text)
    RCC_ClearITPendingBit                    0x0800256b   Thumb Code     6  stm32f10x_rcc.o(.text)
    SPI_I2S_DeInit                           0x08002595   Thumb Code    76  stm32f10x_spi.o(.text)
    SPI_Init                                 0x080025e1   Thumb Code    60  stm32f10x_spi.o(.text)
    I2S_Init                                 0x0800261d   Thumb Code   226  stm32f10x_spi.o(.text)
    SPI_StructInit                           0x080026ff   Thumb Code    24  stm32f10x_spi.o(.text)
    I2S_StructInit                           0x08002717   Thumb Code    20  stm32f10x_spi.o(.text)
    SPI_Cmd                                  0x0800272b   Thumb Code    24  stm32f10x_spi.o(.text)
    I2S_Cmd                                  0x08002743   Thumb Code    24  stm32f10x_spi.o(.text)
    SPI_I2S_ITConfig                         0x0800275b   Thumb Code    32  stm32f10x_spi.o(.text)
    SPI_I2S_DMACmd                           0x0800277b   Thumb Code    18  stm32f10x_spi.o(.text)
    SPI_I2S_SendData                         0x0800278d   Thumb Code     4  stm32f10x_spi.o(.text)
    SPI_I2S_ReceiveData                      0x08002791   Thumb Code     6  stm32f10x_spi.o(.text)
    SPI_NSSInternalSoftwareConfig            0x08002797   Thumb Code    30  stm32f10x_spi.o(.text)
    SPI_SSOutputCmd                          0x080027b5   Thumb Code    24  stm32f10x_spi.o(.text)
    SPI_DataSizeConfig                       0x080027cd   Thumb Code    18  stm32f10x_spi.o(.text)
    SPI_TransmitCRC                          0x080027df   Thumb Code    10  stm32f10x_spi.o(.text)
    SPI_CalculateCRC                         0x080027e9   Thumb Code    24  stm32f10x_spi.o(.text)
    SPI_GetCRC                               0x08002801   Thumb Code    16  stm32f10x_spi.o(.text)
    SPI_GetCRCPolynomial                     0x08002811   Thumb Code     6  stm32f10x_spi.o(.text)
    SPI_BiDirectionalLineConfig              0x08002817   Thumb Code    28  stm32f10x_spi.o(.text)
    SPI_I2S_GetFlagStatus                    0x08002833   Thumb Code    18  stm32f10x_spi.o(.text)
    SPI_I2S_ClearFlag                        0x08002845   Thumb Code     6  stm32f10x_spi.o(.text)
    SPI_I2S_GetITStatus                      0x0800284b   Thumb Code    52  stm32f10x_spi.o(.text)
    SPI_I2S_ClearITPendingBit                0x0800287f   Thumb Code    20  stm32f10x_spi.o(.text)
    TIM_DeInit                               0x080028a1   Thumb Code   424  stm32f10x_tim.o(.text)
    TIM_TimeBaseInit                         0x08002a49   Thumb Code   122  stm32f10x_tim.o(.text)
    TIM_OC1Init                              0x08002ac3   Thumb Code   132  stm32f10x_tim.o(.text)
    TIM_OC2Init                              0x08002b47   Thumb Code   154  stm32f10x_tim.o(.text)
    TIM_OC3Init                              0x08002be1   Thumb Code   150  stm32f10x_tim.o(.text)
    TIM_OC4Init                              0x08002c77   Thumb Code   182  stm32f10x_tim.o(.text)
    TIM_SetIC4Prescaler                      0x08002d2d   Thumb Code    26  stm32f10x_tim.o(.text)
    TIM_SetIC3Prescaler                      0x08002dc9   Thumb Code    18  stm32f10x_tim.o(.text)
    TIM_SetIC2Prescaler                      0x08002e55   Thumb Code    26  stm32f10x_tim.o(.text)
    TIM_SetIC1Prescaler                      0x08002ef1   Thumb Code    18  stm32f10x_tim.o(.text)
    TIM_ICInit                               0x08002f6f   Thumb Code   150  stm32f10x_tim.o(.text)
    TIM_PWMIConfig                           0x08003005   Thumb Code   124  stm32f10x_tim.o(.text)
    TIM_BDTRConfig                           0x08003081   Thumb Code    32  stm32f10x_tim.o(.text)
    TIM_TimeBaseStructInit                   0x080030a1   Thumb Code    18  stm32f10x_tim.o(.text)
    TIM_OCStructInit                         0x080030b3   Thumb Code    20  stm32f10x_tim.o(.text)
    TIM_ICStructInit                         0x080030c7   Thumb Code    18  stm32f10x_tim.o(.text)
    TIM_BDTRStructInit                       0x080030d9   Thumb Code    40  stm32f10x_tim.o(.text)
    TIM_Cmd                                  0x08003101   Thumb Code    24  stm32f10x_tim.o(.text)
    TIM_CtrlPWMOutputs                       0x08003119   Thumb Code    30  stm32f10x_tim.o(.text)
    TIM_ITConfig                             0x08003137   Thumb Code    18  stm32f10x_tim.o(.text)
    TIM_GenerateEvent                        0x08003149   Thumb Code     4  stm32f10x_tim.o(.text)
    TIM_DMAConfig                            0x0800314d   Thumb Code    10  stm32f10x_tim.o(.text)
    TIM_DMACmd                               0x08003157   Thumb Code    18  stm32f10x_tim.o(.text)
    TIM_InternalClockConfig                  0x08003169   Thumb Code    12  stm32f10x_tim.o(.text)
    TIM_SelectInputTrigger                   0x08003175   Thumb Code    18  stm32f10x_tim.o(.text)
    TIM_ITRxExternalClockConfig              0x08003187   Thumb Code    24  stm32f10x_tim.o(.text)
    TIM_TIxExternalClockConfig               0x0800319f   Thumb Code    62  stm32f10x_tim.o(.text)
    TIM_ETRConfig                            0x080031dd   Thumb Code    28  stm32f10x_tim.o(.text)
    TIM_ETRClockMode1Config                  0x080031f9   Thumb Code    54  stm32f10x_tim.o(.text)
    TIM_ETRClockMode2Config                  0x0800322f   Thumb Code    32  stm32f10x_tim.o(.text)
    TIM_PrescalerConfig                      0x0800324f   Thumb Code     6  stm32f10x_tim.o(.text)
    TIM_CounterModeConfig                    0x08003255   Thumb Code    18  stm32f10x_tim.o(.text)
    TIM_EncoderInterfaceConfig               0x08003267   Thumb Code    66  stm32f10x_tim.o(.text)
    TIM_ForcedOC1Config                      0x080032a9   Thumb Code    18  stm32f10x_tim.o(.text)
    TIM_ForcedOC2Config                      0x080032bb   Thumb Code    26  stm32f10x_tim.o(.text)
    TIM_ForcedOC3Config                      0x080032d5   Thumb Code    18  stm32f10x_tim.o(.text)
    TIM_ForcedOC4Config                      0x080032e7   Thumb Code    26  stm32f10x_tim.o(.text)
    TIM_ARRPreloadConfig                     0x08003301   Thumb Code    24  stm32f10x_tim.o(.text)
    TIM_SelectCOM                            0x08003319   Thumb Code    24  stm32f10x_tim.o(.text)
    TIM_SelectCCDMA                          0x08003331   Thumb Code    24  stm32f10x_tim.o(.text)
    TIM_CCPreloadControl                     0x08003349   Thumb Code    24  stm32f10x_tim.o(.text)
    TIM_OC1PreloadConfig                     0x08003361   Thumb Code    18  stm32f10x_tim.o(.text)
    TIM_OC2PreloadConfig                     0x08003373   Thumb Code    26  stm32f10x_tim.o(.text)
    TIM_OC3PreloadConfig                     0x0800338d   Thumb Code    18  stm32f10x_tim.o(.text)
    TIM_OC4PreloadConfig                     0x0800339f   Thumb Code    26  stm32f10x_tim.o(.text)
    TIM_OC1FastConfig                        0x080033b9   Thumb Code    18  stm32f10x_tim.o(.text)
    TIM_OC2FastConfig                        0x080033cb   Thumb Code    26  stm32f10x_tim.o(.text)
    TIM_OC3FastConfig                        0x080033e5   Thumb Code    18  stm32f10x_tim.o(.text)
    TIM_OC4FastConfig                        0x080033f7   Thumb Code    26  stm32f10x_tim.o(.text)
    TIM_ClearOC1Ref                          0x08003411   Thumb Code    18  stm32f10x_tim.o(.text)
    TIM_ClearOC2Ref                          0x08003423   Thumb Code    24  stm32f10x_tim.o(.text)
    TIM_ClearOC3Ref                          0x0800343b   Thumb Code    18  stm32f10x_tim.o(.text)
    TIM_ClearOC4Ref                          0x0800344d   Thumb Code    24  stm32f10x_tim.o(.text)
    TIM_OC1PolarityConfig                    0x08003465   Thumb Code    18  stm32f10x_tim.o(.text)
    TIM_OC1NPolarityConfig                   0x08003477   Thumb Code    18  stm32f10x_tim.o(.text)
    TIM_OC2PolarityConfig                    0x08003489   Thumb Code    26  stm32f10x_tim.o(.text)
    TIM_OC2NPolarityConfig                   0x080034a3   Thumb Code    26  stm32f10x_tim.o(.text)
    TIM_OC3PolarityConfig                    0x080034bd   Thumb Code    26  stm32f10x_tim.o(.text)
    TIM_OC3NPolarityConfig                   0x080034d7   Thumb Code    26  stm32f10x_tim.o(.text)
    TIM_OC4PolarityConfig                    0x080034f1   Thumb Code    26  stm32f10x_tim.o(.text)
    TIM_CCxCmd                               0x0800350b   Thumb Code    30  stm32f10x_tim.o(.text)
    TIM_CCxNCmd                              0x08003529   Thumb Code    30  stm32f10x_tim.o(.text)
    TIM_SelectOCxM                           0x08003547   Thumb Code    82  stm32f10x_tim.o(.text)
    TIM_UpdateDisableConfig                  0x08003599   Thumb Code    24  stm32f10x_tim.o(.text)
    TIM_UpdateRequestConfig                  0x080035b1   Thumb Code    24  stm32f10x_tim.o(.text)
    TIM_SelectHallSensor                     0x080035c9   Thumb Code    24  stm32f10x_tim.o(.text)
    TIM_SelectOnePulseMode                   0x080035e1   Thumb Code    18  stm32f10x_tim.o(.text)
    TIM_SelectOutputTrigger                  0x080035f3   Thumb Code    18  stm32f10x_tim.o(.text)
    TIM_SelectSlaveMode                      0x08003605   Thumb Code    18  stm32f10x_tim.o(.text)
    TIM_SelectMasterSlaveMode                0x08003617   Thumb Code    18  stm32f10x_tim.o(.text)
    TIM_SetCounter                           0x08003629   Thumb Code     4  stm32f10x_tim.o(.text)
    TIM_SetAutoreload                        0x0800362d   Thumb Code     4  stm32f10x_tim.o(.text)
    TIM_SetCompare1                          0x08003631   Thumb Code     4  stm32f10x_tim.o(.text)
    TIM_SetCompare2                          0x08003635   Thumb Code     4  stm32f10x_tim.o(.text)
    TIM_SetCompare3                          0x08003639   Thumb Code     4  stm32f10x_tim.o(.text)
    TIM_SetCompare4                          0x0800363d   Thumb Code     6  stm32f10x_tim.o(.text)
    TIM_SetClockDivision                     0x08003643   Thumb Code    18  stm32f10x_tim.o(.text)
    TIM_GetCapture1                          0x08003655   Thumb Code     6  stm32f10x_tim.o(.text)
    TIM_GetCapture2                          0x0800365b   Thumb Code     6  stm32f10x_tim.o(.text)
    TIM_GetCapture3                          0x08003661   Thumb Code     6  stm32f10x_tim.o(.text)
    TIM_GetCapture4                          0x08003667   Thumb Code     8  stm32f10x_tim.o(.text)
    TIM_GetCounter                           0x0800366f   Thumb Code     6  stm32f10x_tim.o(.text)
    TIM_GetPrescaler                         0x08003675   Thumb Code     6  stm32f10x_tim.o(.text)
    TIM_GetFlagStatus                        0x0800367b   Thumb Code    18  stm32f10x_tim.o(.text)
    TIM_ClearFlag                            0x0800368d   Thumb Code     6  stm32f10x_tim.o(.text)
    TIM_GetITStatus                          0x08003693   Thumb Code    34  stm32f10x_tim.o(.text)
    TIM_ClearITPendingBit                    0x080036b5   Thumb Code     6  stm32f10x_tim.o(.text)
    USART_DeInit                             0x080036bd   Thumb Code   134  stm32f10x_usart.o(.text)
    USART_Init                               0x08003743   Thumb Code   210  stm32f10x_usart.o(.text)
    USART_StructInit                         0x08003815   Thumb Code    24  stm32f10x_usart.o(.text)
    USART_ClockInit                          0x0800382d   Thumb Code    34  stm32f10x_usart.o(.text)
    USART_ClockStructInit                    0x0800384f   Thumb Code    12  stm32f10x_usart.o(.text)
    USART_Cmd                                0x0800385b   Thumb Code    24  stm32f10x_usart.o(.text)
    USART_ITConfig                           0x08003873   Thumb Code    74  stm32f10x_usart.o(.text)
    USART_DMACmd                             0x080038bd   Thumb Code    18  stm32f10x_usart.o(.text)
    USART_SetAddress                         0x080038cf   Thumb Code    18  stm32f10x_usart.o(.text)
    USART_WakeUpConfig                       0x080038e1   Thumb Code    18  stm32f10x_usart.o(.text)
    USART_ReceiverWakeUpCmd                  0x080038f3   Thumb Code    24  stm32f10x_usart.o(.text)
    USART_LINBreakDetectLengthConfig         0x0800390b   Thumb Code    18  stm32f10x_usart.o(.text)
    USART_LINCmd                             0x0800391d   Thumb Code    24  stm32f10x_usart.o(.text)
    USART_SendData                           0x08003935   Thumb Code     8  stm32f10x_usart.o(.text)
    USART_ReceiveData                        0x0800393d   Thumb Code    10  stm32f10x_usart.o(.text)
    USART_SendBreak                          0x08003947   Thumb Code    10  stm32f10x_usart.o(.text)
    USART_SetGuardTime                       0x08003951   Thumb Code    16  stm32f10x_usart.o(.text)
    USART_SetPrescaler                       0x08003961   Thumb Code    16  stm32f10x_usart.o(.text)
    USART_SmartCardCmd                       0x08003971   Thumb Code    24  stm32f10x_usart.o(.text)
    USART_SmartCardNACKCmd                   0x08003989   Thumb Code    24  stm32f10x_usart.o(.text)
    USART_HalfDuplexCmd                      0x080039a1   Thumb Code    24  stm32f10x_usart.o(.text)
    USART_OverSampling8Cmd                   0x080039b9   Thumb Code    22  stm32f10x_usart.o(.text)
    USART_OneBitMethodCmd                    0x080039cf   Thumb Code    24  stm32f10x_usart.o(.text)
    USART_IrDAConfig                         0x080039e7   Thumb Code    18  stm32f10x_usart.o(.text)
    USART_IrDACmd                            0x080039f9   Thumb Code    24  stm32f10x_usart.o(.text)
    USART_GetFlagStatus                      0x08003a11   Thumb Code    26  stm32f10x_usart.o(.text)
    USART_ClearFlag                          0x08003a2b   Thumb Code    18  stm32f10x_usart.o(.text)
    USART_GetITStatus                        0x08003a3d   Thumb Code    84  stm32f10x_usart.o(.text)
    USART_ClearITPendingBit                  0x08003a91   Thumb Code    52  stm32f10x_usart.o(.text)
    WWDG_DeInit                              0x08003ac5   Thumb Code    22  stm32f10x_wwdg.o(.text)
    WWDG_SetPrescaler                        0x08003adb   Thumb Code    18  stm32f10x_wwdg.o(.text)
    WWDG_SetWindowValue                      0x08003aed   Thumb Code    34  stm32f10x_wwdg.o(.text)
    WWDG_EnableIT                            0x08003b0f   Thumb Code     8  stm32f10x_wwdg.o(.text)
    WWDG_SetCounter                          0x08003b17   Thumb Code    12  stm32f10x_wwdg.o(.text)
    WWDG_Enable                              0x08003b23   Thumb Code    12  stm32f10x_wwdg.o(.text)
    WWDG_GetFlagStatus                       0x08003b2f   Thumb Code    10  stm32f10x_wwdg.o(.text)
    WWDG_ClearFlag                           0x08003b39   Thumb Code    10  stm32f10x_wwdg.o(.text)
    OS_StrLen                                0x08003b4d   Thumb Code    20  os_core.o(.text)
    OSEventNameGet                           0x08003b61   Thumb Code    98  os_core.o(.text)
    OSEventNameSet                           0x08003bc3   Thumb Code    84  os_core.o(.text)
    OS_EventTaskRemoveMulti                  0x08003c17   Thumb Code    58  os_core.o(.text)
    OS_Sched                                 0x08003c6b   Thumb Code    88  os_core.o(.text)
    OS_EventTaskWaitMulti                    0x08003cc3   Thumb Code   136  os_core.o(.text)
    OSEventPendMulti                         0x08003d4b   Thumb Code   694  os_core.o(.text)
    OS_TaskStatStkChk                        0x08004001   Thumb Code    54  os_core.o(.text)
    OS_TaskStat                              0x08004037   Thumb Code   144  os_core.o(.text)
    OS_TaskIdle                              0x080040fb   Thumb Code    34  os_core.o(.text)
    OS_MemClr                                0x08004151   Thumb Code    18  os_core.o(.text)
    OSInit                                   0x0800427b   Thumb Code    56  os_core.o(.text)
    OSIntEnter                               0x080042b3   Thumb Code    28  os_core.o(.text)
    OSIntExit                                0x080042cf   Thumb Code   112  os_core.o(.text)
    OSSchedLock                              0x0800433f   Thumb Code   198  os_core.o(.text)
    OSSchedUnlock                            0x08004405   Thumb Code    82  os_core.o(.text)
    OSStart                                  0x08004457   Thumb Code    48  os_core.o(.text)
    OSStatInit                               0x08004487   Thumb Code    64  os_core.o(.text)
    OSTimeTick                               0x080044c7   Thumb Code   210  os_core.o(.text)
    OSVersion                                0x08004599   Thumb Code     6  os_core.o(.text)
    OS_Dummy                                 0x0800459f   Thumb Code     2  os_core.o(.text)
    OS_EventTaskRemove                       0x080045a1   Thumb Code    42  os_core.o(.text)
    OS_EventTaskRdy                          0x080045cb   Thumb Code   128  os_core.o(.text)
    OS_EventTaskWait                         0x0800464b   Thumb Code   112  os_core.o(.text)
    OS_EventWaitListInit                     0x080046bb   Thumb Code    28  os_core.o(.text)
    OS_MemCopy                               0x080046d7   Thumb Code    20  os_core.o(.text)
    OS_TCBInit                               0x080046eb   Thumb Code   374  os_core.o(.text)
    OSFlagAccept                             0x08004861   Thumb Code   252  os_flag.o(.text)
    OSFlagCreate                             0x0800495d   Thumb Code    86  os_flag.o(.text)
    OS_FlagUnlink                            0x080049b3   Thumb Code    36  os_flag.o(.text)
    OSFlagDel                                0x08004a2f   Thumb Code   216  os_flag.o(.text)
    OSFlagNameGet                            0x08004b07   Thumb Code    80  os_flag.o(.text)
    OSFlagNameSet                            0x08004b57   Thumb Code    66  os_flag.o(.text)
    OSFlagPend                               0x08004c31   Thumb Code   614  os_flag.o(.text)
    OSFlagPendGetFlagsRdy                    0x08004e97   Thumb Code    26  os_flag.o(.text)
    OSFlagPost                               0x08004eb1   Thumb Code   320  os_flag.o(.text)
    OSFlagQuery                              0x08004ff1   Thumb Code    48  os_flag.o(.text)
    OS_FlagInit                              0x08005021   Thumb Code    78  os_flag.o(.text)
    OSMemCreate                              0x0800507d   Thumb Code   118  os_mem.o(.text)
    OSMemGet                                 0x080050f3   Thumb Code    62  os_mem.o(.text)
    OSMemNameGet                             0x08005131   Thumb Code    60  os_mem.o(.text)
    OSMemNameSet                             0x0800516d   Thumb Code    48  os_mem.o(.text)
    OSMemPut                                 0x0800519d   Thumb Code    54  os_mem.o(.text)
    OSMemQuery                               0x080051d3   Thumb Code    52  os_mem.o(.text)
    OS_MemInit                               0x08005207   Thumb Code    74  os_mem.o(.text)
    OSQAccept                                0x08005261   Thumb Code    88  os_q.o(.text)
    OSQCreate                                0x080052b9   Thumb Code   144  os_q.o(.text)
    OSQDel                                   0x08005349   Thumb Code   244  os_q.o(.text)
    OSQFlush                                 0x0800543d   Thumb Code    36  os_q.o(.text)
    OSQPend                                  0x08005461   Thumb Code   278  os_q.o(.text)
    OSQPendAbort                             0x08005577   Thumb Code   128  os_q.o(.text)
    OSQPost                                  0x080055f7   Thumb Code   114  os_q.o(.text)
    OSQPostFront                             0x08005669   Thumb Code   142  os_q.o(.text)
    OSQPostOpt                               0x080056f7   Thumb Code   182  os_q.o(.text)
    OSQQuery                                 0x080057ad   Thumb Code    98  os_q.o(.text)
    OS_QInit                                 0x0800580f   Thumb Code    72  os_q.o(.text)
    OSSemAccept                              0x08005861   Thumb Code    42  os_sem.o(.text)
    OSSemCreate                              0x0800588b   Thumb Code    72  os_sem.o(.text)
    OSSemDel                                 0x080058d3   Thumb Code   210  os_sem.o(.text)
    OSSemPend                                0x080059a5   Thumb Code   228  os_sem.o(.text)
    OSSemPendAbort                           0x08005a89   Thumb Code   128  os_sem.o(.text)
    OSSemPost                                0x08005b09   Thumb Code    88  os_sem.o(.text)
    OSSemQuery                               0x08005b61   Thumb Code    76  os_sem.o(.text)
    OSSemSet                                 0x08005bad   Thumb Code    66  os_sem.o(.text)
    OSTaskChangePrio                         0x08005c05   Thumb Code   396  os_task.o(.text)
    OSTaskCreate                             0x08005d91   Thumb Code   148  os_task.o(.text)
    OS_TaskStkClr                            0x08005e25   Thumb Code    26  os_task.o(.text)
    OSTaskCreateExt                          0x08005e3f   Thumb Code   170  os_task.o(.text)
    OSTaskDel                                0x08005ee9   Thumb Code   352  os_task.o(.text)
    OSTaskDelReq                             0x08006049   Thumb Code   100  os_task.o(.text)
    OSTaskNameGet                            0x080060ad   Thumb Code   114  os_task.o(.text)
    OSTaskNameSet                            0x0800611f   Thumb Code    98  os_task.o(.text)
    OSTaskResume                             0x08006181   Thumb Code   154  os_task.o(.text)
    OSTaskStkChk                             0x0800621b   Thumb Code   128  os_task.o(.text)
    OSTaskSuspend                            0x0800629b   Thumb Code   152  os_task.o(.text)
    OSTaskQuery                              0x08006333   Thumb Code    82  os_task.o(.text)
    OSTaskRegGet                             0x08006385   Thumb Code    60  os_task.o(.text)
    OSTaskRegGetID                           0x080063c1   Thumb Code    58  os_task.o(.text)
    OSTaskRegSet                             0x080063fb   Thumb Code    62  os_task.o(.text)
    OS_TaskReturn                            0x08006439   Thumb Code    48  os_task.o(.text)
    OSTimeDly                                0x08006469   Thumb Code   100  os_time.o(.text)
    OSTimeDlyHMSM                            0x080064cd   Thumb Code    84  os_time.o(.text)
    OSTimeDlyResume                          0x08006521   Thumb Code   168  os_time.o(.text)
    OSTimeGet                                0x080065c9   Thumb Code    24  os_time.o(.text)
    OSTimeSet                                0x080065e1   Thumb Code    24  os_time.o(.text)
    OSDebugInit                              0x08006615   Thumb Code   118  os_dbg_r.o(.text)
    OSTmrCreate                              0x080067a3   Thumb Code   108  os_tmr.o(.text)
    OSTmrDel                                 0x08006887   Thumb Code   124  os_tmr.o(.text)
    OSTmrNameGet                             0x08006903   Thumb Code   114  os_tmr.o(.text)
    OSTmrRemainGet                           0x08006975   Thumb Code   164  os_tmr.o(.text)
    OSTmrStateGet                            0x08006a19   Thumb Code    86  os_tmr.o(.text)
    OSTmrStart                               0x08006ad3   Thumb Code   158  os_tmr.o(.text)
    OSTmrStop                                0x08006b71   Thumb Code   180  os_tmr.o(.text)
    OSTmrSignal                              0x08006c25   Thumb Code    16  os_tmr.o(.text)
    OSTmr_Init                               0x08006cd9   Thumb Code   172  os_tmr.o(.text)
    OS_CPU_SR_Save                           0x08006ded   Thumb Code     0  os_cpu_a.o(.text)
    OS_CPU_SR_Restore                        0x08006df5   Thumb Code     0  os_cpu_a.o(.text)
    OSStartHighRdy                           0x08006dfb   Thumb Code     0  os_cpu_a.o(.text)
    OSCtxSw                                  0x08006e23   Thumb Code     0  os_cpu_a.o(.text)
    OSIntCtxSw                               0x08006e2d   Thumb Code     0  os_cpu_a.o(.text)
    PendSV_Handler                           0x08006e37   Thumb Code     0  os_cpu_a.o(.text)
    ItDisAll                                 0x08006e79   Thumb Code     0  os_cpu_a.o(.text)
    OSInitHookBegin                          0x08006ea1   Thumb Code    30  os_cpu_c.o(.text)
    OSInitHookEnd                            0x08006ebf   Thumb Code     2  os_cpu_c.o(.text)
    OSTaskCreateHook                         0x08006ec1   Thumb Code     2  os_cpu_c.o(.text)
    OSTaskDelHook                            0x08006ec3   Thumb Code     2  os_cpu_c.o(.text)
    OSTaskIdleHook                           0x08006ec5   Thumb Code     2  os_cpu_c.o(.text)
    OSTaskReturnHook                         0x08006ec7   Thumb Code     2  os_cpu_c.o(.text)
    OSTaskStatHook                           0x08006ec9   Thumb Code     2  os_cpu_c.o(.text)
    OSTaskStkInit                            0x08006ecb   Thumb Code   154  os_cpu_c.o(.text)
    OSTaskSwHook                             0x08006f65   Thumb Code     2  os_cpu_c.o(.text)
    OSTCBInitHook                            0x08006f67   Thumb Code     2  os_cpu_c.o(.text)
    OSTimeTickHook                           0x08006f69   Thumb Code    32  os_cpu_c.o(.text)
    SysTick_Handler                          0x08006f89   Thumb Code    34  os_cpu_c.o(.text)
    OS_CPU_SysTickInit                       0x08006fab   Thumb Code    42  os_cpu_c.o(.text)
    close                                    0x08006fed   Thumb Code   142  socket.o(.text)
    socket                                   0x0800707b   Thumb Code   384  socket.o(.text)
    listen                                   0x080071fb   Thumb Code   158  socket.o(.text)
    connect                                  0x08007299   Thumb Code   342  socket.o(.text)
    disconnect                               0x080073ef   Thumb Code   202  socket.o(.text)
    send                                     0x080074b9   Thumb Code   374  socket.o(.text)
    recv                                     0x0800762f   Thumb Code   282  socket.o(.text)
    sendto                                   0x08007749   Thumb Code   530  socket.o(.text)
    recvfrom                                 0x0800795b   Thumb Code   768  socket.o(.text)
    ctlsocket                                0x08007c5b   Thumb Code   308  socket.o(.text)
    setsockopt                               0x08007d8f   Thumb Code   398  socket.o(.text)
    getsockopt                               0x08007f1d   Thumb Code   408  socket.o(.text)
    wizchip_cris_enter                       0x080080b9   Thumb Code     2  wizchip_conf.o(.text)
    wizchip_cris_exit                        0x080080bb   Thumb Code     2  wizchip_conf.o(.text)
    wizchip_cs_select                        0x080080bd   Thumb Code     2  wizchip_conf.o(.text)
    wizchip_cs_deselect                      0x080080bf   Thumb Code     2  wizchip_conf.o(.text)
    wizchip_bus_readdata                     0x080080c1   Thumb Code     6  wizchip_conf.o(.text)
    wizchip_bus_writedata                    0x080080c7   Thumb Code     4  wizchip_conf.o(.text)
    wizchip_spi_readbyte                     0x080080cb   Thumb Code     4  wizchip_conf.o(.text)
    wizchip_spi_writebyte                    0x080080cf   Thumb Code     2  wizchip_conf.o(.text)
    wizchip_spi_readburst                    0x080080d1   Thumb Code     2  wizchip_conf.o(.text)
    wizchip_spi_writeburst                   0x080080d3   Thumb Code     2  wizchip_conf.o(.text)
    reg_wizchip_cris_cbfunc                  0x080080d5   Thumb Code    30  wizchip_conf.o(.text)
    reg_wizchip_cs_cbfunc                    0x080080f3   Thumb Code    30  wizchip_conf.o(.text)
    reg_wizchip_bus_cbfunc                   0x08008111   Thumb Code    44  wizchip_conf.o(.text)
    reg_wizchip_spi_cbfunc                   0x0800813d   Thumb Code    44  wizchip_conf.o(.text)
    reg_wizchip_spiburst_cbfunc              0x08008169   Thumb Code    42  wizchip_conf.o(.text)
    wizphy_getphylink                        0x08008193   Thumb Code    24  wizchip_conf.o(.text)
    wizphy_getphypmode                       0x080081ab   Thumb Code    30  wizchip_conf.o(.text)
    wizphy_reset                             0x080081c9   Thumb Code    52  wizchip_conf.o(.text)
    wizphy_setphypmode                       0x080081fd   Thumb Code   100  wizchip_conf.o(.text)
    wizphy_getphyconf                        0x08008261   Thumb Code   120  wizchip_conf.o(.text)
    wizphy_setphyconf                        0x080082d9   Thumb Code    88  wizchip_conf.o(.text)
    wizchip_getinterruptmask                 0x08008331   Thumb Code    40  wizchip_conf.o(.text)
    wizchip_setinterruptmask                 0x08008359   Thumb Code    30  wizchip_conf.o(.text)
    wizchip_getinterrupt                     0x08008377   Thumb Code    42  wizchip_conf.o(.text)
    wizchip_clrinterrupt                     0x080083a1   Thumb Code    32  wizchip_conf.o(.text)
    wizchip_sw_reset                         0x080083c1   Thumb Code   114  wizchip_conf.o(.text)
    wizchip_init                             0x08008433   Thumb Code   150  wizchip_conf.o(.text)
    ctlwizchip                               0x080084c9   Thumb Code   276  wizchip_conf.o(.text)
    wizchip_gettimeout                       0x080085dd   Thumb Code    40  wizchip_conf.o(.text)
    wizchip_settimeout                       0x08008605   Thumb Code    38  wizchip_conf.o(.text)
    wizchip_getnetmode                       0x0800862b   Thumb Code    10  wizchip_conf.o(.text)
    wizchip_setnetmode                       0x08008635   Thumb Code    38  wizchip_conf.o(.text)
    wizchip_getnetinfo                       0x0800865b   Thumb Code    82  wizchip_conf.o(.text)
    wizchip_setnetinfo                       0x080086ad   Thumb Code    80  wizchip_conf.o(.text)
    ctlnetwork                               0x080086fd   Thumb Code    80  wizchip_conf.o(.text)
    wizphy_getphystat                        0x0800874d   Thumb Code    28  wizchip_conf.o(.text)
    WIZCHIP_READ                             0x08008775   Thumb Code   112  w5500.o(.text)
    WIZCHIP_WRITE                            0x080087e5   Thumb Code   112  w5500.o(.text)
    WIZCHIP_READ_BUF                         0x08008855   Thumb Code   136  w5500.o(.text)
    WIZCHIP_WRITE_BUF                        0x080088dd   Thumb Code   132  w5500.o(.text)
    getSn_TX_FSR                             0x08008961   Thumb Code   108  w5500.o(.text)
    getSn_RX_RSR                             0x080089cd   Thumb Code   108  w5500.o(.text)
    wiz_send_data                            0x08008a39   Thumb Code   132  w5500.o(.text)
    wiz_recv_data                            0x08008abd   Thumb Code   132  w5500.o(.text)
    wiz_recv_ignore                          0x08008b41   Thumb Code   110  w5500.o(.text)
    EE_ReadVariable                          0x08008c97   Thumb Code    92  eeprom_stm.o(.text)
    EE_Init                                  0x08008cf3   Thumb Code   488  eeprom_stm.o(.text)
    EE_WriteVariable                         0x08008fcf   Thumb Code    36  eeprom_stm.o(.text)
    Display_Net_Conf                         0x08009013   Thumb Code   188  w5500init.o(.text)
    Net_Conf                                 0x080090cf   Thumb Code    28  w5500init.o(.text)
    w5500_lib_init                           0x080090eb   Thumb Code   184  w5500init.o(.text)
    PHYStatus_Check                          0x080091a3   Thumb Code    46  w5500init.o(.text)
    checklink                                0x080091d1   Thumb Code    24  w5500init.o(.text)
    SNTP_init                                0x08009331   Thumb Code    98  sntp.o(.text)
    SNTP_run                                 0x08009393   Thumb Code   184  sntp.o(.text)
    get16                                    0x08009525   Thumb Code    16  dns.o(.text)
    put16                                    0x08009535   Thumb Code    12  dns.o(.text)
    parse_name                               0x08009541   Thumb Code   150  dns.o(.text)
    dns_question                             0x080095d7   Thumb Code    42  dns.o(.text)
    dns_answer                               0x08009601   Thumb Code   256  dns.o(.text)
    parseDNSMSG                              0x08009701   Thumb Code   254  dns.o(.text)
    dns_makequery                            0x080097ff   Thumb Code   220  dns.o(.text)
    check_DNS_timeout                        0x080098db   Thumb Code    50  dns.o(.text)
    DNS_init                                 0x0800990d   Thumb Code    18  dns.o(.text)
    DNS_run                                  0x0800991f   Thumb Code   192  dns.o(.text)
    DNS_time_handler                         0x080099df   Thumb Code    12  dns.o(.text)
    wzn_event_handle                         0x08009a01   Thumb Code    92  ntpserver.o(.text)
    NTPUDP                                   0x08009a5d   Thumb Code   582  ntpserver.o(.text)
    ntpserverdefaultconfig                   0x08009ca3   Thumb Code    40  ntpserver.o(.text)
    EXTI3_IRQHandler                         0x08009ccb   Thumb Code    64  ntpserver.o(.text)
    getSNMPTimeTick                          0x08009dd5   Thumb Code     6  snmp.o(.text)
    currentUptime                            0x08009ddb   Thumb Code    30  snmp.o(.text)
    SNMP_time_handler                        0x08009df9   Thumb Code    12  snmp.o(.text)
    snmpd_init                               0x08009e05   Thumb Code    70  snmp.o(.text)
    insertRespLen                            0x08009e4b   Thumb Code    84  snmp.o(.text)
    getValue                                 0x08009e9f   Thumb Code    30  snmp.o(.text)
    setEntry                                 0x08009ebd   Thumb Code   274  snmp.o(.text)
    getEntry                                 0x08009fcf   Thumb Code   432  snmp.o(.text)
    parseLength                              0x0800a17f   Thumb Code   148  snmp.o(.text)
    parseTLV                                 0x0800a213   Thumb Code    78  snmp.o(.text)
    getOID                                   0x0800a261   Thumb Code    76  snmp.o(.text)
    findEntry                                0x0800a2ad   Thumb Code    74  snmp.o(.text)
    parseVarBind                             0x0800a2f7   Thumb Code   574  snmp.o(.text)
    parseSequence                            0x0800a535   Thumb Code   128  snmp.o(.text)
    parseSequenceOf                          0x0800a5b5   Thumb Code   172  snmp.o(.text)
    parseRequest                             0x0800a661   Thumb Code   386  snmp.o(.text)
    parseCommunity                           0x0800a7e3   Thumb Code   132  snmp.o(.text)
    parseVersion                             0x0800a867   Thumb Code   118  snmp.o(.text)
    parseSNMPMessage                         0x0800a8dd   Thumb Code   122  snmp.o(.text)
    snmpd_run                                0x0800a957   Thumb Code   234  snmp.o(.text)
    ipToByteArray                            0x0800aa41   Thumb Code   236  snmp.o(.text)
    makeTrapVariableBindings                 0x0800ab2d   Thumb Code   268  snmp.o(.text)
    snmp_sendTrap                            0x0800ac39   Thumb Code   466  snmp.o(.text)
    setMyValue                               0x0800ae21   Thumb Code    14  snmp_custom.o(.text)
    initTable                                0x0800ae2f   Thumb Code    12  snmp_custom.o(.text)
    get_LEDStatus_all                        0x0800ae3b   Thumb Code    82  snmp_custom.o(.text)
    Board_LED_Set                            0x0800ae8d   Thumb Code    14  snmp_custom.o(.text)
    set_LEDStatus_R                          0x0800ae9b   Thumb Code    34  snmp_custom.o(.text)
    initial_Trap                             0x0800aebd   Thumb Code    54  snmp_custom.o(.text)
    get_S2E_Packet_pointer                   0x0800af69   Thumb Code     4  configdata.o(.text)
    set_S2E_Packet_to_factory_value          0x0800af6d   Thumb Code   224  configdata.o(.text)
    load_S2E_Packet_from_storage             0x0800b04d   Thumb Code    26  configdata.o(.text)
    save_S2E_Packet_to_storage               0x0800b067   Thumb Code     2  configdata.o(.text)
    get_S2E_Packet_value                     0x0800b069   Thumb Code    20  configdata.o(.text)
    set_S2E_Packet_value                     0x0800b07d   Thumb Code    20  configdata.o(.text)
    set_S2E_Packet                           0x0800b091   Thumb Code    96  configdata.o(.text)
    get_S2E_Packet                           0x0800b0f1   Thumb Code    90  configdata.o(.text)
    display_Net_Info                         0x0800b14b   Thumb Code   148  configdata.o(.text)
    Mac_Conf                                 0x0800b1df   Thumb Code    24  configdata.o(.text)
    Net_Conf_                                0x0800b1f7   Thumb Code   110  configdata.o(.text)
    set_dhcp_mode                            0x0800b265   Thumb Code    16  configdata.o(.text)
    set_static_mode                          0x0800b275   Thumb Code    16  configdata.o(.text)
    set_mac                                  0x0800b285   Thumb Code    24  configdata.o(.text)
    unescape_http_url                        0x0800b387   Thumb Code    62  httpparser.o(.text)
    make_http_response_head                  0x0800b3c5   Thumb Code   182  httpparser.o(.text)
    find_http_uri_type                       0x0800b47b   Thumb Code  1234  httpparser.o(.text)
    parse_http_request                       0x0800b94d   Thumb Code   162  httpparser.o(.text)
    ATOI                                     0x0800ba09   Thumb Code    36  httpparser.o(.text)
    mid                                      0x0800ba2d   Thumb Code    68  httpparser.o(.text)
    get_http_param_value                     0x0800ba71   Thumb Code   182  httpparser.o(.text)
    get_http_uri_name                        0x0800bb27   Thumb Code    54  httpparser.o(.text)
    inet_addr_                               0x0800bb5d   Thumb Code    92  httpparser.o(.text)
    default_mcu_reset                        0x0800bc1d   Thumb Code     2  httpserver.o(.text)
    default_wdt_reset                        0x0800bc1f   Thumb Code     2  httpserver.o(.text)
    display_reg_webContent_list              0x0800bc21   Thumb Code   136  httpserver.o(.text)
    reg_httpServer_webContent                0x0800bca9   Thumb Code   124  httpserver.o(.text)
    httpServer_Sockinit                      0x0800bd25   Thumb Code    24  httpserver.o(.text)
    httpServer_init                          0x0800bd3d   Thumb Code    28  httpserver.o(.text)
    reg_httpServer_cbfunc                    0x0800bd59   Thumb Code    14  httpserver.o(.text)
    loadwebpages                             0x0800bd67   Thumb Code    84  httpserver.o(.text)
    read_userReg_webContent                  0x0800be13   Thumb Code    76  httpserver.o(.text)
    find_userReg_webContent                  0x0800c3ab   Thumb Code    78  httpserver.o(.text)
    httpServer_run                           0x0800c97d   Thumb Code  1248  httpserver.o(.text)
    httpServer_time_handler                  0x0800ce5d   Thumb Code    12  httpserver.o(.text)
    get_httpServer_timecount                 0x0800ce69   Thumb Code     6  httpserver.o(.text)
    make_json_ain                            0x0800cecd   Thumb Code    24  httputil.o(.text)
    make_json_dio                            0x0800cee5   Thumb Code    38  httputil.o(.text)
    make_json_netinfo                        0x0800cf0b   Thumb Code   162  httputil.o(.text)
    predefined_get_cgi_processor             0x0800cfad   Thumb Code   206  httputil.o(.text)
    set_diostate                             0x0800d07b   Thumb Code    76  httputil.o(.text)
    set_diodir                               0x0800d0c7   Thumb Code    74  httputil.o(.text)
    predefined_set_cgi_processor             0x0800d111   Thumb Code    98  httputil.o(.text)
    make_json_serial_data                    0x0800d173   Thumb Code    20  httputil.o(.text)
    http_get_cgi_handler                     0x0800d187   Thumb Code    70  httputil.o(.text)
    set_basic_config_setting                 0x0800d1cd   Thumb Code   146  httputil.o(.text)
    make_cgi_basic_config_response_page      0x0800d25f   Thumb Code    38  httputil.o(.text)
    saveip                                   0x0800d285   Thumb Code   458  httputil.o(.text)
    http_post_cgi_handler                    0x0800d44f   Thumb Code   104  httputil.o(.text)
    localtime                                0x0800d4c9   Thumb Code   138  localtime.o(.text)
    __aeabi_memcpy                           0x0800d55d   Thumb Code    36  memcpya.o(.text)
    __aeabi_memcpy4                          0x0800d55d   Thumb Code     0  memcpya.o(.text)
    __aeabi_memcpy8                          0x0800d55d   Thumb Code     0  memcpya.o(.text)
    __aeabi_memset                           0x0800d581   Thumb Code    14  memseta.o(.text)
    __aeabi_memset4                          0x0800d581   Thumb Code     0  memseta.o(.text)
    __aeabi_memset8                          0x0800d581   Thumb Code     0  memseta.o(.text)
    __aeabi_memclr                           0x0800d58f   Thumb Code     4  memseta.o(.text)
    __aeabi_memclr4                          0x0800d58f   Thumb Code     0  memseta.o(.text)
    __aeabi_memclr8                          0x0800d58f   Thumb Code     0  memseta.o(.text)
    _memset$wrapper                          0x0800d593   Thumb Code    18  memseta.o(.text)
    strcat                                   0x0800d5a5   Thumb Code    24  strcat.o(.text)
    strstr                                   0x0800d5bd   Thumb Code    36  strstr.o(.text)
    strncpy                                  0x0800d5e1   Thumb Code    24  strncpy.o(.text)
    strchr                                   0x0800d5f9   Thumb Code    20  strchr.o(.text)
    strlen                                   0x0800d60d   Thumb Code    14  strlen.o(.text)
    strcmp                                   0x0800d61b   Thumb Code    28  strcmp.o(.text)
    memcmp                                   0x0800d637   Thumb Code    26  memcmp.o(.text)
    strcpy                                   0x0800d651   Thumb Code    18  strcpy.o(.text)
    strtok                                   0x0800d665   Thumb Code    62  strtok.o(.text)
    __0sscanf                                0x0800d6a9   Thumb Code    48  __0sscanf.o(.text)
    _scanf_int                               0x0800d6e1   Thumb Code   332  _scanf_int.o(.text)
    __aeabi_dmul                             0x0800d82d   Thumb Code   228  dmul.o(.text)
    __aeabi_l2d                              0x0800d911   Thumb Code    40  dfltl.o(.text)
    __aeabi_d2uiz                            0x0800d939   Thumb Code    50  dfixui.o(.text)
    __aeabi_uldivmod                         0x0800d96b   Thumb Code    98  uldiv.o(.text)
    __aeabi_llsr                             0x0800d9cd   Thumb Code    32  llushr.o(.text)
    _ll_ushift_r                             0x0800d9cd   Thumb Code     0  llushr.o(.text)
    _chval                                   0x0800d9ed   Thumb Code    28  _chval.o(.text)
    __vfscanf_char                           0x0800da15   Thumb Code    20  scanf_char.o(.text)
    _sgetc                                   0x0800da31   Thumb Code    30  _sgetc.o(.text)
    _sbackspace                              0x0800da4f   Thumb Code    34  _sgetc.o(.text)
    __I$use$fp                               0x0800da71   Thumb Code     0  iusefp.o(.text)
    _double_round                            0x0800da71   Thumb Code    30  depilogue.o(.text)
    _double_epilogue                         0x0800da8f   Thumb Code   156  depilogue.o(.text)
    __scatterload                            0x0800db2d   Thumb Code    28  init.o(.text)
    __scatterload_rt2                        0x0800db2d   Thumb Code     0  init.o(.text)
    __aeabi_llsl                             0x0800db51   Thumb Code    30  llshl.o(.text)
    _ll_shift_l                              0x0800db51   Thumb Code     0  llshl.o(.text)
    isspace                                  0x0800db6f   Thumb Code    10  isspace_c.o(.text)
    __vfscanf                                0x0800db79   Thumb Code   808  _scanf.o(.text)
    __ctype_lookup                           0x0800dea5   Thumb Code    34  ctype_c.o(.text)
    __decompress                             0x0800decd   Thumb Code     0  __dczerorl2.o(.text)
    __decompress1                            0x0800decd   Thumb Code    86  __dczerorl2.o(.text)
    __0printf$8                              0x0800df25   Thumb Code    22  printf8.o(i.__0printf$8)
    __1printf$8                              0x0800df25   Thumb Code     0  printf8.o(i.__0printf$8)
    __2printf                                0x0800df25   Thumb Code     0  printf8.o(i.__0printf$8)
    __0sprintf$8                             0x0800df45   Thumb Code    34  printf8.o(i.__0sprintf$8)
    __1sprintf$8                             0x0800df45   Thumb Code     0  printf8.o(i.__0sprintf$8)
    __2sprintf                               0x0800df45   Thumb Code     0  printf8.o(i.__0sprintf$8)
    __scatterload_copy                       0x0800df6d   Thumb Code    14  handlers.o(i.__scatterload_copy)
    __scatterload_null                       0x0800df7b   Thumb Code     2  handlers.o(i.__scatterload_null)
    __scatterload_zeroinit                   0x0800df7d   Thumb Code    14  handlers.o(i.__scatterload_zeroinit)
    malloc                                   0x0800e3f9   Thumb Code    92  malloc.o(i.malloc)
    OSUnMapTbl                               0x0800e466   Data         256  os_core.o(.constdata)
    OSDebugEn                                0x0800e568   Data           2  os_dbg_r.o(.constdata)
    OSEndiannessTest                         0x0800e56c   Data           4  os_dbg_r.o(.constdata)
    OSEventEn                                0x0800e570   Data           2  os_dbg_r.o(.constdata)
    OSEventMax                               0x0800e572   Data           2  os_dbg_r.o(.constdata)
    OSEventNameEn                            0x0800e574   Data           2  os_dbg_r.o(.constdata)
    OSEventSize                              0x0800e576   Data           2  os_dbg_r.o(.constdata)
    OSEventTblSize                           0x0800e578   Data           2  os_dbg_r.o(.constdata)
    OSEventMultiEn                           0x0800e57a   Data           2  os_dbg_r.o(.constdata)
    OSFlagEn                                 0x0800e57c   Data           2  os_dbg_r.o(.constdata)
    OSFlagGrpSize                            0x0800e57e   Data           2  os_dbg_r.o(.constdata)
    OSFlagNodeSize                           0x0800e580   Data           2  os_dbg_r.o(.constdata)
    OSFlagWidth                              0x0800e582   Data           2  os_dbg_r.o(.constdata)
    OSFlagMax                                0x0800e584   Data           2  os_dbg_r.o(.constdata)
    OSFlagNameEn                             0x0800e586   Data           2  os_dbg_r.o(.constdata)
    OSLowestPrio                             0x0800e588   Data           2  os_dbg_r.o(.constdata)
    OSMboxEn                                 0x0800e58a   Data           2  os_dbg_r.o(.constdata)
    OSMemEn                                  0x0800e58c   Data           2  os_dbg_r.o(.constdata)
    OSMemMax                                 0x0800e58e   Data           2  os_dbg_r.o(.constdata)
    OSMemNameEn                              0x0800e590   Data           2  os_dbg_r.o(.constdata)
    OSMemSize                                0x0800e592   Data           2  os_dbg_r.o(.constdata)
    OSMemTblSize                             0x0800e594   Data           2  os_dbg_r.o(.constdata)
    OSMutexEn                                0x0800e596   Data           2  os_dbg_r.o(.constdata)
    OSPtrSize                                0x0800e598   Data           2  os_dbg_r.o(.constdata)
    OSQEn                                    0x0800e59a   Data           2  os_dbg_r.o(.constdata)
    OSQMax                                   0x0800e59c   Data           2  os_dbg_r.o(.constdata)
    OSQSize                                  0x0800e59e   Data           2  os_dbg_r.o(.constdata)
    OSRdyTblSize                             0x0800e5a0   Data           2  os_dbg_r.o(.constdata)
    OSSemEn                                  0x0800e5a2   Data           2  os_dbg_r.o(.constdata)
    OSStkWidth                               0x0800e5a4   Data           2  os_dbg_r.o(.constdata)
    OSTaskCreateEn                           0x0800e5a6   Data           2  os_dbg_r.o(.constdata)
    OSTaskCreateExtEn                        0x0800e5a8   Data           2  os_dbg_r.o(.constdata)
    OSTaskDelEn                              0x0800e5aa   Data           2  os_dbg_r.o(.constdata)
    OSTaskIdleStkSize                        0x0800e5ac   Data           2  os_dbg_r.o(.constdata)
    OSTaskProfileEn                          0x0800e5ae   Data           2  os_dbg_r.o(.constdata)
    OSTaskMax                                0x0800e5b0   Data           2  os_dbg_r.o(.constdata)
    OSTaskNameEn                             0x0800e5b2   Data           2  os_dbg_r.o(.constdata)
    OSTaskStatEn                             0x0800e5b4   Data           2  os_dbg_r.o(.constdata)
    OSTaskStatStkSize                        0x0800e5b6   Data           2  os_dbg_r.o(.constdata)
    OSTaskStatStkChkEn                       0x0800e5b8   Data           2  os_dbg_r.o(.constdata)
    OSTaskSwHookEn                           0x0800e5ba   Data           2  os_dbg_r.o(.constdata)
    OSTaskRegTblSize                         0x0800e5bc   Data           2  os_dbg_r.o(.constdata)
    OSTCBPrioTblMax                          0x0800e5be   Data           2  os_dbg_r.o(.constdata)
    OSTCBSize                                0x0800e5c0   Data           2  os_dbg_r.o(.constdata)
    OSTicksPerSec                            0x0800e5c2   Data           2  os_dbg_r.o(.constdata)
    OSTimeTickHookEn                         0x0800e5c4   Data           2  os_dbg_r.o(.constdata)
    OSVersionNbr                             0x0800e5c6   Data           2  os_dbg_r.o(.constdata)
    OSTmrEn                                  0x0800e5c8   Data           2  os_dbg_r.o(.constdata)
    OSTmrCfgMax                              0x0800e5ca   Data           2  os_dbg_r.o(.constdata)
    OSTmrCfgNameEn                           0x0800e5cc   Data           2  os_dbg_r.o(.constdata)
    OSTmrCfgWheelSize                        0x0800e5ce   Data           2  os_dbg_r.o(.constdata)
    OSTmrCfgTicksPerSec                      0x0800e5d0   Data           2  os_dbg_r.o(.constdata)
    OSTmrSize                                0x0800e5d2   Data           2  os_dbg_r.o(.constdata)
    OSTmrTblSize                             0x0800e5d4   Data           2  os_dbg_r.o(.constdata)
    OSTmrWheelSize                           0x0800e5d6   Data           2  os_dbg_r.o(.constdata)
    OSTmrWheelTblSize                        0x0800e5d8   Data           2  os_dbg_r.o(.constdata)
    OSDataSize                               0x0800e5da   Data           2  os_dbg_r.o(.constdata)
    maxData                                  0x0800e5ec   Data           4  snmp_custom.o(.constdata)
    __ctype_categories                       0x0800e763   Data          64  ctype_c.o(.constdata)
    Region$$Table$$Base                      0x0800ffd0   Number         0  anon$$obj.o(Region$$Table)
    Region$$Table$$Limit                     0x0800fff0   Number         0  anon$$obj.o(Region$$Table)
    timenow                                  0x20000000   Data           4  main.o(.data)
    SystemCoreClock                          0x20000004   Data           4  system_stm32f10x.o(.data)
    AHBPrescTable                            0x20000008   Data          16  system_stm32f10x.o(.data)
    TimeIsSet                                0x20000018   Data           1  myapp2.o(.data)
    result                                   0x2000001c   Data           8  myapp2.o(.data)
    Remote_Odr                               0x20000028   Data           4  remote.o(.data)
    Remote_Cnt                               0x2000002c   Data           1  remote.o(.data)
    Remote_Rdy                               0x2000002d   Data           1  remote.o(.data)
    timeinfo                                 0x20000030   Data           4  timerhandler.o(.data)
    Timer                                    0x20000034   Data           4  timerhandler.o(.data)
    snmp_tick_1ms                            0x20000038   Data           4  timerhandler.o(.data)
    msec_cnt                                 0x2000003c   Data           2  timerhandler.o(.data)
    sec_cnt                                  0x2000003e   Data           1  timerhandler.o(.data)
    phystatus_check_cnt                      0x20000040   Data           2  timerhandler.o(.data)
    u1out                                    0x20000048   Data           2  usart.o(.data)
    __stdout                                 0x2000004c   Data           4  usart.o(.data)
    USART_RX_STA                             0x20000050   Data           1  usart.o(.data)
    USART1_index                             0x20000051   Data           1  usart.o(.data)
    OSCtxSwCtr                               0x20000068   Data           4  os_core.o(.data)
    OSEventFreeList                          0x2000006c   Data           4  os_core.o(.data)
    OSFlagFreeList                           0x20000070   Data           4  os_core.o(.data)
    OSCPUUsage                               0x20000074   Data           1  os_core.o(.data)
    OSIdleCtrMax                             0x20000078   Data           4  os_core.o(.data)
    OSIdleCtrRun                             0x2000007c   Data           4  os_core.o(.data)
    OSStatRdy                                0x20000080   Data           1  os_core.o(.data)
    OSIntNesting                             0x20000081   Data           1  os_core.o(.data)
    OSLockNesting                            0x20000082   Data           1  os_core.o(.data)
    OSPrioCur                                0x20000083   Data           1  os_core.o(.data)
    OSPrioHighRdy                            0x20000084   Data           1  os_core.o(.data)
    OSRdyGrp                                 0x20000085   Data           1  os_core.o(.data)
    OSRdyTbl                                 0x20000086   Data           8  os_core.o(.data)
    OSRunning                                0x2000008e   Data           1  os_core.o(.data)
    OSTaskCtr                                0x2000008f   Data           1  os_core.o(.data)
    OSIdleCtr                                0x20000090   Data           4  os_core.o(.data)
    OSTCBCur                                 0x20000094   Data           4  os_core.o(.data)
    OSTCBFreeList                            0x20000098   Data           4  os_core.o(.data)
    OSTCBHighRdy                             0x2000009c   Data           4  os_core.o(.data)
    OSTCBList                                0x200000a0   Data           4  os_core.o(.data)
    OSTickStepState                          0x200000a4   Data           1  os_core.o(.data)
    OSMemFreeList                            0x200000a8   Data           4  os_core.o(.data)
    OSQFreeList                              0x200000ac   Data           4  os_core.o(.data)
    OSTaskRegNextAvailID                     0x200000b0   Data           1  os_core.o(.data)
    OSTime                                   0x200000b4   Data           4  os_core.o(.data)
    OSTmrFree                                0x200000b8   Data           2  os_core.o(.data)
    OSTmrUsed                                0x200000ba   Data           2  os_core.o(.data)
    OSTmrTime                                0x200000bc   Data           4  os_core.o(.data)
    OSTmrSem                                 0x200000c0   Data           4  os_core.o(.data)
    OSTmrSemSignal                           0x200000c4   Data           4  os_core.o(.data)
    OSTmrFreeList                            0x200000c8   Data           4  os_core.o(.data)
    OS_CPU_ExceptStkBase                     0x200000cc   Data           4  os_cpu_c.o(.data)
    sock_pack_info                           0x200000d8   Data           8  socket.o(.data)
    WIZCHIP                                  0x200000e0   Data          44  wizchip_conf.o(.data)
    DataVar                                  0x20000112   Data           2  eeprom_stm.o(.data)
    VirtAddVarTab                            0x20000114   Data           6  eeprom_stm.o(.data)
    gWIZNETINFO                              0x2000011a   Data          23  w5500init.o(.data)
    DNS_2nd                                  0x20000131   Data           4  w5500init.o(.data)
    Domain_ntpTimeServer                     0x20000135   Data          20  sntp.o(.data)
    ntpTimeServer_ip                         0x20000149   Data           4  sntp.o(.data)
    pDNSMSG                                  0x20000150   Data           4  dns.o(.data)
    DNS_SOCKET                               0x20000154   Data           1  dns.o(.data)
    DNS_MSGID                                0x20000156   Data           2  dns.o(.data)
    dns_1s_tick                              0x20000158   Data           4  dns.o(.data)
    unixTime_last_sync                       0x20000160   Data           4  ntpserver.o(.data)
    micros_recv                              0x20000164   Data           4  ntpserver.o(.data)
    micros_offset                            0x20000168   Data           4  ntpserver.o(.data)
    transmitTime                             0x2000016c   Data           4  ntpserver.o(.data)
    micros_transmit                          0x20000170   Data           4  ntpserver.o(.data)
    recvTime                                 0x20000174   Data           4  ntpserver.o(.data)
    managerIP                                0x20000178   Data           4  snmp.o(.data)
    agentIP                                  0x2000017c   Data           4  snmp.o(.data)
    errorStatus                              0x20000186   Data           1  snmp.o(.data)
    errorIndex                               0x20000187   Data           1  snmp.o(.data)
    snmpData                                 0x20000188   Data        1232  snmp_custom.o(.data)
    pHTTP_TX                                 0x20000670   Data           4  httpserver.o(.data)
    pHTTP_RX                                 0x20000674   Data           4  httpserver.o(.data)
    httpServer_tick_1s                       0x20000678   Data           4  httpserver.o(.data)
    HTTPServer_ReStart                       0x2000067c   Data           4  httpserver.o(.data)
    HTTPServer_WDT_Reset                     0x20000680   Data           4  httpserver.o(.data)
    socknumlist                              0x20000684   Data           3  httpserver.o(.data)
    new_device_ip                            0x20000687   Data           4  httputil.o(.data)
    __microlib_freelist                      0x20000690   Data           4  mvars.o(.data)
    __microlib_freelist_initialised          0x20000694   Data           4  mvars.o(.data)
    TaskStartStk                             0x20000698   Data         256  myapp2.o(.bss)
    NTPServerStk                             0x20000798   Data         320  myapp2.o(.bss)
    SNMPStk                                  0x200008d8   Data         800  myapp2.o(.bss)
    KeepTimeStk                              0x20000bf8   Data         160  myapp2.o(.bss)
    CheckLinkStk                             0x20000c98   Data         192  myapp2.o(.bss)
    GetSNTPStk                               0x20000d58   Data         288  myapp2.o(.bss)
    Pen_Point                                0x20000e78   Data          28  touch.o(.bss)
    USART_RX_BUF                             0x20000e94   Data          64  usart.o(.bss)
    USART1_rx_data_buff                      0x20000ed4   Data          25  usart.o(.bss)
    OSEventTbl                               0x20000ef0   Data         240  os_core.o(.bss)
    OSFlagTbl                                0x20000fe0   Data          80  os_core.o(.bss)
    OSTaskStatStk                            0x20001030   Data         512  os_core.o(.bss)
    OSTaskIdleStk                            0x20001230   Data         512  os_core.o(.bss)
    OSTCBPrioTbl                             0x20001430   Data         256  os_core.o(.bss)
    OSTCBTbl                                 0x20001530   Data        1936  os_core.o(.bss)
    OSMemTbl                                 0x20001cc0   Data         120  os_core.o(.bss)
    OSQTbl                                   0x20001d38   Data          96  os_core.o(.bss)
    OSTmrTbl                                 0x20001d98   Data         640  os_core.o(.bss)
    OSTmrTaskStk                             0x20002018   Data         512  os_core.o(.bss)
    OSTmrWheelTbl                            0x20002218   Data          64  os_core.o(.bss)
    OS_CPU_ExceptStk                         0x20002258   Data         512  os_cpu_c.o(.bss)
    ntpTimeServer_buf                        0x20002468   Data         200  sntp.o(.bss)
    ntpmessage                               0x20002530   Data          48  sntp.o(.bss)
    serverPacket                             0x20002560   Data          48  ntpserver.o(.bss)
    clientPacket                             0x20002590   Data          56  ntpserver.o(.bss)
    request_msg                              0x200025c8   Data         520  snmp.o(.bss)
    response_msg                             0x200027d0   Data         520  snmp.o(.bss)
    packet_trap                              0x200029d8   Data         512  snmp.o(.bss)
    BUFPUB                                   0x20002c5d   Data         256  httpparser.o(.bss)
    HTTPSock_Status                          0x20002d60   Data        1184  httpserver.o(.bss)
    web_content                              0x20003200   Data         240  httpserver.o(.bss)
    RX_BUF                                   0x200032f0   Data        2048  httpserver.o(.bss)
    TX_BUF                                   0x20003af0   Data        2048  httpserver.o(.bss)
    __heap_base                              0x20004320   Data           0  startup_stm32f10x_md.o(HEAP)
    __heap_limit                             0x20004520   Data           0  startup_stm32f10x_md.o(HEAP)
    __initial_sp                             0x20004920   Data           0  startup_stm32f10x_md.o(STACK)



==============================================================================

Memory Map of the image

  Image Entry point : 0x080000ed

  Load Region LR_IROM1 (Base: 0x08000000, Size: 0x00010688, Max: 0x00010000, ABSOLUTE, COMPRESSED[0x00010184])

    Execution Region ER_IROM1 (Exec base: 0x08000000, Load base: 0x08000000, Size: 0x0000fff0, Max: 0x00010000, ABSOLUTE)

    Exec Addr    Load Addr    Size         Type   Attr      Idx    E Section Name        Object

    0x08000000   0x08000000   0x000000ec   Data   RO          688    RESET               startup_stm32f10x_md.o
    0x080000ec   0x080000ec   0x00000000   Code   RO         1559  * .ARM.Collect$$$$00000000  mc_w.l(entry.o)
    0x080000ec   0x080000ec   0x00000004   Code   RO         1917    .ARM.Collect$$$$00000001  mc_w.l(entry2.o)
    0x080000f0   0x080000f0   0x00000004   Code   RO         1920    .ARM.Collect$$$$00000004  mc_w.l(entry5.o)
    0x080000f4   0x080000f4   0x00000000   Code   RO         1922    .ARM.Collect$$$$00000008  mc_w.l(entry7b.o)
    0x080000f4   0x080000f4   0x00000000   Code   RO         1924    .ARM.Collect$$$$0000000A  mc_w.l(entry8b.o)
    0x080000f4   0x080000f4   0x00000008   Code   RO         1925    .ARM.Collect$$$$0000000B  mc_w.l(entry9a.o)
    0x080000fc   0x080000fc   0x00000000   Code   RO         1927    .ARM.Collect$$$$0000000D  mc_w.l(entry10a.o)
    0x080000fc   0x080000fc   0x00000000   Code   RO         1929    .ARM.Collect$$$$0000000F  mc_w.l(entry11a.o)
    0x080000fc   0x080000fc   0x00000004   Code   RO         1918    .ARM.Collect$$$$00002712  mc_w.l(entry2.o)
    0x08000100   0x08000100   0x00000098   Code   RO            1    .text               main.o
    0x08000198   0x08000198   0x00000016   Code   RO          197    .text               stm32f10x_it.o
    0x080001ae   0x080001ae   0x00000002   PAD
    0x080001b0   0x080001b0   0x000001e0   Code   RO          212    .text               system_stm32f10x.o
    0x08000390   0x08000390   0x00000430   Code   RO          230    .text               myapp2.o
    0x080007c0   0x080007c0   0x00000058   Code   RO          294    .text               led.o
    0x08000818   0x08000818   0x000000a4   Code   RO          306    .text               key.o
    0x080008bc   0x080008bc   0x000000b0   Code   RO          319    .text               wdg.o
    0x0800096c   0x0800096c   0x00000098   Code   RO          358    .text               timer.o
    0x08000a04   0x08000a04   0x00000108   Code   RO          423    .text               wkup.o
    0x08000b0c   0x08000b0c   0x00000220   Code   RO          498    .text               spi.o
    0x08000d2c   0x08000d2c   0x00000180   Code   RO          574    .text               remote.o
    0x08000eac   0x08000eac   0x000000f4   Code   RO          596    .text               gpio.o
    0x08000fa0   0x08000fa0   0x00000164   Code   RO          608    .text               timerhandler.o
    0x08001104   0x08001104   0x000000e0   Code   RO          638    .text               delay.o
    0x080011e4   0x080011e4   0x00000178   Code   RO          652    .text               usart.o
    0x0800135c   0x0800135c   0x00000024   Code   RO          689    .text               startup_stm32f10x_md.o
    0x08001380   0x08001380   0x000000dc   Code   RO          693    .text               misc.o
    0x0800145c   0x0800145c   0x00000254   Code   RO          789    .text               stm32f10x_dma.o
    0x080016b0   0x080016b0   0x0000011c   Code   RO          801    .text               stm32f10x_exti.o
    0x080017cc   0x080017cc   0x000005bc   Code   RO          813    .text               stm32f10x_flash.o
    0x08001d88   0x08001d88   0x0000035c   Code   RO          837    .text               stm32f10x_gpio.o
    0x080020e4   0x080020e4   0x00000040   Code   RO          861    .text               stm32f10x_iwdg.o
    0x08002124   0x08002124   0x000000cc   Code   RO          873    .text               stm32f10x_pwr.o
    0x080021f0   0x080021f0   0x000003a4   Code   RO          885    .text               stm32f10x_rcc.o
    0x08002594   0x08002594   0x0000030c   Code   RO          923    .text               stm32f10x_spi.o
    0x080028a0   0x080028a0   0x00000e1a   Code   RO          935    .text               stm32f10x_tim.o
    0x080036ba   0x080036ba   0x00000002   PAD
    0x080036bc   0x080036bc   0x00000408   Code   RO          947    .text               stm32f10x_usart.o
    0x08003ac4   0x08003ac4   0x00000088   Code   RO          959    .text               stm32f10x_wwdg.o
    0x08003b4c   0x08003b4c   0x00000d14   Code   RO         1085    .text               os_core.o
    0x08004860   0x08004860   0x0000081c   Code   RO         1105    .text               os_flag.o
    0x0800507c   0x0800507c   0x000001e4   Code   RO         1129    .text               os_mem.o
    0x08005260   0x08005260   0x00000600   Code   RO         1153    .text               os_q.o
    0x08005860   0x08005860   0x000003a4   Code   RO         1165    .text               os_sem.o
    0x08005c04   0x08005c04   0x00000864   Code   RO         1177    .text               os_task.o
    0x08006468   0x08006468   0x000001ac   Code   RO         1189    .text               os_time.o
    0x08006614   0x08006614   0x0000015c   Code   RO         1201    .text               os_dbg_r.o
    0x08006770   0x08006770   0x0000067c   Code   RO         1216    .text               os_tmr.o
    0x08006dec   0x08006dec   0x000000b4   Code   RO         1228    .text               os_cpu_a.o
    0x08006ea0   0x08006ea0   0x0000014c   Code   RO         1231    .text               os_cpu_c.o
    0x08006fec   0x08006fec   0x000010cc   Code   RO         1254    .text               socket.o
    0x080080b8   0x080080b8   0x000006bc   Code   RO         1270    .text               wizchip_conf.o
    0x08008774   0x08008774   0x0000043a   Code   RO         1291    .text               w5500.o
    0x08008bae   0x08008bae   0x00000002   PAD
    0x08008bb0   0x08008bb0   0x00000442   Code   RO         1306    .text               eeprom_stm.o
    0x08008ff2   0x08008ff2   0x00000002   PAD
    0x08008ff4   0x08008ff4   0x0000033c   Code   RO         1324    .text               w5500init.o
    0x08009330   0x08009330   0x000001f4   Code   RO         1344    .text               sntp.o
    0x08009524   0x08009524   0x000004dc   Code   RO         1365    .text               dns.o
    0x08009a00   0x08009a00   0x000003d4   Code   RO         1383    .text               ntpserver.o
    0x08009dd4   0x08009dd4   0x0000104c   Code   RO         1403    .text               snmp.o
    0x0800ae20   0x0800ae20   0x00000148   Code   RO         1434    .text               snmp_custom.o
    0x0800af68   0x0800af68   0x000003e8   Code   RO         1453    .text               configdata.o
    0x0800b350   0x0800b350   0x000008cc   Code   RO         1470    .text               httpparser.o
    0x0800bc1c   0x0800bc1c   0x000012b0   Code   RO         1490    .text               httpserver.o
    0x0800cecc   0x0800cecc   0x000005fc   Code   RO         1524    .text               httputil.o
    0x0800d4c8   0x0800d4c8   0x00000094   Code   RO         1562    .text               mc_w.l(localtime.o)
    0x0800d55c   0x0800d55c   0x00000024   Code   RO         1566    .text               mc_w.l(memcpya.o)
    0x0800d580   0x0800d580   0x00000024   Code   RO         1568    .text               mc_w.l(memseta.o)
    0x0800d5a4   0x0800d5a4   0x00000018   Code   RO         1570    .text               mc_w.l(strcat.o)
    0x0800d5bc   0x0800d5bc   0x00000024   Code   RO         1572    .text               mc_w.l(strstr.o)
    0x0800d5e0   0x0800d5e0   0x00000018   Code   RO         1574    .text               mc_w.l(strncpy.o)
    0x0800d5f8   0x0800d5f8   0x00000014   Code   RO         1576    .text               mc_w.l(strchr.o)
    0x0800d60c   0x0800d60c   0x0000000e   Code   RO         1578    .text               mc_w.l(strlen.o)
    0x0800d61a   0x0800d61a   0x0000001c   Code   RO         1580    .text               mc_w.l(strcmp.o)
    0x0800d636   0x0800d636   0x0000001a   Code   RO         1582    .text               mc_w.l(memcmp.o)
    0x0800d650   0x0800d650   0x00000012   Code   RO         1584    .text               mc_w.l(strcpy.o)
    0x0800d662   0x0800d662   0x00000002   PAD
    0x0800d664   0x0800d664   0x00000044   Code   RO         1586    .text               mc_w.l(strtok.o)
    0x0800d6a8   0x0800d6a8   0x00000038   Code   RO         1883    .text               mc_w.l(__0sscanf.o)
    0x0800d6e0   0x0800d6e0   0x0000014c   Code   RO         1885    .text               mc_w.l(_scanf_int.o)
    0x0800d82c   0x0800d82c   0x000000e4   Code   RO         1893    .text               mf_w.l(dmul.o)
    0x0800d910   0x0800d910   0x00000028   Code   RO         1901    .text               mf_w.l(dfltl.o)
    0x0800d938   0x0800d938   0x00000032   Code   RO         1907    .text               mf_w.l(dfixui.o)
    0x0800d96a   0x0800d96a   0x00000062   Code   RO         1933    .text               mc_w.l(uldiv.o)
    0x0800d9cc   0x0800d9cc   0x00000020   Code   RO         1935    .text               mc_w.l(llushr.o)
    0x0800d9ec   0x0800d9ec   0x0000001c   Code   RO         1946    .text               mc_w.l(_chval.o)
    0x0800da08   0x0800da08   0x00000028   Code   RO         1948    .text               mc_w.l(scanf_char.o)
    0x0800da30   0x0800da30   0x00000040   Code   RO         1950    .text               mc_w.l(_sgetc.o)
    0x0800da70   0x0800da70   0x00000000   Code   RO         1952    .text               mc_w.l(iusefp.o)
    0x0800da70   0x0800da70   0x000000ba   Code   RO         1955    .text               mf_w.l(depilogue.o)
    0x0800db2a   0x0800db2a   0x00000002   PAD
    0x0800db2c   0x0800db2c   0x00000024   Code   RO         1965    .text               mc_w.l(init.o)
    0x0800db50   0x0800db50   0x0000001e   Code   RO         1967    .text               mc_w.l(llshl.o)
    0x0800db6e   0x0800db6e   0x0000000a   Code   RO         1971    .text               mc_w.l(isspace_c.o)
    0x0800db78   0x0800db78   0x0000032c   Code   RO         1973    .text               mc_w.l(_scanf.o)
    0x0800dea4   0x0800dea4   0x00000028   Code   RO         1975    .text               mc_w.l(ctype_c.o)
    0x0800decc   0x0800decc   0x00000056   Code   RO         1986    .text               mc_w.l(__dczerorl2.o)
    0x0800df22   0x0800df22   0x00000002   PAD
    0x0800df24   0x0800df24   0x00000020   Code   RO         1801    i.__0printf$8       mc_w.l(printf8.o)
    0x0800df44   0x0800df44   0x00000028   Code   RO         1803    i.__0sprintf$8      mc_w.l(printf8.o)
    0x0800df6c   0x0800df6c   0x0000000e   Code   RO         1980    i.__scatterload_copy  mc_w.l(handlers.o)
    0x0800df7a   0x0800df7a   0x00000002   Code   RO         1981    i.__scatterload_null  mc_w.l(handlers.o)
    0x0800df7c   0x0800df7c   0x0000000e   Code   RO         1982    i.__scatterload_zeroinit  mc_w.l(handlers.o)
    0x0800df8a   0x0800df8a   0x00000002   PAD
    0x0800df8c   0x0800df8c   0x00000410   Code   RO         1808    i._printf_core      mc_w.l(printf8.o)
    0x0800e39c   0x0800e39c   0x00000024   Code   RO         1809    i._printf_post_padding  mc_w.l(printf8.o)
    0x0800e3c0   0x0800e3c0   0x0000002e   Code   RO         1810    i._printf_pre_padding  mc_w.l(printf8.o)
    0x0800e3ee   0x0800e3ee   0x0000000a   Code   RO         1812    i._sputc            mc_w.l(printf8.o)
    0x0800e3f8   0x0800e3f8   0x0000006c   Code   RO         1856    i.malloc            mc_w.l(malloc.o)
    0x0800e464   0x0800e464   0x00000002   Data   RO          499    .constdata          spi.o
    0x0800e466   0x0800e466   0x00000100   Data   RO         1087    .constdata          os_core.o
    0x0800e566   0x0800e566   0x00000002   PAD
    0x0800e568   0x0800e568   0x00000074   Data   RO         1202    .constdata          os_dbg_r.o
    0x0800e5dc   0x0800e5dc   0x00000010   Data   RO         1325    .constdata          w5500init.o
    0x0800e5ec   0x0800e5ec   0x0000005c   Data   RO         1435    .constdata          snmp_custom.o
    0x0800e648   0x0800e648   0x0000010f   Data   RO         1492    .constdata          httpserver.o
    0x0800e757   0x0800e757   0x0000000c   Data   RO         1564    .constdata          mc_w.l(localtime.o)
    0x0800e763   0x0800e763   0x00000040   Data   RO         1976    .constdata          mc_w.l(ctype_c.o)
    0x0800e7a3   0x0800e7a3   0x00000001   PAD
    0x0800e7a4   0x0800e7a4   0x000002bc   Data   RO         1473    .conststring        httpparser.o
    0x0800ea60   0x0800ea60   0x000012b9   Data   RO         1493    .conststring        httpserver.o
    0x0800fd19   0x0800fd19   0x00000003   PAD
    0x0800fd1c   0x0800fd1c   0x000002b4   Data   RO         1526    .conststring        httputil.o
    0x0800ffd0   0x0800ffd0   0x00000020   Data   RO         1978    Region$$Table       anon$$obj.o


    Execution Region RW_IRAM1 (Exec base: 0x20000000, Load base: 0x0800fff0, Size: 0x00004920, Max: 0x00005000, ABSOLUTE, COMPRESSED[0x00000194])

    Exec Addr    Load Addr    Size         Type   Attr      Idx    E Section Name        Object

    0x20000000   COMPRESSED   0x00000004   Data   RW            2    .data               main.o
    0x20000004   COMPRESSED   0x00000014   Data   RW          213    .data               system_stm32f10x.o
    0x20000018   COMPRESSED   0x0000000c   Data   RW          232    .data               myapp2.o
    0x20000024   COMPRESSED   0x00000001   Data   RW          307    .data               key.o
    0x20000025   COMPRESSED   0x00000003   PAD
    0x20000028   COMPRESSED   0x00000006   Data   RW          575    .data               remote.o
    0x2000002e   COMPRESSED   0x00000002   PAD
    0x20000030   COMPRESSED   0x00000012   Data   RW          609    .data               timerhandler.o
    0x20000042   COMPRESSED   0x00000004   Data   RW          639    .data               delay.o
    0x20000046   COMPRESSED   0x00000002   PAD
    0x20000048   COMPRESSED   0x0000000a   Data   RW          654    .data               usart.o
    0x20000052   COMPRESSED   0x00000014   Data   RW          886    .data               stm32f10x_rcc.o
    0x20000066   COMPRESSED   0x00000002   PAD
    0x20000068   COMPRESSED   0x00000064   Data   RW         1088    .data               os_core.o
    0x200000cc   COMPRESSED   0x00000006   Data   RW         1233    .data               os_cpu_c.o
    0x200000d2   COMPRESSED   0x0000000e   Data   RW         1256    .data               socket.o
    0x200000e0   COMPRESSED   0x00000031   Data   RW         1271    .data               wizchip_conf.o
    0x20000111   COMPRESSED   0x00000001   PAD
    0x20000112   COMPRESSED   0x00000008   Data   RW         1307    .data               eeprom_stm.o
    0x2000011a   COMPRESSED   0x0000001b   Data   RW         1326    .data               w5500init.o
    0x20000135   COMPRESSED   0x00000018   Data   RW         1347    .data               sntp.o
    0x2000014d   COMPRESSED   0x00000003   PAD
    0x20000150   COMPRESSED   0x0000000d   Data   RW         1366    .data               dns.o
    0x2000015d   COMPRESSED   0x00000003   PAD
    0x20000160   COMPRESSED   0x00000018   Data   RW         1385    .data               ntpserver.o
    0x20000178   COMPRESSED   0x00000010   Data   RW         1405    .data               snmp.o
    0x20000188   COMPRESSED   0x000004d0   Data   RW         1436    .data               snmp_custom.o
    0x20000658   COMPRESSED   0x0000002f   Data   RW         1494    .data               httpserver.o
    0x20000687   COMPRESSED   0x00000004   Data   RW         1527    .data               httputil.o
    0x2000068b   COMPRESSED   0x00000001   PAD
    0x2000068c   COMPRESSED   0x00000004   Data   RW         1587    .data               mc_w.l(strtok.o)
    0x20000690   COMPRESSED   0x00000004   Data   RW         1937    .data               mc_w.l(mvars.o)
    0x20000694   COMPRESSED   0x00000004   Data   RW         1938    .data               mc_w.l(mvars.o)
    0x20000698        -       0x000007e0   Zero   RW          231    .bss                myapp2.o
    0x20000e78        -       0x0000001c   Zero   RW          530    .bss                touch.o
    0x20000e94        -       0x00000059   Zero   RW          653    .bss                usart.o
    0x20000eed   COMPRESSED   0x00000003   PAD
    0x20000ef0        -       0x00001368   Zero   RW         1086    .bss                os_core.o
    0x20002258        -       0x00000200   Zero   RW         1232    .bss                os_cpu_c.o
    0x20002458        -       0x00000010   Zero   RW         1255    .bss                socket.o
    0x20002468        -       0x000000f8   Zero   RW         1345    .bss                sntp.o
    0x20002560        -       0x00000068   Zero   RW         1384    .bss                ntpserver.o
    0x200025c8        -       0x00000610   Zero   RW         1404    .bss                snmp.o
    0x20002bd8        -       0x00000085   Zero   RW         1454    .bss                configdata.o
    0x20002c5d        -       0x00000100   Zero   RW         1471    .bss                httpparser.o
    0x20002d5d   COMPRESSED   0x00000003   PAD
    0x20002d60        -       0x00001590   Zero   RW         1491    .bss                httpserver.o
    0x200042f0        -       0x0000002c   Zero   RW         1563    .bss                mc_w.l(localtime.o)
    0x2000431c   COMPRESSED   0x00000004   PAD
    0x20004320        -       0x00000200   Zero   RW          687    HEAP                startup_stm32f10x_md.o
    0x20004520        -       0x00000400   Zero   RW          686    STACK               startup_stm32f10x_md.o

