Component: ARM Compiler 5.06 update 6 (build 750) Tool: armlink [4d35ed]

==============================================================================

Section Cross References

    main.o(.text) refers to printf8.o(i.__0printf$8) for __2printf
    main.o(.text) refers to os_time.o(.text) for OSTimeDlyHMSM
    main.o(.text) refers to os_sem.o(.text) for OSSemPost
    main.o(.text) refers to w5500init.o(.text) for PHYStatus_Check
    main.o(.text) refers to os_cpu_a.o(.text) for OS_ENTER_CRITICAL
    main.o(.text) refers to os_task.o(.text) for OSTaskCreate
    main.o(.text) refers to system_stm32f10x.o(.text) for SystemInit
    main.o(.text) refers to delay.o(.text) for delay_init
    main.o(.text) refers to misc.o(.text) for NVIC_PriorityGroupConfig
    main.o(.text) refers to gpio.o(.text) for GPIO_config
    main.o(.text) refers to spi.o(.text) for SPI1_Init
    main.o(.text) refers to usart.o(.text) for uart_init
    main.o(.text) refers to led.o(.text) for LED_Init
    main.o(.text) refers to key.o(.text) for KEY_Init
    main.o(.text) refers to os_core.o(.text) for OSInit
    main.o(.text) refers to main.o(.data) for timenow
    main.o(.text) refers to main.o(.bss) for result
    system_stm32f10x.o(.text) refers to system_stm32f10x.o(.data) for SystemCoreClock
    led.o(.text) refers to stm32f10x_rcc.o(.text) for RCC_APB2PeriphClockCmd
    led.o(.text) refers to stm32f10x_gpio.o(.text) for GPIO_Init
    key.o(.text) refers to stm32f10x_gpio.o(.text) for GPIO_Init
    key.o(.text) refers to delay.o(.text) for delay_ms
    key.o(.text) refers to key.o(.data) for key_up
    wdg.o(.text) refers to stm32f10x_iwdg.o(.text) for IWDG_WriteAccessCmd
    wdg.o(.text) refers to misc.o(.text) for NVIC_Init
    wdg.o(.text) refers to stm32f10x_rcc.o(.text) for RCC_APB1PeriphClockCmd
    wdg.o(.text) refers to stm32f10x_wwdg.o(.text) for WWDG_SetPrescaler
    wdg.o(.text) refers to os_core.o(.text) for OSIntEnter
    timer.o(.text) refers to stm32f10x_rcc.o(.text) for RCC_APB1PeriphClockCmd
    timer.o(.text) refers to stm32f10x_tim.o(.text) for TIM_TimeBaseInit
    timer.o(.text) refers to misc.o(.text) for NVIC_Init
    timer.o(.text) refers to os_core.o(.text) for OSIntEnter
    pwm.o(.text) refers to stm32f10x_rcc.o(.text) for RCC_APB1PeriphClockCmd
    pwm.o(.text) refers to stm32f10x_gpio.o(.text) for GPIO_Init
    pwm.o(.text) refers to stm32f10x_tim.o(.text) for TIM_TimeBaseInit
    lcd.o(.text) refers to delay.o(.text) for delay_us
    lcd.o(.text) refers to lcd.o(i.LCD_SetCursor) for LCD_SetCursor
    lcd.o(.text) refers to lcd.o(.data) for DeviceCode
    lcd.o(.text) refers to stm32f10x_rcc.o(.text) for RCC_APB2PeriphClockCmd
    lcd.o(.text) refers to stm32f10x_gpio.o(.text) for GPIO_PinRemapConfig
    lcd.o(.text) refers to printf8.o(i.__0printf$8) for __2printf
    lcd.o(.text) refers to lcd.o(.constdata) for asc2_1206
    wkup.o(.text) refers to misc.o(.text) for NVIC_SystemLPConfig
    wkup.o(.text) refers to stm32f10x_rcc.o(.text) for RCC_APB1PeriphClockCmd
    wkup.o(.text) refers to stm32f10x_pwr.o(.text) for PWR_WakeUpPinCmd
    wkup.o(.text) refers to delay.o(.text) for delay_ms
    wkup.o(.text) refers to os_core.o(.text) for OSIntEnter
    wkup.o(.text) refers to stm32f10x_gpio.o(.text) for GPIO_Init
    wkup.o(.text) refers to stm32f10x_exti.o(.text) for EXTI_Init
    adc.o(.text) refers to stm32f10x_rcc.o(.text) for RCC_APB2PeriphClockCmd
    adc.o(.text) refers to stm32f10x_gpio.o(.text) for GPIO_Init
    adc.o(.text) refers to stm32f10x_adc.o(.text) for ADC_DeInit
    tsensor.o(.text) refers to stm32f10x_rcc.o(.text) for RCC_APB2PeriphClockCmd
    tsensor.o(.text) refers to stm32f10x_gpio.o(.text) for GPIO_Init
    tsensor.o(.text) refers to stm32f10x_adc.o(.text) for ADC_DeInit
    tsensor.o(.text) refers to delay.o(.text) for delay_ms
    myiic.o(.text) refers to stm32f10x_rcc.o(.text) for RCC_APB2PeriphClockCmd
    myiic.o(.text) refers to stm32f10x_gpio.o(.text) for GPIO_Init
    myiic.o(.text) refers to delay.o(.text) for delay_us
    24cxx.o(.text) refers to myiic.o(.text) for IIC_Init
    24cxx.o(.text) refers to delay.o(.text) for delay_ms
    spi.o(.text) refers to stm32f10x_spi.o(.text) for SPI_I2S_GetFlagStatus
    spi.o(.text) refers to stm32f10x_dma.o(.text) for DMA_DeInit
    spi.o(.text) refers to stm32f10x_rcc.o(.text) for RCC_APB2PeriphClockCmd
    spi.o(.text) refers to stm32f10x_gpio.o(.text) for GPIO_Init
    spi.o(.text) refers to spi.o(.constdata) for .constdata
    flash.o(.text) refers to spi.o(.text) for stm32_spi_rw
    flash.o(.text) refers to delay.o(.text) for delay_us
    flash.o(.text) refers to flash.o(.bss) for SPI_FLASH_BUF
    touch.o(.text) refers to delay.o(.text) for delay_us
    touch.o(.text) refers to lcd.o(.text) for LCD_DrawLine
    touch.o(.text) refers to fflti.o(.text) for __aeabi_i2f
    touch.o(.text) refers to ffltui.o(.text) for __aeabi_ui2f
    touch.o(.text) refers to fmul.o(.text) for __aeabi_fmul
[...]
    .text                                    0x0800119c   Section        0  stm32f10x_dma.o(.text)
    .text                                    0x080013f0   Section        0  stm32f10x_exti.o(.text)
    .text                                    0x0800150c   Section        0  stm32f10x_gpio.o(.text)
    .text                                    0x08001868   Section        0  stm32f10x_iwdg.o(.text)
    .text                                    0x080018a8   Section        0  stm32f10x_pwr.o(.text)
    .text                                    0x08001974   Section        0  stm32f10x_rcc.o(.text)
    .text                                    0x08001d18   Section        0  stm32f10x_spi.o(.text)
    .text                                    0x08002024   Section        0  stm32f10x_tim.o(.text)
    TI4_Config                               0x080024cb   Thumb Code   130  stm32f10x_tim.o(.text)
    TI3_Config                               0x0800255f   Thumb Code   122  stm32f10x_tim.o(.text)
    TI2_Config                               0x080025f3   Thumb Code   130  stm32f10x_tim.o(.text)
    TI1_Config                               0x08002687   Thumb Code   108  stm32f10x_tim.o(.text)
    .text                                    0x08002e40   Section        0  stm32f10x_usart.o(.text)
    .text                                    0x08003248   Section        0  stm32f10x_wwdg.o(.text)
    .text                                    0x080032d0   Section        0  os_core.o(.text)
    OS_SchedNew                              0x080033c5   Thumb Code    26  os_core.o(.text)
    OS_InitTaskStat                          0x08003825   Thumb Code    52  os_core.o(.text)
    OS_InitTaskIdle                          0x08003875   Thumb Code    52  os_core.o(.text)
    OS_InitEventList                         0x080038bb   Thumb Code    82  os_core.o(.text)
    OS_InitTCBList                           0x0800390d   Thumb Code   106  os_core.o(.text)
    OS_InitRdyList                           0x08003977   Thumb Code    44  os_core.o(.text)
    OS_InitMisc                              0x080039a3   Thumb Code    48  os_core.o(.text)
    .text                                    0x08003f78   Section        0  os_flag.o(.text)
    OS_FlagTaskRdy                           0x080040d3   Thumb Code    88  os_flag.o(.text)
    OS_FlagBlock                             0x08004273   Thumb Code   152  os_flag.o(.text)
    .text                                    0x08004714   Section        0  os_mem.o(.text)
    .text                                    0x080048c8   Section        0  os_q.o(.text)
    .text                                    0x08004e54   Section        0  os_sem.o(.text)
    .text                                    0x080051a8   Section        0  os_task.o(.text)
    .text                                    0x0800594c   Section        0  os_time.o(.text)
    .text                                    0x08005adc   Section        0  os_dbg_r.o(.text)
    .text                                    0x08005c38   Section        0  os_tmr.o(.text)
    OSTmr_Alloc                              0x08005c39   Thumb Code    50  os_tmr.o(.text)
    OSTmr_Free                               0x08005cd7   Thumb Code    58  os_tmr.o(.text)
    OSTmr_Unlink                             0x08005d11   Thumb Code    62  os_tmr.o(.text)
    OSTmr_Link                               0x08005f37   Thumb Code   100  os_tmr.o(.text)
    OSTmr_Task                               0x080060fd   Thumb Code   114  os_tmr.o(.text)
    OSTmr_InitTask                           0x0800616f   Thumb Code    50  os_tmr.o(.text)
    .text                                    0x080062b4   Section      220  os_cpu_a.o(.text)
    .text                                    0x08006390   Section        0  os_cpu_c.o(.text)
    .text                                    0x08006444   Section        0  wizchip_conf.o(.text)
    .text                                    0x08006b00   Section        0  w5500.o(.text)
    .text                                    0x08006f3c   Section        0  w5500init.o(.text)
    wizchip_select                           0x08006f3d   Thumb Code    12  w5500init.o(.text)
    wizchip_deselect                         0x08006f49   Thumb Code    18  w5500init.o(.text)
    .text                                    0x08007278   Section        0  localtime.o(.text)
    .text                                    0x0800730c   Section        0  memcpya.o(.text)
    .text                                    0x08007330   Section        0  uldiv.o(.text)
    .text                                    0x08007392   Section        0  llushr.o(.text)
    .text                                    0x080073b4   Section       36  init.o(.text)
    .text                                    0x080073d8   Section        0  llshl.o(.text)
    i.__0printf$8                            0x080073f8   Section        0  printf8.o(i.__0printf$8)
    i.__scatterload_copy                     0x08007418   Section       14  handlers.o(i.__scatterload_copy)
    i.__scatterload_null                     0x08007426   Section        2  handlers.o(i.__scatterload_null)
    i.__scatterload_zeroinit                 0x08007428   Section       14  handlers.o(i.__scatterload_zeroinit)
    i._printf_core                           0x08007438   Section        0  printf8.o(i._printf_core)
    _printf_core                             0x08007439   Thumb Code   996  printf8.o(i._printf_core)
    i._printf_post_padding                   0x08007848   Section        0  printf8.o(i._printf_post_padding)
    _printf_post_padding                     0x08007849   Thumb Code    36  printf8.o(i._printf_post_padding)
    i._printf_pre_padding                    0x0800786c   Section        0  printf8.o(i._printf_pre_padding)
    _printf_pre_padding                      0x0800786d   Thumb Code    46  printf8.o(i._printf_pre_padding)
    .constdata                               0x0800789c   Section        2  spi.o(.constdata)
    .constdata                               0x0800789e   Section      256  os_core.o(.constdata)
    .constdata                               0x080079a0   Section      116  os_dbg_r.o(.constdata)
    .constdata                               0x08007a14   Section       16  w5500init.o(.constdata)
    .constdata                               0x08007a24   Section       12  localtime.o(.constdata)
    monlen                                   0x08007a24   Data          12  localtime.o(.constdata)
    .data                                    0x20000000   Section        9  main.o(.data)
    .data                                    0x2000000c   Section       20  system_stm32f10x.o(.data)
    .data                                    0x20000020   Section        1  key.o(.data)
    key_up                                   0x20000020   Data           1  key.o(.data)
    .data                                    0x20000024   Section        6  remote.o(.data)
    .data                                    0x2000002c   Section       18  timerhandler.o(.data)
    .data                                    0x2000003e   Section        4  delay.o(.data)
    fac_us                                   0x2000003e   Data           1  delay.o(.data)
    fac_ms                                   0x20000040   Data           2  delay.o(.data)
    .data                                    0x20000044   Section        5  usart.o(.data)
    .data                                    0x20000049   Section       20  stm32f10x_rcc.o(.data)
    APBAHBPrescTable                         0x20000049   Data          16  stm32f10x_rcc.o(.data)
    ADCPrescTable                            0x20000059   Data           4  stm32f10x_rcc.o(.data)
    .data                                    0x20000060   Section      100  os_core.o(.data)
    .data                                    0x200000c4   Section        8  os_cpu_c.o(.data)
    .data                                    0x200000cc   Section       49  wizchip_conf.o(.data)
    _DNS_                                    0x200000f8   Data           4  wizchip_conf.o(.data)
    _DHCP_                                   0x200000fc   Data           1  wizchip_conf.o(.data)
    .data                                    0x200000fd   Section       27  w5500init.o(.data)
    .bss                                     0x20000118   Section     3340  main.o(.bss)
    .bss                                     0x20000e24   Section       28  touch.o(.bss)
    .bss                                     0x20000e40   Section       64  usart.o(.bss)
    .bss                                     0x20000e80   Section     4968  os_core.o(.bss)
    .bss                                     0x200021e8   Section       44  localtime.o(.bss)
    _tms                                     0x200021e8   Data          44  localtime.o(.bss)
    STACK                                    0x20002218   Section     1024  startup_stm32f10x_md.o(STACK)

    Global Symbols

    Symbol Name                              Value     Ov Type        Size  Object(Section)

    BuildAttributes$$THM_ISAv4$P$D$K$B$S$PE$A:L22UL41UL21$X:L11$S22US41US21$IEEE1$IW$USESV6$~STKCKD$USESV7$~SHL$OTIME$ROPI$IEEEJ$EBA8$MICROLIB$REQ8$PRES8$EABIv2 0x00000000   Number         0  anon$$obj.o ABSOLUTE
    __ARM_use_no_argv                        0x00000000   Number         0  main.o ABSOLUTE
    __use_no_errno                           0x00000000   Number         0  useno.o ABSOLUTE
    __use_no_exception_handling              0x00000000   Number         0  useno.o ABSOLUTE
    __use_no_fp                              0x00000000   Number         0  useno.o ABSOLUTE
    __use_no_heap                            0x00000000   Number         0  useno.o ABSOLUTE
    __use_no_heap_region                     0x00000000   Number         0  useno.o ABSOLUTE
    __use_no_semihosting                     0x00000000   Number         0  useno.o ABSOLUTE
    __use_no_semihosting_swi                 0x00000000   Number         0  useno.o ABSOLUTE
    __use_no_signal_handling                 0x00000000   Number         0  useno.o ABSOLUTE
    _printf_a                                0x00000000   Number         0  stubs.o ABSOLUTE
    _printf_c                                0x00000000   Number         0  stubs.o ABSOLUTE
    _printf_charcount                        0x00000000   Number         0  stubs.o ABSOLUTE
    _printf_d                                0x00000000   Number         0  stubs.o ABSOLUTE
    _printf_e                                0x00000000   Number         0  stubs.o ABSOLUTE
    _printf_f                                0x00000000   Number         0  stubs.o ABSOLUTE
    _printf_flags                            0x00000000   Number         0  stubs.o ABSOLUTE
    _printf_fp_dec                           0x00000000   Number         0  stubs.o ABSOLUTE
    _printf_fp_hex                           0x00000000   Number         0  stubs.o ABSOLUTE
    _printf_g                                0x00000000   Number         0  stubs.o ABSOLUTE
    _printf_i                                0x00000000   Number         0  stubs.o ABSOLUTE
    _printf_int_dec                          0x00000000   Number         0  stubs.o ABSOLUTE
    _printf_l                                0x00000000   Number         0  stubs.o ABSOLUTE
    _printf_lc                               0x00000000   Number         0  stubs.o ABSOLUTE
    _printf_ll                               0x00000000   Number         0  stubs.o ABSOLUTE
    _printf_lld                              0x00000000   Number         0  stubs.o ABSOLUTE
    _printf_lli                              0x00000000   Number         0  stubs.o ABSOLUTE
    _printf_llo                              0x00000000   Number         0  stubs.o ABSOLUTE
    _printf_llu                              0x00000000   Number         0  stubs.o ABSOLUTE
    _printf_llx                              0x00000000   Number         0  stubs.o ABSOLUTE
    _printf_longlong_dec                     0x00000000   Number         0  stubs.o ABSOLUTE
    _printf_longlong_hex                     0x00000000   Number         0  stubs.o ABSOLUTE
    _printf_longlong_oct                     0x00000000   Number         0  stubs.o ABSOLUTE
    _printf_ls                               0x00000000   Number         0  stubs.o ABSOLUTE
    _printf_mbtowc                           0x00000000   Number         0  stubs.o ABSOLUTE
    _printf_n                                0x00000000   Number         0  stubs.o ABSOLUTE
    _printf_o                                0x00000000   Number         0  stubs.o ABSOLUTE
    _printf_p                                0x00000000   Number         0  stubs.o ABSOLUTE
    _printf_percent                          0x00000000   Number         0  stubs.o ABSOLUTE
    _printf_pre_padding                      0x00000000   Number         0  stubs.o ABSOLUTE
    _printf_return_value                     0x00000000   Number         0  stubs.o ABSOLUTE
    _printf_s                                0x00000000   Number         0  stubs.o ABSOLUTE
    _printf_sizespec                         0x00000000   Number         0  stubs.o ABSOLUTE
    _printf_str                              0x00000000   Number         0  stubs.o ABSOLUTE
    _printf_truncate_signed                  0x00000000   Number         0  stubs.o ABSOLUTE
    _printf_truncate_unsigned                0x00000000   Number         0  stubs.o ABSOLUTE
    _printf_u                                0x00000000   Number         0  stubs.o ABSOLUTE
    _printf_wc                               0x00000000   Number         0  stubs.o ABSOLUTE
    _printf_wctomb                           0x00000000   Number         0  stubs.o ABSOLUTE
    _printf_widthprec                        0x00000000   Number         0  stubs.o ABSOLUTE
    _printf_x                                0x00000000   Number         0  stubs.o ABSOLUTE
    __cpp_initialize__aeabi_                  - Undefined Weak Reference
    __cxa_finalize                            - Undefined Weak Reference
    __decompress                              - Undefined Weak Reference
    _clock_init                               - Undefined Weak Reference
    _microlib_exit                            - Undefined Weak Reference
    __Vectors_Size                           0x000000ec   Number         0  startup_stm32f10x_md.o ABSOLUTE
    __Vectors                                0x08000000   Data           4  startup_stm32f10x_md.o(RESET)
    __Vectors_End                            0x080000ec   Data           0  startup_stm32f10x_md.o(RESET)
    __main                                   0x080000ed   Thumb Code     0  entry.o(.ARM.Collect$$$$00000000)
    _main_stk                                0x080000ed   Thumb Code     0  entry2.o(.ARM.Collect$$$$00000001)
    _main_scatterload                        0x080000f1   Thumb Code     0  entry5.o(.ARM.Collect$$$$00000004)
    __main_after_scatterload                 0x080000f5   Thumb Code     0  entry5.o(.ARM.Collect$$$$00000004)
    _main_clock                              0x080000f5   Thumb Code     0  entry7b.o(.ARM.Collect$$$$00000008)
    _main_cpp_init                           0x080000f5   Thumb Code     0  entry8b.o(.ARM.Collect$$$$0000000A)
    _main_init                               0x080000f5   Thumb Code     0  entry9a.o(.ARM.Collect$$$$0000000B)
    __rt_final_cpp                           0x080000fd   Thumb Code     0  entry10a.o(.ARM.Collect$$$$0000000D)
    __rt_final_exit                          0x080000fd   Thumb Code     0  entry11a.o(.ARM.Collect$$$$0000000F)
    Load_Drow_Dialog                         0x08000101   Thumb Code    10  main.o(.text)
    Load_Adjust_Panel                        0x0800010b   Thumb Code    10  main.o(.text)
    KeepTime                                 0x08000115   Thumb Code    26  main.o(.text)
    TaskKey                                  0x0800012f   Thumb Code    44  main.o(.text)
    TaskLCD                                  0x0800015b   Thumb Code    30  main.o(.text)
    TaskLed1                                 0x08000179   Thumb Code    26  main.o(.text)
    TaskLed                                  0x08000193   Thumb Code    36  main.o(.text)
    TaskStart                                0x080001b7   Thumb Code   128  main.o(.text)
    main                                     0x08000237   Thumb Code    92  main.o(.text)
    NMI_Handler                              0x08000365   Thumb Code     2  stm32f10x_it.o(.text)
    HardFault_Handler                        0x08000367   Thumb Code     4  stm32f10x_it.o(.text)
    MemManage_Handler                        0x0800036b   Thumb Code     4  stm32f10x_it.o(.text)
    BusFault_Handler                         0x0800036f   Thumb Code     4  stm32f10x_it.o(.text)
    UsageFault_Handler                       0x08000373   Thumb Code     4  stm32f10x_it.o(.text)
    SVC_Handler                              0x08000377   Thumb Code     2  stm32f10x_it.o(.text)
    DebugMon_Handler                         0x08000379   Thumb Code     2  stm32f10x_it.o(.text)
    SystemInit                               0x0800045b   Thumb Code    78  system_stm32f10x.o(.text)
    SystemCoreClockUpdate                    0x080004a9   Thumb Code   142  system_stm32f10x.o(.text)
    LED_Init                                 0x0800055d   Thumb Code    80  led.o(.text)
    KEY_Init                                 0x080005b5   Thumb Code    34  key.o(.text)
    KEY_Scan                                 0x080005d7   Thumb Code   116  key.o(.text)
    IWDG_Init                                0x08000659   Thumb Code    36  wdg.o(.text)
    IWDG_Feed                                0x0800067d   Thumb Code     8  wdg.o(.text)
    WWDG_NVIC_Init                           0x08000685   Thumb Code    28  wdg.o(.text)
    WWDG_Init                                0x080006a1   Thumb Code    48  wdg.o(.text)
    WWDG_Set_Counter                         0x080006d1   Thumb Code    12  wdg.o(.text)
    WWDG_IRQHandler                          0x080006dd   Thumb Code    38  wdg.o(.text)
    Timerx_Init                              0x08000709   Thumb Code    98  timer.o(.text)
    TIM3_IRQHandler                          0x0800076b   Thumb Code    46  timer.o(.text)
    Sys_Standby                              0x080007a1   Thumb Code    30  wkup.o(.text)
    Sys_Enter_Standby                        0x080007bf   Thumb Code    18  wkup.o(.text)
    Check_WKUP                               0x080007d1   Thumb Code    70  wkup.o(.text)
    EXTI0_IRQHandler                         0x08000817   Thumb Code    28  wkup.o(.text)
    WKUP_Init                                0x08000833   Thumb Code   106  wkup.o(.text)
    wizchip_write                            0x080008a9   Thumb Code    50  spi.o(.text)
    wizchip_read                             0x080008db   Thumb Code    48  spi.o(.text)
    stm32_spi_rw                             0x0800090b   Thumb Code    50  spi.o(.text)
    stm32_wizchip_dma_transfer               0x0800093d   Thumb Code   212  spi.o(.text)
    wizchip_readburst                        0x08000a11   Thumb Code    18  spi.o(.text)
    wizchip_writeburst                       0x08000a23   Thumb Code    18  spi.o(.text)
    SPI1_Init                                0x08000a35   Thumb Code   132  spi.o(.text)
    Remote_Init                              0x08000ac9   Thumb Code   102  remote.o(.text)
    Pulse_Width_Check                        0x08000b2f   Thumb Code    36  remote.o(.text)
    EXTI1_IRQHandler                         0x08000b53   Thumb Code   158  remote.o(.text)
    Remote_Process                           0x08000bf1   Thumb Code    58  remote.o(.text)
    GPIO_config                              0x08000c49   Thumb Code   240  gpio.o(.text)
    TIM2_IRQHandler                          0x08000d3d   Thumb Code    94  timerhandler.o(.text)
    Timer_Configuration                      0x08000d9b   Thumb Code    98  timerhandler.o(.text)
    get_fattime                              0x08000dfd   Thumb Code    76  timerhandler.o(.text)
    SysTick_Handler                          0x08000e69   Thumb Code    16  delay.o(.text)
    delay_init                               0x08000e79   Thumb Code    82  delay.o(.text)
    delay_us                                 0x08000ecb   Thumb Code    70  delay.o(.text)
    delay_ms                                 0x08000f11   Thumb Code    62  delay.o(.text)
    _sys_exit                                0x08000f5d   Thumb Code     6  usart.o(.text)
    fputc                                    0x08000f63   Thumb Code    24  usart.o(.text)
    uart_init                                0x08000f7b   Thumb Code   152  usart.o(.text)
    USART1_IRQHandler                        0x08001013   Thumb Code   122  usart.o(.text)
    Reset_Handler                            0x0800109d   Thumb Code     8  startup_stm32f10x_md.o(.text)
    ADC1_2_IRQHandler                        0x080010b7   Thumb Code     0  startup_stm32f10x_md.o(.text)
    CAN1_RX1_IRQHandler                      0x080010b7   Thumb Code     0  startup_stm32f10x_md.o(.text)
    CAN1_SCE_IRQHandler                      0x080010b7   Thumb Code     0  startup_stm32f10x_md.o(.text)
    DMA1_Channel1_IRQHandler                 0x080010b7   Thumb Code     0  startup_stm32f10x_md.o(.text)
    DMA1_Channel2_IRQHandler                 0x080010b7   Thumb Code     0  startup_stm32f10x_md.o(.text)
    DMA1_Channel3_IRQHandler                 0x080010b7   Thumb Code     0  startup_stm32f10x_md.o(.text)
    DMA1_Channel4_IRQHandler                 0x080010b7   Thumb Code     0  startup_stm32f10x_md.o(.text)
    DMA1_Channel5_IRQHandler                 0x080010b7   Thumb Code     0  startup_stm32f10x_md.o(.text)
    DMA1_Channel6_IRQHandler                 0x080010b7   Thumb Code     0  startup_stm32f10x_md.o(.text)
    DMA1_Channel7_IRQHandler                 0x080010b7   Thumb Code     0  startup_stm32f10x_md.o(.text)
    EXTI15_10_IRQHandler                     0x080010b7   Thumb Code     0  startup_stm32f10x_md.o(.text)
    EXTI2_IRQHandler                         0x080010b7   Thumb Code     0  startup_stm32f10x_md.o(.text)
    EXTI3_IRQHandler                         0x080010b7   Thumb Code     0  startup_stm32f10x_md.o(.text)
    EXTI4_IRQHandler                         0x080010b7   Thumb Code     0  startup_stm32f10x_md.o(.text)
    EXTI9_5_IRQHandler                       0x080010b7   Thumb Code     0  startup_stm32f10x_md.o(.text)
    FLASH_IRQHandler                         0x080010b7   Thumb Code     0  startup_stm32f10x_md.o(.text)
    I2C1_ER_IRQHandler                       0x080010b7   Thumb Code     0  startup_stm32f10x_md.o(.text)
    I2C1_EV_IRQHandler                       0x080010b7   Thumb Code     0  startup_stm32f10x_md.o(.text)
    I2C2_ER_IRQHandler                       0x080010b7   Thumb Code     0  startup_stm32f10x_md.o(.text)
    I2C2_EV_IRQHandler                       0x080010b7   Thumb Code     0  startup_stm32f10x_md.o(.text)
    PVD_IRQHandler                           0x080010b7   Thumb Code     0  startup_stm32f10x_md.o(.text)
    RCC_IRQHandler                           0x080010b7   Thumb Code     0  startup_stm32f10x_md.o(.text)
    RTCAlarm_IRQHandler                      0x080010b7   Thumb Code     0  startup_stm32f10x_md.o(.text)
    RTC_IRQHandler                           0x080010b7   Thumb Code     0  startup_stm32f10x_md.o(.text)
    SPI1_IRQHandler                          0x080010b7   Thumb Code     0  startup_stm32f10x_md.o(.text)
    SPI2_IRQHandler                          0x080010b7   Thumb Code     0  startup_stm32f10x_md.o(.text)
    TAMPER_IRQHandler                        0x080010b7   Thumb Code     0  startup_stm32f10x_md.o(.text)
    TIM1_BRK_IRQHandler                      0x080010b7   Thumb Code     0  startup_stm32f10x_md.o(.text)
    TIM1_CC_IRQHandler                       0x080010b7   Thumb Code     0  startup_stm32f10x_md.o(.text)
    TIM1_TRG_COM_IRQHandler                  0x080010b7   Thumb Code     0  startup_stm32f10x_md.o(.text)
    TIM1_UP_IRQHandler                       0x080010b7   Thumb Code     0  startup_stm32f10x_md.o(.text)
    TIM4_IRQHandler                          0x080010b7   Thumb Code     0  startup_stm32f10x_md.o(.text)
    USART2_IRQHandler                        0x080010b7   Thumb Code     0  startup_stm32f10x_md.o(.text)
    USART3_IRQHandler                        0x080010b7   Thumb Code     0  startup_stm32f10x_md.o(.text)
    USBWakeUp_IRQHandler                     0x080010b7   Thumb Code     0  startup_stm32f10x_md.o(.text)
    USB_HP_CAN1_TX_IRQHandler                0x080010b7   Thumb Code     0  startup_stm32f10x_md.o(.text)
    USB_LP_CAN1_RX0_IRQHandler               0x080010b7   Thumb Code     0  startup_stm32f10x_md.o(.text)
    NVIC_PriorityGroupConfig                 0x080010c1   Thumb Code    10  misc.o(.text)
    NVIC_Init                                0x080010cb   Thumb Code   100  misc.o(.text)
    NVIC_SetVectorTable                      0x0800112f   Thumb Code    14  misc.o(.text)
    NVIC_SystemLPConfig                      0x0800113d   Thumb Code    34  misc.o(.text)
    SysTick_CLKSourceConfig                  0x0800115f   Thumb Code    40  misc.o(.text)
    DMA_DeInit                               0x0800119d   Thumb Code   324  stm32f10x_dma.o(.text)
    DMA_Init                                 0x080012e1   Thumb Code    60  stm32f10x_dma.o(.text)
    DMA_StructInit                           0x0800131d   Thumb Code    26  stm32f10x_dma.o(.text)
    DMA_Cmd                                  0x08001337   Thumb Code    24  stm32f10x_dma.o(.text)
    DMA_ITConfig                             0x0800134f   Thumb Code    18  stm32f10x_dma.o(.text)
    DMA_SetCurrDataCounter                   0x08001361   Thumb Code     4  stm32f10x_dma.o(.text)
    DMA_GetCurrDataCounter                   0x08001365   Thumb Code     8  stm32f10x_dma.o(.text)
    DMA_GetFlagStatus                        0x0800136d   Thumb Code    40  stm32f10x_dma.o(.text)
    DMA_ClearFlag                            0x08001395   Thumb Code    22  stm32f10x_dma.o(.text)
    DMA_GetITStatus                          0x080013ab   Thumb Code    40  stm32f10x_dma.o(.text)
    DMA_ClearITPendingBit                    0x080013d3   Thumb Code    22  stm32f10x_dma.o(.text)
    EXTI_DeInit                              0x080013f1   Thumb Code    28  stm32f10x_exti.o(.text)
    EXTI_Init                                0x0800140d   Thumb Code   142  stm32f10x_exti.o(.text)
    EXTI_StructInit                          0x0800149b   Thumb Code    16  stm32f10x_exti.o(.text)
    EXTI_GenerateSWInterrupt                 0x080014ab   Thumb Code    16  stm32f10x_exti.o(.text)
    EXTI_GetFlagStatus                       0x080014bb   Thumb Code    22  stm32f10x_exti.o(.text)
    EXTI_ClearFlag                           0x080014d1   Thumb Code     8  stm32f10x_exti.o(.text)
    EXTI_GetITStatus                         0x080014d9   Thumb Code    34  stm32f10x_exti.o(.text)
    EXTI_ClearITPendingBit                   0x080014fb   Thumb Code     8  stm32f10x_exti.o(.text)
    GPIO_DeInit                              0x0800150d   Thumb Code   172  stm32f10x_gpio.o(.text)
    GPIO_AFIODeInit                          0x080015b9   Thumb Code    20  stm32f10x_gpio.o(.text)
    GPIO_Init                                0x080015cd   Thumb Code   278  stm32f10x_gpio.o(.text)
    GPIO_StructInit                          0x080016e3   Thumb Code    16  stm32f10x_gpio.o(.text)
    GPIO_ReadInputDataBit                    0x080016f3   Thumb Code    18  stm32f10x_gpio.o(.text)
    GPIO_ReadInputData                       0x08001705   Thumb Code     8  stm32f10x_gpio.o(.text)
    GPIO_ReadOutputDataBit                   0x0800170d   Thumb Code    18  stm32f10x_gpio.o(.text)
    GPIO_ReadOutputData                      0x0800171f   Thumb Code     8  stm32f10x_gpio.o(.text)
    GPIO_SetBits                             0x08001727   Thumb Code     4  stm32f10x_gpio.o(.text)
    GPIO_ResetBits                           0x0800172b   Thumb Code     4  stm32f10x_gpio.o(.text)
    GPIO_WriteBit                            0x0800172f   Thumb Code    10  stm32f10x_gpio.o(.text)
    GPIO_Write                               0x08001739   Thumb Code     4  stm32f10x_gpio.o(.text)
    GPIO_PinLockConfig                       0x0800173d   Thumb Code    18  stm32f10x_gpio.o(.text)
    GPIO_EventOutputConfig                   0x0800174f   Thumb Code    26  stm32f10x_gpio.o(.text)
    GPIO_EventOutputCmd                      0x08001769   Thumb Code     6  stm32f10x_gpio.o(.text)
    GPIO_PinRemapConfig                      0x0800176f   Thumb Code   138  stm32f10x_gpio.o(.text)
    GPIO_EXTILineConfig                      0x080017f9   Thumb Code    66  stm32f10x_gpio.o(.text)
    GPIO_ETH_MediaInterfaceConfig            0x0800183b   Thumb Code     8  stm32f10x_gpio.o(.text)
    IWDG_WriteAccessCmd                      0x08001869   Thumb Code     6  stm32f10x_iwdg.o(.text)
    IWDG_SetPrescaler                        0x0800186f   Thumb Code     6  stm32f10x_iwdg.o(.text)
    IWDG_SetReload                           0x08001875   Thumb Code     6  stm32f10x_iwdg.o(.text)
    IWDG_ReloadCounter                       0x0800187b   Thumb Code    10  stm32f10x_iwdg.o(.text)
    IWDG_Enable                              0x08001885   Thumb Code    10  stm32f10x_iwdg.o(.text)
    IWDG_GetFlagStatus                       0x0800188f   Thumb Code    20  stm32f10x_iwdg.o(.text)
    PWR_DeInit                               0x080018a9   Thumb Code    22  stm32f10x_pwr.o(.text)
    PWR_BackupAccessCmd                      0x080018bf   Thumb Code     6  stm32f10x_pwr.o(.text)
    PWR_PVDCmd                               0x080018c5   Thumb Code     6  stm32f10x_pwr.o(.text)
    PWR_PVDLevelConfig                       0x080018cb   Thumb Code    18  stm32f10x_pwr.o(.text)
    PWR_WakeUpPinCmd                         0x080018dd   Thumb Code     8  stm32f10x_pwr.o(.text)
    PWR_EnterSTOPMode                        0x080018e5   Thumb Code    54  stm32f10x_pwr.o(.text)
    PWR_EnterSTANDBYMode                     0x0800191b   Thumb Code    42  stm32f10x_pwr.o(.text)
    PWR_GetFlagStatus                        0x08001945   Thumb Code    20  stm32f10x_pwr.o(.text)
    PWR_ClearFlag                            0x08001959   Thumb Code    14  stm32f10x_pwr.o(.text)
    RCC_DeInit                               0x08001975   Thumb Code    64  stm32f10x_rcc.o(.text)
    RCC_HSEConfig                            0x080019b5   Thumb Code    70  stm32f10x_rcc.o(.text)
    RCC_GetFlagStatus                        0x080019fb   Thumb Code    56  stm32f10x_rcc.o(.text)
    RCC_WaitForHSEStartUp                    0x08001a33   Thumb Code    56  stm32f10x_rcc.o(.text)
    RCC_AdjustHSICalibrationValue            0x08001a6b   Thumb Code    20  stm32f10x_rcc.o(.text)
    RCC_HSICmd                               0x08001a7f   Thumb Code     6  stm32f10x_rcc.o(.text)
    RCC_PLLConfig                            0x08001a85   Thumb Code    24  stm32f10x_rcc.o(.text)
    RCC_PLLCmd                               0x08001a9d   Thumb Code     6  stm32f10x_rcc.o(.text)
    RCC_SYSCLKConfig                         0x08001aa3   Thumb Code    18  stm32f10x_rcc.o(.text)
    RCC_GetSYSCLKSource                      0x08001ab5   Thumb Code    10  stm32f10x_rcc.o(.text)
    RCC_HCLKConfig                           0x08001abf   Thumb Code    18  stm32f10x_rcc.o(.text)
    RCC_PCLK1Config                          0x08001ad1   Thumb Code    18  stm32f10x_rcc.o(.text)
    RCC_PCLK2Config                          0x08001ae3   Thumb Code    20  stm32f10x_rcc.o(.text)
    RCC_ITConfig                             0x08001af7   Thumb Code    26  stm32f10x_rcc.o(.text)
    RCC_USBCLKConfig                         0x08001b11   Thumb Code     8  stm32f10x_rcc.o(.text)
    RCC_ADCCLKConfig                         0x08001b19   Thumb Code    18  stm32f10x_rcc.o(.text)
    RCC_LSEConfig                            0x08001b2b   Thumb Code    50  stm32f10x_rcc.o(.text)
    RCC_LSICmd                               0x08001b5d   Thumb Code     6  stm32f10x_rcc.o(.text)
    RCC_RTCCLKConfig                         0x08001b63   Thumb Code    12  stm32f10x_rcc.o(.text)
    RCC_RTCCLKCmd                            0x08001b6f   Thumb Code     8  stm32f10x_rcc.o(.text)
    RCC_GetClocksFreq                        0x08001b77   Thumb Code   192  stm32f10x_rcc.o(.text)
    RCC_AHBPeriphClockCmd                    0x08001c37   Thumb Code    26  stm32f10x_rcc.o(.text)
    RCC_APB2PeriphClockCmd                   0x08001c51   Thumb Code    26  stm32f10x_rcc.o(.text)
    RCC_APB1PeriphClockCmd                   0x08001c6b   Thumb Code    26  stm32f10x_rcc.o(.text)
    RCC_APB2PeriphResetCmd                   0x08001c85   Thumb Code    26  stm32f10x_rcc.o(.text)
    RCC_APB1PeriphResetCmd                   0x08001c9f   Thumb Code    26  stm32f10x_rcc.o(.text)
    RCC_BackupResetCmd                       0x08001cb9   Thumb Code     8  stm32f10x_rcc.o(.text)
    RCC_ClockSecuritySystemCmd               0x08001cc1   Thumb Code     6  stm32f10x_rcc.o(.text)
    RCC_MCOConfig                            0x08001cc7   Thumb Code     6  stm32f10x_rcc.o(.text)
    RCC_ClearFlag                            0x08001ccd   Thumb Code    14  stm32f10x_rcc.o(.text)
    RCC_GetITStatus                          0x08001cdb   Thumb Code    20  stm32f10x_rcc.o(.text)
    RCC_ClearITPendingBit                    0x08001cef   Thumb Code     6  stm32f10x_rcc.o(.text)
    SPI_I2S_DeInit                           0x08001d19   Thumb Code    76  stm32f10x_spi.o(.text)
    SPI_Init                                 0x08001d65   Thumb Code    60  stm32f10x_spi.o(.text)
    I2S_Init                                 0x08001da1   Thumb Code   226  stm32f10x_spi.o(.text)
    SPI_StructInit                           0x08001e83   Thumb Code    24  stm32f10x_spi.o(.text)
    I2S_StructInit                           0x08001e9b   Thumb Code    20  stm32f10x_spi.o(.text)
    SPI_Cmd                                  0x08001eaf   Thumb Code    24  stm32f10x_spi.o(.text)
    I2S_Cmd                                  0x08001ec7   Thumb Code    24  stm32f10x_spi.o(.text)
    SPI_I2S_ITConfig                         0x08001edf   Thumb Code    32  stm32f10x_spi.o(.text)
    SPI_I2S_DMACmd                           0x08001eff   Thumb Code    18  stm32f10x_spi.o(.text)
    SPI_I2S_SendData                         0x08001f11   Thumb Code     4  stm32f10x_spi.o(.text)
    SPI_I2S_ReceiveData                      0x08001f15   Thumb Code     6  stm32f10x_spi.o(.text)
    SPI_NSSInternalSoftwareConfig            0x08001f1b   Thumb Code    30  stm32f10x_spi.o(.text)
    SPI_SSOutputCmd                          0x08001f39   Thumb Code    24  stm32f10x_spi.o(.text)
    SPI_DataSizeConfig                       0x08001f51   Thumb Code    18  stm32f10x_spi.o(.text)
    SPI_TransmitCRC                          0x08001f63   Thumb Code    10  stm32f10x_spi.o(.text)
    SPI_CalculateCRC                         0x08001f6d   Thumb Code    24  stm32f10x_spi.o(.text)
    SPI_GetCRC                               0x08001f85   Thumb Code    16  stm32f10x_spi.o(.text)
    SPI_GetCRCPolynomial                     0x08001f95   Thumb Code     6  stm32f10x_spi.o(.text)
    SPI_BiDirectionalLineConfig              0x08001f9b   Thumb Code    28  stm32f10x_spi.o(.text)
    SPI_I2S_GetFlagStatus                    0x08001fb7   Thumb Code    18  stm32f10x_spi.o(.text)
    SPI_I2S_ClearFlag                        0x08001fc9   Thumb Code     6  stm32f10x_spi.o(.text)
    SPI_I2S_GetITStatus                      0x08001fcf   Thumb Code    52  stm32f10x_spi.o(.text)
    SPI_I2S_ClearITPendingBit                0x08002003   Thumb Code    20  stm32f10x_spi.o(.text)
    TIM_DeInit                               0x08002025   Thumb Code   424  stm32f10x_tim.o(.text)
    TIM_TimeBaseInit                         0x080021cd   Thumb Code   122  stm32f10x_tim.o(.text)
    TIM_OC1Init                              0x08002247   Thumb Code   132  stm32f10x_tim.o(.text)
    TIM_OC2Init                              0x080022cb   Thumb Code   154  stm32f10x_tim.o(.text)
    TIM_OC3Init                              0x08002365   Thumb Code   150  stm32f10x_tim.o(.text)
    TIM_OC4Init                              0x080023fb   Thumb Code   182  stm32f10x_tim.o(.text)
    TIM_SetIC4Prescaler                      0x080024b1   Thumb Code    26  stm32f10x_tim.o(.text)
    TIM_SetIC3Prescaler                      0x0800254d   Thumb Code    18  stm32f10x_tim.o(.text)
    TIM_SetIC2Prescaler                      0x080025d9   Thumb Code    26  stm32f10x_tim.o(.text)
    TIM_SetIC1Prescaler                      0x08002675   Thumb Code    18  stm32f10x_tim.o(.text)
    TIM_ICInit                               0x080026f3   Thumb Code   150  stm32f10x_tim.o(.text)
    TIM_PWMIConfig                           0x08002789   Thumb Code   124  stm32f10x_tim.o(.text)
    TIM_BDTRConfig                           0x08002805   Thumb Code    32  stm32f10x_tim.o(.text)
    TIM_TimeBaseStructInit                   0x08002825   Thumb Code    18  stm32f10x_tim.o(.text)
    TIM_OCStructInit                         0x08002837   Thumb Code    20  stm32f10x_tim.o(.text)
    TIM_ICStructInit                         0x0800284b   Thumb Code    18  stm32f10x_tim.o(.text)
    TIM_BDTRStructInit                       0x0800285d   Thumb Code    40  stm32f10x_tim.o(.text)
    TIM_Cmd                                  0x08002885   Thumb Code    24  stm32f10x_tim.o(.text)
    TIM_CtrlPWMOutputs                       0x0800289d   Thumb Code    30  stm32f10x_tim.o(.text)
    TIM_ITConfig                             0x080028bb   Thumb Code    18  stm32f10x_tim.o(.text)
    TIM_GenerateEvent                        0x080028cd   Thumb Code     4  stm32f10x_tim.o(.text)
    TIM_DMAConfig                            0x080028d1   Thumb Code    10  stm32f10x_tim.o(.text)
    TIM_DMACmd                               0x080028db   Thumb Code    18  stm32f10x_tim.o(.text)
    TIM_InternalClockConfig                  0x080028ed   Thumb Code    12  stm32f10x_tim.o(.text)
    TIM_SelectInputTrigger                   0x080028f9   Thumb Code    18  stm32f10x_tim.o(.text)
    TIM_ITRxExternalClockConfig              0x0800290b   Thumb Code    24  stm32f10x_tim.o(.text)
    TIM_TIxExternalClockConfig               0x08002923   Thumb Code    62  stm32f10x_tim.o(.text)
    TIM_ETRConfig                            0x08002961   Thumb Code    28  stm32f10x_tim.o(.text)
    TIM_ETRClockMode1Config                  0x0800297d   Thumb Code    54  stm32f10x_tim.o(.text)
    TIM_ETRClockMode2Config                  0x080029b3   Thumb Code    32  stm32f10x_tim.o(.text)
    TIM_PrescalerConfig                      0x080029d3   Thumb Code     6  stm32f10x_tim.o(.text)
    TIM_CounterModeConfig                    0x080029d9   Thumb Code    18  stm32f10x_tim.o(.text)
    TIM_EncoderInterfaceConfig               0x080029eb   Thumb Code    66  stm32f10x_tim.o(.text)
    TIM_ForcedOC1Config                      0x08002a2d   Thumb Code    18  stm32f10x_tim.o(.text)
    TIM_ForcedOC2Config                      0x08002a3f   Thumb Code    26  stm32f10x_tim.o(.text)
    TIM_ForcedOC3Config                      0x08002a59   Thumb Code    18  stm32f10x_tim.o(.text)
    TIM_ForcedOC4Config                      0x08002a6b   Thumb Code    26  stm32f10x_tim.o(.text)
    TIM_ARRPreloadConfig                     0x08002a85   Thumb Code    24  stm32f10x_tim.o(.text)
    TIM_SelectCOM                            0x08002a9d   Thumb Code    24  stm32f10x_tim.o(.text)
    TIM_SelectCCDMA                          0x08002ab5   Thumb Code    24  stm32f10x_tim.o(.text)
    TIM_CCPreloadControl                     0x08002acd   Thumb Code    24  stm32f10x_tim.o(.text)
    TIM_OC1PreloadConfig                     0x08002ae5   Thumb Code    18  stm32f10x_tim.o(.text)
    TIM_OC2PreloadConfig                     0x08002af7   Thumb Code    26  stm32f10x_tim.o(.text)
    TIM_OC3PreloadConfig                     0x08002b11   Thumb Code    18  stm32f10x_tim.o(.text)
    TIM_OC4PreloadConfig                     0x08002b23   Thumb Code    26  stm32f10x_tim.o(.text)
    TIM_OC1FastConfig                        0x08002b3d   Thumb Code    18  stm32f10x_tim.o(.text)
    TIM_OC2FastConfig                        0x08002b4f   Thumb Code    26  stm32f10x_tim.o(.text)
    TIM_OC3FastConfig                        0x08002b69   Thumb Code    18  stm32f10x_tim.o(.text)
    TIM_OC4FastConfig                        0x08002b7b   Thumb Code    26  stm32f10x_tim.o(.text)
    TIM_ClearOC1Ref                          0x08002b95   Thumb Code    18  stm32f10x_tim.o(.text)
    TIM_ClearOC2Ref                          0x08002ba7   Thumb Code    24  stm32f10x_tim.o(.text)
    TIM_ClearOC3Ref                          0x08002bbf   Thumb Code    18  stm32f10x_tim.o(.text)
    TIM_ClearOC4Ref                          0x08002bd1   Thumb Code    24  stm32f10x_tim.o(.text)
    TIM_OC1PolarityConfig                    0x08002be9   Thumb Code    18  stm32f10x_tim.o(.text)
    TIM_OC1NPolarityConfig                   0x08002bfb   Thumb Code    18  stm32f10x_tim.o(.text)
    TIM_OC2PolarityConfig                    0x08002c0d   Thumb Code    26  stm32f10x_tim.o(.text)
    TIM_OC2NPolarityConfig                   0x08002c27   Thumb Code    26  stm32f10x_tim.o(.text)
    TIM_OC3PolarityConfig                    0x08002c41   Thumb Code    26  stm32f10x_tim.o(.text)
    TIM_OC3NPolarityConfig                   0x08002c5b   Thumb Code    26  stm32f10x_tim.o(.text)
    TIM_OC4PolarityConfig                    0x08002c75   Thumb Code    26  stm32f10x_tim.o(.text)
    TIM_CCxCmd                               0x08002c8f   Thumb Code    30  stm32f10x_tim.o(.text)
    TIM_CCxNCmd                              0x08002cad   Thumb Code    30  stm32f10x_tim.o(.text)
    TIM_SelectOCxM                           0x08002ccb   Thumb Code    82  stm32f10x_tim.o(.text)
    TIM_UpdateDisableConfig                  0x08002d1d   Thumb Code    24  stm32f10x_tim.o(.text)
    TIM_UpdateRequestConfig                  0x08002d35   Thumb Code    24  stm32f10x_tim.o(.text)
    TIM_SelectHallSensor                     0x08002d4d   Thumb Code    24  stm32f10x_tim.o(.text)
    TIM_SelectOnePulseMode                   0x08002d65   Thumb Code    18  stm32f10x_tim.o(.text)
    TIM_SelectOutputTrigger                  0x08002d77   Thumb Code    18  stm32f10x_tim.o(.text)
    TIM_SelectSlaveMode                      0x08002d89   Thumb Code    18  stm32f10x_tim.o(.text)
    TIM_SelectMasterSlaveMode                0x08002d9b   Thumb Code    18  stm32f10x_tim.o(.text)
    TIM_SetCounter                           0x08002dad   Thumb Code     4  stm32f10x_tim.o(.text)
    TIM_SetAutoreload                        0x08002db1   Thumb Code     4  stm32f10x_tim.o(.text)
    TIM_SetCompare1                          0x08002db5   Thumb Code     4  stm32f10x_tim.o(.text)
    TIM_SetCompare2                          0x08002db9   Thumb Code     4  stm32f10x_tim.o(.text)
    TIM_SetCompare3                          0x08002dbd   Thumb Code     4  stm32f10x_tim.o(.text)
    TIM_SetCompare4                          0x08002dc1   Thumb Code     6  stm32f10x_tim.o(.text)
    TIM_SetClockDivision                     0x08002dc7   Thumb Code    18  stm32f10x_tim.o(.text)
    TIM_GetCapture1                          0x08002dd9   Thumb Code     6  stm32f10x_tim.o(.text)
    TIM_GetCapture2                          0x08002ddf   Thumb Code     6  stm32f10x_tim.o(.text)
    TIM_GetCapture3                          0x08002de5   Thumb Code     6  stm32f10x_tim.o(.text)
    TIM_GetCapture4                          0x08002deb   Thumb Code     8  stm32f10x_tim.o(.text)
    TIM_GetCounter                           0x08002df3   Thumb Code     6  stm32f10x_tim.o(.text)
    TIM_GetPrescaler                         0x08002df9   Thumb Code     6  stm32f10x_tim.o(.text)
    TIM_GetFlagStatus                        0x08002dff   Thumb Code    18  stm32f10x_tim.o(.text)
    TIM_ClearFlag                            0x08002e11   Thumb Code     6  stm32f10x_tim.o(.text)
    TIM_GetITStatus                          0x08002e17   Thumb Code    34  stm32f10x_tim.o(.text)
    TIM_ClearITPendingBit                    0x08002e39   Thumb Code     6  stm32f10x_tim.o(.text)
    USART_DeInit                             0x08002e41   Thumb Code   134  stm32f10x_usart.o(.text)
    USART_Init                               0x08002ec7   Thumb Code   210  stm32f10x_usart.o(.text)
    USART_StructInit                         0x08002f99   Thumb Code    24  stm32f10x_usart.o(.text)
    USART_ClockInit                          0x08002fb1   Thumb Code    34  stm32f10x_usart.o(.text)
    USART_ClockStructInit                    0x08002fd3   Thumb Code    12  stm32f10x_usart.o(.text)
    USART_Cmd                                0x08002fdf   Thumb Code    24  stm32f10x_usart.o(.text)
    USART_ITConfig                           0x08002ff7   Thumb Code    74  stm32f10x_usart.o(.text)
    USART_DMACmd                             0x08003041   Thumb Code    18  stm32f10x_usart.o(.text)
    USART_SetAddress                         0x08003053   Thumb Code    18  stm32f10x_usart.o(.text)
    USART_WakeUpConfig                       0x08003065   Thumb Code    18  stm32f10x_usart.o(.text)
    USART_ReceiverWakeUpCmd                  0x08003077   Thumb Code    24  stm32f10x_usart.o(.text)
    USART_LINBreakDetectLengthConfig         0x0800308f   Thumb Code    18  stm32f10x_usart.o(.text)
    USART_LINCmd                             0x080030a1   Thumb Code    24  stm32f10x_usart.o(.text)
    USART_SendData                           0x080030b9   Thumb Code     8  stm32f10x_usart.o(.text)
    USART_ReceiveData                        0x080030c1   Thumb Code    10  stm32f10x_usart.o(.text)
    USART_SendBreak                          0x080030cb   Thumb Code    10  stm32f10x_usart.o(.text)
    USART_SetGuardTime                       0x080030d5   Thumb Code    16  stm32f10x_usart.o(.text)
    USART_SetPrescaler                       0x080030e5   Thumb Code    16  stm32f10x_usart.o(.text)
    USART_SmartCardCmd                       0x080030f5   Thumb Code    24  stm32f10x_usart.o(.text)
    USART_SmartCardNACKCmd                   0x0800310d   Thumb Code    24  stm32f10x_usart.o(.text)
    USART_HalfDuplexCmd                      0x08003125   Thumb Code    24  stm32f10x_usart.o(.text)
    USART_OverSampling8Cmd                   0x0800313d   Thumb Code    22  stm32f10x_usart.o(.text)
    USART_OneBitMethodCmd                    0x08003153   Thumb Code    24  stm32f10x_usart.o(.text)
    USART_IrDAConfig                         0x0800316b   Thumb Code    18  stm32f10x_usart.o(.text)
    USART_IrDACmd                            0x0800317d   Thumb Code    24  stm32f10x_usart.o(.text)
    USART_GetFlagStatus                      0x08003195   Thumb Code    26  stm32f10x_usart.o(.text)
    USART_ClearFlag                          0x080031af   Thumb Code    18  stm32f10x_usart.o(.text)
    USART_GetITStatus                        0x080031c1   Thumb Code    84  stm32f10x_usart.o(.text)
    USART_ClearITPendingBit                  0x08003215   Thumb Code    52  stm32f10x_usart.o(.text)
    WWDG_DeInit                              0x08003249   Thumb Code    22  stm32f10x_wwdg.o(.text)
    WWDG_SetPrescaler                        0x0800325f   Thumb Code    18  stm32f10x_wwdg.o(.text)
    WWDG_SetWindowValue                      0x08003271   Thumb Code    34  stm32f10x_wwdg.o(.text)
    WWDG_EnableIT                            0x08003293   Thumb Code     8  stm32f10x_wwdg.o(.text)
    WWDG_SetCounter                          0x0800329b   Thumb Code    12  stm32f10x_wwdg.o(.text)
    WWDG_Enable                              0x080032a7   Thumb Code    12  stm32f10x_wwdg.o(.text)
    WWDG_GetFlagStatus                       0x080032b3   Thumb Code    10  stm32f10x_wwdg.o(.text)
    WWDG_ClearFlag                           0x080032bd   Thumb Code    10  stm32f10x_wwdg.o(.text)
    OS_StrLen                                0x080032d1   Thumb Code    20  os_core.o(.text)
    OSEventNameGet                           0x080032e5   Thumb Code    92  os_core.o(.text)
    OSEventNameSet                           0x08003341   Thumb Code    74  os_core.o(.text)
    OS_EventTaskRemoveMulti                  0x0800338b   Thumb Code    58  os_core.o(.text)
    OS_Sched                                 0x080033df   Thumb Code    82  os_core.o(.text)
    OS_EventTaskWaitMulti                    0x08003431   Thumb Code   136  os_core.o(.text)
    OSEventPendMulti                         0x080034b9   Thumb Code   692  os_core.o(.text)
    OS_TaskStatStkChk                        0x0800376d   Thumb Code    54  os_core.o(.text)
    OS_TaskStat                              0x080037a3   Thumb Code   130  os_core.o(.text)
    OS_TaskIdle                              0x08003859   Thumb Code    28  os_core.o(.text)
    OS_MemClr                                0x080038a9   Thumb Code    18  os_core.o(.text)
    OSInit                                   0x080039d3   Thumb Code    56  os_core.o(.text)
    OSIntEnter                               0x08003a0b   Thumb Code    28  os_core.o(.text)
    OSIntExit                                0x08003a27   Thumb Code   106  os_core.o(.text)
    OSSchedLock                              0x08003a91   Thumb Code    44  os_core.o(.text)
    OSSchedUnlock                            0x08003abd   Thumb Code   228  os_core.o(.text)
    OSStart                                  0x08003ba1   Thumb Code    48  os_core.o(.text)
    OSStatInit                               0x08003bd1   Thumb Code    52  os_core.o(.text)
    OSTimeTick                               0x08003c05   Thumb Code   200  os_core.o(.text)
    OSVersion                                0x08003ccd   Thumb Code     6  os_core.o(.text)
    OS_Dummy                                 0x08003cd3   Thumb Code     2  os_core.o(.text)
    OS_EventTaskRemove                       0x08003cd5   Thumb Code    42  os_core.o(.text)
    OS_EventTaskRdy                          0x08003cff   Thumb Code   128  os_core.o(.text)
    OS_EventTaskWait                         0x08003d7f   Thumb Code   112  os_core.o(.text)
    OS_EventWaitListInit                     0x08003def   Thumb Code    28  os_core.o(.text)
    OS_MemCopy                               0x08003e0b   Thumb Code    20  os_core.o(.text)
    OS_TCBInit                               0x08003e1f   Thumb Code   276  os_core.o(.text)
    OSFlagAccept                             0x08003f79   Thumb Code   236  os_flag.o(.text)
    OSFlagCreate                             0x08004065   Thumb Code    74  os_flag.o(.text)
    OS_FlagUnlink                            0x080040af   Thumb Code    36  os_flag.o(.text)
    OSFlagDel                                0x0800412b   Thumb Code   202  os_flag.o(.text)
    OSFlagNameGet                            0x080041f5   Thumb Code    72  os_flag.o(.text)
    OSFlagNameSet                            0x0800423d   Thumb Code    54  os_flag.o(.text)
    OSFlagPend                               0x0800430b   Thumb Code   580  os_flag.o(.text)
    OSFlagPendGetFlagsRdy                    0x0800454f   Thumb Code    20  os_flag.o(.text)
    OSFlagPost                               0x08004563   Thumb Code   304  os_flag.o(.text)
    OSFlagQuery                              0x08004693   Thumb Code    38  os_flag.o(.text)
    OS_FlagInit                              0x080046b9   Thumb Code    78  os_flag.o(.text)
    OSMemCreate                              0x08004715   Thumb Code   110  os_mem.o(.text)
    OSMemGet                                 0x08004783   Thumb Code    50  os_mem.o(.text)
    OSMemNameGet                             0x080047b5   Thumb Code    54  os_mem.o(.text)
    OSMemNameSet                             0x080047eb   Thumb Code    38  os_mem.o(.text)
    OSMemPut                                 0x08004811   Thumb Code    46  os_mem.o(.text)
    OSMemQuery                               0x0800483f   Thumb Code    46  os_mem.o(.text)
    OS_MemInit                               0x0800486d   Thumb Code    74  os_mem.o(.text)
    OSQAccept                                0x080048c9   Thumb Code    80  os_q.o(.text)
    OSQCreate                                0x08004919   Thumb Code   130  os_q.o(.text)
    OSQDel                                   0x0800499b   Thumb Code   230  os_q.o(.text)
    OSQFlush                                 0x08004a81   Thumb Code    30  os_q.o(.text)
    OSQPend                                  0x08004a9f   Thumb Code   264  os_q.o(.text)
    OSQPendAbort                             0x08004ba7   Thumb Code   118  os_q.o(.text)
    OSQPost                                  0x08004c1d   Thumb Code   100  os_q.o(.text)
    OSQPostFront                             0x08004c81   Thumb Code   102  os_q.o(.text)
    OSQPostOpt                               0x08004ce7   Thumb Code   194  os_q.o(.text)
    OSQQuery                                 0x08004da9   Thumb Code    90  os_q.o(.text)
    OS_QInit                                 0x08004e03   Thumb Code    72  os_q.o(.text)
    OSSemAccept                              0x08004e55   Thumb Code    36  os_sem.o(.text)
    OSSemCreate                              0x08004e79   Thumb Code    66  os_sem.o(.text)
    OSSemDel                                 0x08004ebb   Thumb Code   196  os_sem.o(.text)
    OSSemPend                                0x08004f7f   Thumb Code   212  os_sem.o(.text)
    OSSemPendAbort                           0x08005053   Thumb Code   118  os_sem.o(.text)
    OSSemPost                                0x080050c9   Thumb Code    78  os_sem.o(.text)
    OSSemQuery                               0x08005117   Thumb Code    68  os_sem.o(.text)
    OSSemSet                                 0x0800515b   Thumb Code    56  os_sem.o(.text)
    OSTaskChangePrio                         0x080051a9   Thumb Code   382  os_task.o(.text)
    OSTaskCreate                             0x08005327   Thumb Code   132  os_task.o(.text)
    OS_TaskStkClr                            0x080053ab   Thumb Code    26  os_task.o(.text)
    OSTaskCreateExt                          0x080053c5   Thumb Code   152  os_task.o(.text)
    OSTaskDel                                0x0800545d   Thumb Code   288  os_task.o(.text)
    OSTaskDelReq                             0x0800557d   Thumb Code   126  os_task.o(.text)
    OSTaskNameGet                            0x080055fb   Thumb Code   102  os_task.o(.text)
    OSTaskNameSet                            0x08005661   Thumb Code    86  os_task.o(.text)
    OSTaskResume                             0x080056b7   Thumb Code   138  os_task.o(.text)
    OSTaskStkChk                             0x08005741   Thumb Code   114  os_task.o(.text)
    OSTaskSuspend                            0x080057b3   Thumb Code   140  os_task.o(.text)
    OSTaskQuery                              0x0800583f   Thumb Code    68  os_task.o(.text)
    OSTaskRegGet                             0x08005883   Thumb Code    52  os_task.o(.text)
    OSTaskRegGetID                           0x080058b7   Thumb Code    50  os_task.o(.text)
    OSTaskRegSet                             0x080058e9   Thumb Code    54  os_task.o(.text)
    OS_TaskReturn                            0x0800591f   Thumb Code    18  os_task.o(.text)
    OSTimeDly                                0x0800594d   Thumb Code    94  os_time.o(.text)
    OSTimeDlyHMSM                            0x080059ab   Thumb Code    86  os_time.o(.text)
    OSTimeDlyResume                          0x08005a01   Thumb Code   154  os_time.o(.text)
    OSTimeGet                                0x08005a9b   Thumb Code    18  os_time.o(.text)
    OSTimeSet                                0x08005aad   Thumb Code    18  os_time.o(.text)
    OSDebugInit                              0x08005add   Thumb Code   118  os_dbg_r.o(.text)
    OSTmrCreate                              0x08005c6b   Thumb Code   108  os_tmr.o(.text)
    OSTmrDel                                 0x08005d4f   Thumb Code   124  os_tmr.o(.text)
    OSTmrNameGet                             0x08005dcb   Thumb Code   114  os_tmr.o(.text)
    OSTmrRemainGet                           0x08005e3d   Thumb Code   164  os_tmr.o(.text)
    OSTmrStateGet                            0x08005ee1   Thumb Code    86  os_tmr.o(.text)
    OSTmrStart                               0x08005f9b   Thumb Code   158  os_tmr.o(.text)
    OSTmrStop                                0x08006039   Thumb Code   180  os_tmr.o(.text)
    OSTmrSignal                              0x080060ed   Thumb Code    16  os_tmr.o(.text)
    OSTmr_Init                               0x080061a1   Thumb Code   172  os_tmr.o(.text)
    OS_ENTER_CRITICAL                        0x080062b5   Thumb Code     0  os_cpu_a.o(.text)
    OS_EXIT_CRITICAL                         0x080062c7   Thumb Code     0  os_cpu_a.o(.text)
    OSStartHighRdy                           0x080062e3   Thumb Code     0  os_cpu_a.o(.text)
    OSCtxSw                                  0x08006305   Thumb Code     0  os_cpu_a.o(.text)
    OSIntCtxSw                               0x08006313   Thumb Code     0  os_cpu_a.o(.text)
    PendSV_Handler                           0x08006323   Thumb Code     0  os_cpu_a.o(.text)
    ItDisAll                                 0x08006365   Thumb Code     0  os_cpu_a.o(.text)
    OSTaskStkInit                            0x08006391   Thumb Code   154  os_cpu_c.o(.text)
    OSTaskReturnHook                         0x0800642b   Thumb Code     2  os_cpu_c.o(.text)
    OSInitHookBegin                          0x0800642d   Thumb Code     2  os_cpu_c.o(.text)
    OSInitHookEnd                            0x0800642f   Thumb Code     2  os_cpu_c.o(.text)
    OSTaskCreateHook                         0x08006431   Thumb Code     4  os_cpu_c.o(.text)
    OSTaskDelHook                            0x08006435   Thumb Code     4  os_cpu_c.o(.text)
    OSTaskSwHook                             0x08006439   Thumb Code     2  os_cpu_c.o(.text)
    OSTaskStatHook                           0x0800643b   Thumb Code     2  os_cpu_c.o(.text)
    OSTCBInitHook                            0x0800643d   Thumb Code     4  os_cpu_c.o(.text)
    OSTimeTickHook                           0x08006441   Thumb Code     2  os_cpu_c.o(.text)
    OSTaskIdleHook                           0x08006443   Thumb Code     2  os_cpu_c.o(.text)
    wizchip_cris_enter                       0x08006445   Thumb Code     2  wizchip_conf.o(.text)
    wizchip_cris_exit                        0x08006447   Thumb Code     2  wizchip_conf.o(.text)
    wizchip_cs_select                        0x08006449   Thumb Code     2  wizchip_conf.o(.text)
    wizchip_cs_deselect                      0x0800644b   Thumb Code     2  wizchip_conf.o(.text)
    wizchip_bus_readdata                     0x0800644d   Thumb Code     6  wizchip_conf.o(.text)
    wizchip_bus_writedata                    0x08006453   Thumb Code     4  wizchip_conf.o(.text)
    wizchip_spi_readbyte                     0x08006457   Thumb Code     4  wizchip_conf.o(.text)
    wizchip_spi_writebyte                    0x0800645b   Thumb Code     2  wizchip_conf.o(.text)
    wizchip_spi_readburst                    0x0800645d   Thumb Code     2  wizchip_conf.o(.text)
    wizchip_spi_writeburst                   0x0800645f   Thumb Code     2  wizchip_conf.o(.text)
    reg_wizchip_cris_cbfunc                  0x08006461   Thumb Code    30  wizchip_conf.o(.text)
    reg_wizchip_cs_cbfunc                    0x0800647f   Thumb Code    30  wizchip_conf.o(.text)
    reg_wizchip_bus_cbfunc                   0x0800649d   Thumb Code    44  wizchip_conf.o(.text)
    reg_wizchip_spi_cbfunc                   0x080064c9   Thumb Code    44  wizchip_conf.o(.text)
    reg_wizchip_spiburst_cbfunc              0x080064f5   Thumb Code    42  wizchip_conf.o(.text)
    wizphy_getphylink                        0x0800651f   Thumb Code    24  wizchip_conf.o(.text)
    wizphy_getphypmode                       0x08006537   Thumb Code    30  wizchip_conf.o(.text)
    wizphy_reset                             0x08006555   Thumb Code    52  wizchip_conf.o(.text)
    wizphy_setphypmode                       0x08006589   Thumb Code   100  wizchip_conf.o(.text)
    wizphy_getphyconf                        0x080065ed   Thumb Code   120  wizchip_conf.o(.text)
    wizphy_setphyconf                        0x08006665   Thumb Code    88  wizchip_conf.o(.text)
    wizchip_getinterruptmask                 0x080066bd   Thumb Code    40  wizchip_conf.o(.text)
    wizchip_setinterruptmask                 0x080066e5   Thumb Code    30  wizchip_conf.o(.text)
    wizchip_getinterrupt                     0x08006703   Thumb Code    42  wizchip_conf.o(.text)
    wizchip_clrinterrupt                     0x0800672d   Thumb Code    32  wizchip_conf.o(.text)
    wizchip_sw_reset                         0x0800674d   Thumb Code   114  wizchip_conf.o(.text)
    wizchip_init                             0x080067bf   Thumb Code   150  wizchip_conf.o(.text)
    ctlwizchip                               0x08006855   Thumb Code   276  wizchip_conf.o(.text)
    wizchip_gettimeout                       0x08006969   Thumb Code    40  wizchip_conf.o(.text)
    wizchip_settimeout                       0x08006991   Thumb Code    38  wizchip_conf.o(.text)
    wizchip_getnetmode                       0x080069b7   Thumb Code    10  wizchip_conf.o(.text)
    wizchip_setnetmode                       0x080069c1   Thumb Code    38  wizchip_conf.o(.text)
    wizchip_getnetinfo                       0x080069e7   Thumb Code    82  wizchip_conf.o(.text)
    wizchip_setnetinfo                       0x08006a39   Thumb Code    80  wizchip_conf.o(.text)
    ctlnetwork                               0x08006a89   Thumb Code    80  wizchip_conf.o(.text)
    wizphy_getphystat                        0x08006ad9   Thumb Code    28  wizchip_conf.o(.text)
    WIZCHIP_READ                             0x08006b01   Thumb Code   112  w5500.o(.text)
    WIZCHIP_WRITE                            0x08006b71   Thumb Code   112  w5500.o(.text)
    WIZCHIP_READ_BUF                         0x08006be1   Thumb Code   136  w5500.o(.text)
    WIZCHIP_WRITE_BUF                        0x08006c69   Thumb Code   132  w5500.o(.text)
    getSn_TX_FSR                             0x08006ced   Thumb Code   108  w5500.o(.text)
    getSn_RX_RSR                             0x08006d59   Thumb Code   108  w5500.o(.text)
    wiz_send_data                            0x08006dc5   Thumb Code   132  w5500.o(.text)
    wiz_recv_data                            0x08006e49   Thumb Code   132  w5500.o(.text)
    wiz_recv_ignore                          0x08006ecd   Thumb Code   110  w5500.o(.text)
    Display_Net_Conf                         0x08006f5b   Thumb Code   188  w5500init.o(.text)
    Net_Conf                                 0x08007017   Thumb Code    28  w5500init.o(.text)
    w5500_lib_init                           0x08007033   Thumb Code   184  w5500init.o(.text)
    PHYStatus_Check                          0x080070eb   Thumb Code    46  w5500init.o(.text)
    checklink                                0x08007119   Thumb Code    24  w5500init.o(.text)
    localtime                                0x08007279   Thumb Code   138  localtime.o(.text)
    __aeabi_memcpy                           0x0800730d   Thumb Code    36  memcpya.o(.text)
    __aeabi_memcpy4                          0x0800730d   Thumb Code     0  memcpya.o(.text)
    __aeabi_memcpy8                          0x0800730d   Thumb Code     0  memcpya.o(.text)
    __aeabi_uldivmod                         0x08007331   Thumb Code    98  uldiv.o(.text)
    __aeabi_llsr                             0x08007393   Thumb Code    32  llushr.o(.text)
    _ll_ushift_r                             0x08007393   Thumb Code     0  llushr.o(.text)
    __scatterload                            0x080073b5   Thumb Code    28  init.o(.text)
    __scatterload_rt2                        0x080073b5   Thumb Code     0  init.o(.text)
    __aeabi_llsl                             0x080073d9   Thumb Code    30  llshl.o(.text)
    _ll_shift_l                              0x080073d9   Thumb Code     0  llshl.o(.text)
    __0printf$8                              0x080073f9   Thumb Code    22  printf8.o(i.__0printf$8)
    __1printf$8                              0x080073f9   Thumb Code     0  printf8.o(i.__0printf$8)
    __2printf                                0x080073f9   Thumb Code     0  printf8.o(i.__0printf$8)
    __scatterload_copy                       0x08007419   Thumb Code    14  handlers.o(i.__scatterload_copy)
    __scatterload_null                       0x08007427   Thumb Code     2  handlers.o(i.__scatterload_null)
    __scatterload_zeroinit                   0x08007429   Thumb Code    14  handlers.o(i.__scatterload_zeroinit)
    OSUnMapTbl                               0x0800789e   Data         256  os_core.o(.constdata)
    OSDebugEn                                0x080079a0   Data           2  os_dbg_r.o(.constdata)
    OSEndiannessTest                         0x080079a4   Data           4  os_dbg_r.o(.constdata)
    OSEventEn                                0x080079a8   Data           2  os_dbg_r.o(.constdata)
    OSEventMax                               0x080079aa   Data           2  os_dbg_r.o(.constdata)
    OSEventNameEn                            0x080079ac   Data           2  os_dbg_r.o(.constdata)
    OSEventSize                              0x080079ae   Data           2  os_dbg_r.o(.constdata)
    OSEventTblSize                           0x080079b0   Data           2  os_dbg_r.o(.constdata)
    OSEventMultiEn                           0x080079b2   Data           2  os_dbg_r.o(.constdata)
    OSFlagEn                                 0x080079b4   Data           2  os_dbg_r.o(.constdata)
    OSFlagGrpSize                            0x080079b6   Data           2  os_dbg_r.o(.constdata)
    OSFlagNodeSize                           0x080079b8   Data           2  os_dbg_r.o(.constdata)
    OSFlagWidth                              0x080079ba   Data           2  os_dbg_r.o(.constdata)
    OSFlagMax                                0x080079bc   Data           2  os_dbg_r.o(.constdata)
    OSFlagNameEn                             0x080079be   Data           2  os_dbg_r.o(.constdata)
    OSLowestPrio                             0x080079c0   Data           2  os_dbg_r.o(.constdata)
    OSMboxEn                                 0x080079c2   Data           2  os_dbg_r.o(.constdata)
    OSMemEn                                  0x080079c4   Data           2  os_dbg_r.o(.constdata)
    OSMemMax                                 0x080079c6   Data           2  os_dbg_r.o(.constdata)
    OSMemNameEn                              0x080079c8   Data           2  os_dbg_r.o(.constdata)
    OSMemSize                                0x080079ca   Data           2  os_dbg_r.o(.constdata)
    OSMemTblSize                             0x080079cc   Data           2  os_dbg_r.o(.constdata)
    OSMutexEn                                0x080079ce   Data           2  os_dbg_r.o(.constdata)
    OSPtrSize                                0x080079d0   Data           2  os_dbg_r.o(.constdata)
    OSQEn                                    0x080079d2   Data           2  os_dbg_r.o(.constdata)
    OSQMax                                   0x080079d4   Data           2  os_dbg_r.o(.constdata)
    OSQSize                                  0x080079d6   Data           2  os_dbg_r.o(.constdata)
    OSRdyTblSize                             0x080079d8   Data           2  os_dbg_r.o(.constdata)
    OSSemEn                                  0x080079da   Data           2  os_dbg_r.o(.constdata)
    OSStkWidth                               0x080079dc   Data           2  os_dbg_r.o(.constdata)
    OSTaskCreateEn                           0x080079de   Data           2  os_dbg_r.o(.constdata)
    OSTaskCreateExtEn                        0x080079e0   Data           2  os_dbg_r.o(.constdata)
    OSTaskDelEn                              0x080079e2   Data           2  os_dbg_r.o(.constdata)
    OSTaskIdleStkSize                        0x080079e4   Data           2  os_dbg_r.o(.constdata)
    OSTaskProfileEn                          0x080079e6   Data           2  os_dbg_r.o(.constdata)
    OSTaskMax                                0x080079e8   Data           2  os_dbg_r.o(.constdata)
    OSTaskNameEn                             0x080079ea   Data           2  os_dbg_r.o(.constdata)
    OSTaskStatEn                             0x080079ec   Data           2  os_dbg_r.o(.constdata)
    OSTaskStatStkSize                        0x080079ee   Data           2  os_dbg_r.o(.constdata)
    OSTaskStatStkChkEn                       0x080079f0   Data           2  os_dbg_r.o(.constdata)
    OSTaskSwHookEn                           0x080079f2   Data           2  os_dbg_r.o(.constdata)
    OSTaskRegTblSize                         0x080079f4   Data           2  os_dbg_r.o(.constdata)
    OSTCBPrioTblMax                          0x080079f6   Data           2  os_dbg_r.o(.constdata)
    OSTCBSize                                0x080079f8   Data           2  os_dbg_r.o(.constdata)
    OSTicksPerSec                            0x080079fa   Data           2  os_dbg_r.o(.constdata)
    OSTimeTickHookEn                         0x080079fc   Data           2  os_dbg_r.o(.constdata)
    OSVersionNbr                             0x080079fe   Data           2  os_dbg_r.o(.constdata)
    OSTmrEn                                  0x08007a00   Data           2  os_dbg_r.o(.constdata)
    OSTmrCfgMax                              0x08007a02   Data           2  os_dbg_r.o(.constdata)
    OSTmrCfgNameEn                           0x08007a04   Data           2  os_dbg_r.o(.constdata)
    OSTmrCfgWheelSize                        0x08007a06   Data           2  os_dbg_r.o(.constdata)
    OSTmrCfgTicksPerSec                      0x08007a08   Data           2  os_dbg_r.o(.constdata)
    OSTmrSize                                0x08007a0a   Data           2  os_dbg_r.o(.constdata)
    OSTmrTblSize                             0x08007a0c   Data           2  os_dbg_r.o(.constdata)
    OSTmrWheelSize                           0x08007a0e   Data           2  os_dbg_r.o(.constdata)
    OSTmrWheelTblSize                        0x08007a10   Data           2  os_dbg_r.o(.constdata)
    OSDataSize                               0x08007a12   Data           2  os_dbg_r.o(.constdata)
    Region$$Table$$Base                      0x08007a30   Number         0  anon$$obj.o(Region$$Table)
    Region$$Table$$Limit                     0x08007a50   Number         0  anon$$obj.o(Region$$Table)
    timenow                                  0x20000000   Data           4  main.o(.data)
    Sem_Event                                0x20000004   Data           4  main.o(.data)
    err                                      0x20000008   Data           1  main.o(.data)
    SystemCoreClock                          0x2000000c   Data           4  system_stm32f10x.o(.data)
    AHBPrescTable                            0x20000010   Data          16  system_stm32f10x.o(.data)
    Remote_Odr                               0x20000024   Data           4  remote.o(.data)
    Remote_Cnt                               0x20000028   Data           1  remote.o(.data)
    Remote_Rdy                               0x20000029   Data           1  remote.o(.data)
    timeinfo                                 0x2000002c   Data           4  timerhandler.o(.data)
    Timer                                    0x20000030   Data           4  timerhandler.o(.data)
    snmp_tick_1ms                            0x20000034   Data           4  timerhandler.o(.data)
    msec_cnt                                 0x20000038   Data           2  timerhandler.o(.data)
    sec_cnt                                  0x2000003a   Data           1  timerhandler.o(.data)
    phystatus_check_cnt                      0x2000003c   Data           2  timerhandler.o(.data)
    __stdout                                 0x20000044   Data           4  usart.o(.data)
    USART_RX_STA                             0x20000048   Data           1  usart.o(.data)
    OSCtxSwCtr                               0x20000060   Data           4  os_core.o(.data)
    OSEventFreeList                          0x20000064   Data           4  os_core.o(.data)
    OSFlagFreeList                           0x20000068   Data           4  os_core.o(.data)
    OSCPUUsage                               0x2000006c   Data           1  os_core.o(.data)
    OSIdleCtrMax                             0x20000070   Data           4  os_core.o(.data)
    OSIdleCtrRun                             0x20000074   Data           4  os_core.o(.data)
    OSStatRdy                                0x20000078   Data           1  os_core.o(.data)
    OSIntNesting                             0x20000079   Data           1  os_core.o(.data)
    OSLockNesting                            0x2000007a   Data           1  os_core.o(.data)
    OSPrioCur                                0x2000007b   Data           1  os_core.o(.data)
    OSPrioHighRdy                            0x2000007c   Data           1  os_core.o(.data)
    OSRdyGrp                                 0x2000007d   Data           1  os_core.o(.data)
    OSRdyTbl                                 0x2000007e   Data           8  os_core.o(.data)
    OSRunning                                0x20000086   Data           1  os_core.o(.data)
    OSTaskCtr                                0x20000087   Data           1  os_core.o(.data)
    OSIdleCtr                                0x20000088   Data           4  os_core.o(.data)
    OSTCBCur                                 0x2000008c   Data           4  os_core.o(.data)
    OSTCBFreeList                            0x20000090   Data           4  os_core.o(.data)
    OSTCBHighRdy                             0x20000094   Data           4  os_core.o(.data)
    OSTCBList                                0x20000098   Data           4  os_core.o(.data)
    OSTickStepState                          0x2000009c   Data           1  os_core.o(.data)
    OSMemFreeList                            0x200000a0   Data           4  os_core.o(.data)
    OSQFreeList                              0x200000a4   Data           4  os_core.o(.data)
    OSTaskRegNextAvailID                     0x200000a8   Data           1  os_core.o(.data)
    OSTime                                   0x200000ac   Data           4  os_core.o(.data)
    OSTmrFree                                0x200000b0   Data           2  os_core.o(.data)
    OSTmrUsed                                0x200000b2   Data           2  os_core.o(.data)
    OSTmrTime                                0x200000b4   Data           4  os_core.o(.data)
    OSTmrSem                                 0x200000b8   Data           4  os_core.o(.data)
    OSTmrSemSignal                           0x200000bc   Data           4  os_core.o(.data)
    OSTmrFreeList                            0x200000c0   Data           4  os_core.o(.data)
    OS_CPU_ExceptStkBase                     0x200000c4   Data           4  os_cpu_c.o(.data)
    OSInterrputSum                           0x200000c8   Data           4  os_cpu_c.o(.data)
    WIZCHIP                                  0x200000cc   Data          44  wizchip_conf.o(.data)
    gWIZNETINFO                              0x200000fd   Data          23  w5500init.o(.data)
    DNS_2nd                                  0x20000114   Data           4  w5500init.o(.data)
    TASK_LED1_STK                            0x20000118   Data         256  main.o(.bss)
    TASK_LED_STK                             0x20000218   Data         256  main.o(.bss)
    TASK_LCD_STK                             0x20000318   Data         256  main.o(.bss)
    TASK_START_STK                           0x20000418   Data        2048  main.o(.bss)
    TASK_KEY_STK                             0x20000c18   Data         256  main.o(.bss)
    TASK_KT_STK                              0x20000d18   Data         256  main.o(.bss)
    result                                   0x20000e18   Data          12  main.o(.bss)
    Pen_Point                                0x20000e24   Data          28  touch.o(.bss)
    USART_RX_BUF                             0x20000e40   Data          64  usart.o(.bss)
    OSEventTbl                               0x20000e80   Data         240  os_core.o(.bss)
    OSFlagTbl                                0x20000f70   Data          80  os_core.o(.bss)
    OSTaskStatStk                            0x20000fc0   Data         512  os_core.o(.bss)
    OSTaskIdleStk                            0x200011c0   Data         512  os_core.o(.bss)
    OSTCBPrioTbl                             0x200013c0   Data         256  os_core.o(.bss)
    OSTCBTbl                                 0x200014c0   Data        1936  os_core.o(.bss)
    OSMemTbl                                 0x20001c50   Data         120  os_core.o(.bss)
    OSQTbl                                   0x20001cc8   Data          96  os_core.o(.bss)
    OSTmrTbl                                 0x20001d28   Data         640  os_core.o(.bss)
    OSTmrTaskStk                             0x20001fa8   Data         512  os_core.o(.bss)
    OSTmrWheelTbl                            0x200021a8   Data          64  os_core.o(.bss)
    __initial_sp                             0x20002618   Data           0  startup_stm32f10x_md.o(STACK)



==============================================================================

Memory Map of the image

  Image Entry point : 0x080000ed

  Load Region LR_IROM1 (Base: 0x08000000, Size: 0x00007b68, Max: 0x00010000, ABSOLUTE)

    Execution Region ER_IROM1 (Exec base: 0x08000000, Load base: 0x08000000, Size: 0x00007a50, Max: 0x00010000, ABSOLUTE)

    Exec Addr    Load Addr    Size         Type   Attr      Idx    E Section Name        Object

    0x08000000   0x08000000   0x000000ec   Data   RO          644    RESET               startup_stm32f10x_md.o
    0x080000ec   0x080000ec   0x00000000   Code   RO         1310  * .ARM.Collect$$$$00000000  mc_w.l(entry.o)
    0x080000ec   0x080000ec   0x00000004   Code   RO         1612    .ARM.Collect$$$$00000001  mc_w.l(entry2.o)
    0x080000f0   0x080000f0   0x00000004   Code   RO         1615    .ARM.Collect$$$$00000004  mc_w.l(entry5.o)
    0x080000f4   0x080000f4   0x00000000   Code   RO         1617    .ARM.Collect$$$$00000008  mc_w.l(entry7b.o)
    0x080000f4   0x080000f4   0x00000000   Code   RO         1619    .ARM.Collect$$$$0000000A  mc_w.l(entry8b.o)
    0x080000f4   0x080000f4   0x00000008   Code   RO         1620    .ARM.Collect$$$$0000000B  mc_w.l(entry9a.o)
    0x080000fc   0x080000fc   0x00000000   Code   RO         1622    .ARM.Collect$$$$0000000D  mc_w.l(entry10a.o)
    0x080000fc   0x080000fc   0x00000000   Code   RO         1624    .ARM.Collect$$$$0000000F  mc_w.l(entry11a.o)
    0x080000fc   0x080000fc   0x00000004   Code   RO         1613    .ARM.Collect$$$$00002712  mc_w.l(entry2.o)
    0x08000100   0x08000100   0x00000264   Code   RO            1    .text               main.o
    0x08000364   0x08000364   0x00000016   Code   RO          165    .text               stm32f10x_it.o
    0x0800037a   0x0800037a   0x00000002   PAD
    0x0800037c   0x0800037c   0x000001e0   Code   RO          180    .text               system_stm32f10x.o
    0x0800055c   0x0800055c   0x00000058   Code   RO          198    .text               led.o
    0x080005b4   0x080005b4   0x000000a4   Code   RO          236    .text               key.o
    0x08000658   0x08000658   0x000000b0   Code   RO          252    .text               wdg.o
    0x08000708   0x08000708   0x00000098   Code   RO          294    .text               timer.o
    0x080007a0   0x080007a0   0x00000108   Code   RO          363    .text               wkup.o
    0x080008a8   0x080008a8   0x00000220   Code   RO          438    .text               spi.o
    0x08000ac8   0x08000ac8   0x00000180   Code   RO          518    .text               remote.o
    0x08000c48   0x08000c48   0x000000f4   Code   RO          540    .text               gpio.o
    0x08000d3c   0x08000d3c   0x0000012c   Code   RO          552    .text               timerhandler.o
    0x08000e68   0x08000e68   0x000000f4   Code   RO          594    .text               delay.o
    0x08000f5c   0x08000f5c   0x00000140   Code   RO          608    .text               usart.o
    0x0800109c   0x0800109c   0x00000024   Code   RO          645    .text               startup_stm32f10x_md.o
    0x080010c0   0x080010c0   0x000000dc   Code   RO          649    .text               misc.o
    0x0800119c   0x0800119c   0x00000254   Code   RO          745    .text               stm32f10x_dma.o
    0x080013f0   0x080013f0   0x0000011c   Code   RO          757    .text               stm32f10x_exti.o
    0x0800150c   0x0800150c   0x0000035c   Code   RO          793    .text               stm32f10x_gpio.o
    0x08001868   0x08001868   0x00000040   Code   RO          817    .text               stm32f10x_iwdg.o
    0x080018a8   0x080018a8   0x000000cc   Code   RO          829    .text               stm32f10x_pwr.o
    0x08001974   0x08001974   0x000003a4   Code   RO          841    .text               stm32f10x_rcc.o
    0x08001d18   0x08001d18   0x0000030c   Code   RO          879    .text               stm32f10x_spi.o
    0x08002024   0x08002024   0x00000e1a   Code   RO          891    .text               stm32f10x_tim.o
    0x08002e3e   0x08002e3e   0x00000002   PAD
    0x08002e40   0x08002e40   0x00000408   Code   RO          903    .text               stm32f10x_usart.o
    0x08003248   0x08003248   0x00000088   Code   RO          915    .text               stm32f10x_wwdg.o
    0x080032d0   0x080032d0   0x00000ca8   Code   RO         1041    .text               os_core.o
    0x08003f78   0x08003f78   0x0000079c   Code   RO         1061    .text               os_flag.o
    0x08004714   0x08004714   0x000001b4   Code   RO         1085    .text               os_mem.o
    0x080048c8   0x080048c8   0x0000058c   Code   RO         1109    .text               os_q.o
    0x08004e54   0x08004e54   0x00000354   Code   RO         1121    .text               os_sem.o
    0x080051a8   0x080051a8   0x000007a4   Code   RO         1133    .text               os_task.o
    0x0800594c   0x0800594c   0x00000190   Code   RO         1145    .text               os_time.o
    0x08005adc   0x08005adc   0x0000015c   Code   RO         1157    .text               os_dbg_r.o
    0x08005c38   0x08005c38   0x0000067c   Code   RO         1172    .text               os_tmr.o
    0x080062b4   0x080062b4   0x000000dc   Code   RO         1184    .text               os_cpu_a.o
    0x08006390   0x08006390   0x000000b4   Code   RO         1187    .text               os_cpu_c.o
    0x08006444   0x08006444   0x000006bc   Code   RO         1228    .text               wizchip_conf.o
    0x08006b00   0x08006b00   0x0000043a   Code   RO         1249    .text               w5500.o
    0x08006f3a   0x08006f3a   0x00000002   PAD
    0x08006f3c   0x08006f3c   0x0000033c   Code   RO         1282    .text               w5500init.o
    0x08007278   0x08007278   0x00000094   Code   RO         1313    .text               mc_w.l(localtime.o)
    0x0800730c   0x0800730c   0x00000024   Code   RO         1317    .text               mc_w.l(memcpya.o)
    0x08007330   0x08007330   0x00000062   Code   RO         1628    .text               mc_w.l(uldiv.o)
    0x08007392   0x08007392   0x00000020   Code   RO         1630    .text               mc_w.l(llushr.o)
    0x080073b2   0x080073b2   0x00000002   PAD
    0x080073b4   0x080073b4   0x00000024   Code   RO         1654    .text               mc_w.l(init.o)
    0x080073d8   0x080073d8   0x0000001e   Code   RO         1656    .text               mc_w.l(llshl.o)
    0x080073f6   0x080073f6   0x00000002   PAD
    0x080073f8   0x080073f8   0x00000020   Code   RO         1532    i.__0printf$8       mc_w.l(printf8.o)
    0x08007418   0x08007418   0x0000000e   Code   RO         1662    i.__scatterload_copy  mc_w.l(handlers.o)
    0x08007426   0x08007426   0x00000002   Code   RO         1663    i.__scatterload_null  mc_w.l(handlers.o)
    0x08007428   0x08007428   0x0000000e   Code   RO         1664    i.__scatterload_zeroinit  mc_w.l(handlers.o)
    0x08007436   0x08007436   0x00000002   PAD
    0x08007438   0x08007438   0x00000410   Code   RO         1539    i._printf_core      mc_w.l(printf8.o)
    0x08007848   0x08007848   0x00000024   Code   RO         1540    i._printf_post_padding  mc_w.l(printf8.o)
    0x0800786c   0x0800786c   0x0000002e   Code   RO         1541    i._printf_pre_padding  mc_w.l(printf8.o)
    0x0800789a   0x0800789a   0x00000002   PAD
    0x0800789c   0x0800789c   0x00000002   Data   RO          439    .constdata          spi.o
    0x0800789e   0x0800789e   0x00000100   Data   RO         1043    .constdata          os_core.o
    0x0800799e   0x0800799e   0x00000002   PAD
    0x080079a0   0x080079a0   0x00000074   Data   RO         1158    .constdata          os_dbg_r.o
    0x08007a14   0x08007a14   0x00000010   Data   RO         1283    .constdata          w5500init.o
    0x08007a24   0x08007a24   0x0000000c   Data   RO         1315    .constdata          mc_w.l(localtime.o)
    0x08007a30   0x08007a30   0x00000020   Data   RO         1660    Region$$Table       anon$$obj.o


    Execution Region RW_IRAM1 (Exec base: 0x20000000, Load base: 0x08007a50, Size: 0x00002618, Max: 0x00005000, ABSOLUTE)

    Exec Addr    Load Addr    Size         Type   Attr      Idx    E Section Name        Object

    0x20000000   0x08007a50   0x00000009   Data   RW            3    .data               main.o
    0x20000009   0x08007a59   0x00000003   PAD
    0x2000000c   0x08007a5c   0x00000014   Data   RW          181    .data               system_stm32f10x.o
    0x20000020   0x08007a70   0x00000001   Data   RW          237    .data               key.o
    0x20000021   0x08007a71   0x00000003   PAD
    0x20000024   0x08007a74   0x00000006   Data   RW          519    .data               remote.o
    0x2000002a   0x08007a7a   0x00000002   PAD
    0x2000002c   0x08007a7c   0x00000012   Data   RW          553    .data               timerhandler.o
    0x2000003e   0x08007a8e   0x00000004   Data   RW          595    .data               delay.o
    0x20000042   0x08007a92   0x00000002   PAD
    0x20000044   0x08007a94   0x00000005   Data   RW          610    .data               usart.o
    0x20000049   0x08007a99   0x00000014   Data   RW          842    .data               stm32f10x_rcc.o
    0x2000005d   0x08007aad   0x00000003   PAD
    0x20000060   0x08007ab0   0x00000064   Data   RW         1044    .data               os_core.o
    0x200000c4   0x08007b14   0x00000008   Data   RW         1188    .data               os_cpu_c.o
    0x200000cc   0x08007b1c   0x00000031   Data   RW         1229    .data               wizchip_conf.o
    0x200000fd   0x08007b4d   0x0000001b   Data   RW         1284    .data               w5500init.o
    0x20000118        -       0x00000d0c   Zero   RW            2    .bss                main.o
    0x20000e24        -       0x0000001c   Zero   RW          470    .bss                touch.o
    0x20000e40        -       0x00000040   Zero   RW          609    .bss                usart.o
    0x20000e80        -       0x00001368   Zero   RW         1042    .bss                os_core.o
    0x200021e8        -       0x0000002c   Zero   RW         1314    .bss                mc_w.l(localtime.o)
    0x20002214   0x08007b68   0x00000004   PAD
    0x20002218        -       0x00000400   Zero   RW          642    STACK               startup_stm32f10x_md.o


==============================================================================

Image component sizes


      Code (inc. data)   RO Data    RW Data    ZI Data      Debug   Object Name

         0          0          0          0          0         32   core_cm3.o
       244         14          0          4          0       1335   delay.o
       244          4          0          0          0        642   gpio.o
       164         14          0          1          0        732   key.o
        88          8          0          0          0     206003   led.o
       612        210          0          9       3340     288413   main.o
       220         22          0          0          0       1777   misc.o
      3240        282        256        100       4968      18768   os_core.o
       220         40          0          0          0        344   os_cpu_a.o
       180          0          0          8          0      11468   os_cpu_c.o
       348        230        116          0          0       3378   os_dbg_r.o
      1948         42          0          0          0       6776   os_flag.o
       436         18          0          0          0       3048   os_mem.o
      1420         34          0          0          0       5377   os_q.o
       852         22          0          0          0       3710   os_sem.o
      1956         72          0          0          0       7656   os_task.o
       400         30          0          0          0       1722   os_time.o
      1660        134          0          0          0       5733   os_tmr.o
       384         30          0          6          0       1727   remote.o
       544         16          2          0          0       2384   spi.o
        36          8        236          0       1024        784   startup_stm32f10x_md.o
       596          8          0          0          0       4342   stm32f10x_dma.o
       284         10          0          0          0       2235   stm32f10x_exti.o
       860         38          0          0          0       5713   stm32f10x_gpio.o
        22          0          0          0          0        995   stm32f10x_it.o
        64          6          0          0          0       1269   stm32f10x_iwdg.o
       204         14          0          0          0       1943   stm32f10x_pwr.o
       932         36          0         20          0       8884   stm32f10x_rcc.o
       780         14          0          0          0       6594   stm32f10x_spi.o
      3610         88          0          0          0      22820   stm32f10x_tim.o
      1032         22          0          0          0       8436   stm32f10x_usart.o
       136         10          0          0          0       2276   stm32f10x_wwdg.o
       480         38          0         20          0       1731   system_stm32f10x.o
       152          8          0          0          0        786   timer.o
       300         32          0         18          0       3297   timerhandler.o
         0          0          0          0         28        888   touch.o
       320         16          0          5         64       3142   usart.o
      1082          6          0          0          0       3682   w5500.o
       828        328         16         27          0       2221   w5500init.o
       176          6          0          0          0       1396   wdg.o
      1724         40          0         49          0      11967   wizchip_conf.o
       264         12          0          0          0       1246   wkup.o

    ----------------------------------------------------------------------
     29048       1962        660        280       9424     667672   Object Totals
         0          0         32          0          0          0   (incl. Generated)
         6          0          2         13          0          0   (incl. Padding)

    ----------------------------------------------------------------------

      Code (inc. data)   RO Data    RW Data    ZI Data      Debug   Library Member Name

         0          0          0          0          0          0   entry.o
         0          0          0          0          0          0   entry10a.o
         0          0          0          0          0          0   entry11a.o
         8          4          0          0          0          0   entry2.o
         4          0          0          0          0          0   entry5.o
         0          0          0          0          0          0   entry7b.o
         0          0          0          0          0          0   entry8b.o
         8          4          0          0          0          0   entry9a.o
        30          0          0          0          0          0   handlers.o
        36          8          0          0          0         68   init.o
        30          0          0          0          0         68   llshl.o
        32          0          0          0          0         68   llushr.o
       148         10         12          0         44         76   localtime.o
        36          0          0          0          0         68   memcpya.o
      1154         54          0          0          0        352   printf8.o
        98          0          0          0          0         92   uldiv.o

    ----------------------------------------------------------------------
      1592         80         12          0         48        792   Library Totals
         8          0          0          0          4          0   (incl. Padding)

    ----------------------------------------------------------------------

      Code (inc. data)   RO Data    RW Data    ZI Data      Debug   Library Name

      1584         80         12          0         44        792   mc_w.l

    ----------------------------------------------------------------------
      1592         80         12          0         48        792   Library Totals

    ----------------------------------------------------------------------

==============================================================================


      Code (inc. data)   RO Data    RW Data    ZI Data      Debug   

     30640       2042        672        280       9472     664820   Grand Totals
     30640       2042        672        280       9472     664820   ELF Image Totals
     30640       2042        672        280          0          0   ROM Totals

==============================================================================

    Total RO  Size (Code + RO Data)                31312 (  30.58kB)
    Total RW  Size (RW Data + ZI Data)              9752 (   9.52kB)
    Total ROM Size (Code + RO Data + RW Data)      31592 (  30.85kB)

==============================================================================

