Component: ARM Compiler 5.06 update 6 (build 750) Tool: armlink [4d35ed]

==============================================================================

Section Cross References

    main.o(.text) refers to lcd.o(.text) for LCD_Fill
    main.o(.text) refers to touch.o(.text) for Touch_Adjust
    main.o(.text) refers to printf5.o(i.__0printf$5) for __2printf
    main.o(.text) refers to os_time.o(.text) for OSTimeDlyHMSM
    main.o(.text) refers to os_sem.o(.text) for OSSemPend
    main.o(.text) refers to os_cpu_a.o(.text) for OS_ENTER_CRITICAL
    main.o(.text) refers to os_task.o(.text) for OSTaskCreate
    main.o(.text) refers to system_stm32f10x.o(.text) for SystemInit
    main.o(.text) refers to delay.o(.text) for delay_init
    main.o(.text) refers to sys.o(.text) for NVIC_Configuration
    main.o(.text) refers to usart.o(.text) for uart_init
    main.o(.text) refers to stm32f10x_gpio.o(.text) for GPIO_WriteBit
    main.o(.text) refers to led.o(.text) for LED_Init
    main.o(.text) refers to key.o(.text) for KEY_Init
    main.o(.text) refers to os_core.o(.text) for OSInit
    main.o(.text) refers to lcd.o(.data) for POINT_COLOR
    main.o(.text) refers to main.o(.data) for err
    main.o(.text) refers to main.o(.bss) for TASK_LED_STK
    main.o(.text) refers to main.o(.constdata) for .constdata
    main.o(.text) refers to touch.o(.bss) for Pen_Point
    system_stm32f10x.o(.text) refers to system_stm32f10x.o(.data) for SystemCoreClock
    led.o(.text) refers to stm32f10x_rcc.o(.text) for RCC_APB2PeriphClockCmd
    led.o(.text) refers to stm32f10x_gpio.o(.text) for GPIO_Init
    key.o(.text) refers to stm32f10x_gpio.o(.text) for GPIO_Init
    key.o(.text) refers to delay.o(.text) for delay_ms
    key.o(.text) refers to key.o(.data) for key_up
    wdg.o(.text) refers to stm32f10x_iwdg.o(.text) for IWDG_WriteAccessCmd
    wdg.o(.text) refers to misc.o(.text) for NVIC_Init
    wdg.o(.text) refers to stm32f10x_rcc.o(.text) for RCC_APB1PeriphClockCmd
    wdg.o(.text) refers to stm32f10x_wwdg.o(.text) for WWDG_SetPrescaler
    wdg.o(.text) refers to os_core.o(.text) for OSIntEnter
    timer.o(.text) refers to stm32f10x_rcc.o(.text) for RCC_APB1PeriphClockCmd
    timer.o(.text) refers to stm32f10x_tim.o(.text) for TIM_TimeBaseInit
    timer.o(.text) refers to misc.o(.text) for NVIC_Init
    timer.o(.text) refers to os_core.o(.text) for OSIntEnter
    pwm.o(.text) refers to stm32f10x_rcc.o(.text) for RCC_APB1PeriphClockCmd
    pwm.o(.text) refers to stm32f10x_gpio.o(.text) for GPIO_Init
    pwm.o(.text) refers to stm32f10x_tim.o(.text) for TIM_TimeBaseInit
    lcd.o(.text) refers to delay.o(.text) for delay_us
    lcd.o(.text) refers to lcd.o(i.LCD_SetCursor) for LCD_SetCursor
    lcd.o(.text) refers to lcd.o(.data) for DeviceCode
    lcd.o(.text) refers to stm32f10x_rcc.o(.text) for RCC_APB2PeriphClockCmd
    lcd.o(.text) refers to stm32f10x_gpio.o(.text) for GPIO_PinRemapConfig
    lcd.o(.text) refers to printf5.o(i.__0printf$5) for __2printf
    lcd.o(.text) refers to lcd.o(.constdata) for asc2_1206
    wkup.o(.text) refers to misc.o(.text) for NVIC_SystemLPConfig
    wkup.o(.text) refers to stm32f10x_rcc.o(.text) for RCC_APB1PeriphClockCmd
    wkup.o(.text) refers to stm32f10x_pwr.o(.text) for PWR_WakeUpPinCmd
    wkup.o(.text) refers to delay.o(.text) for delay_ms
    wkup.o(.text) refers to os_core.o(.text) for OSIntEnter
    wkup.o(.text) refers to stm32f10x_gpio.o(.text) for GPIO_Init
    wkup.o(.text) refers to stm32f10x_exti.o(.text) for EXTI_Init
    adc.o(.text) refers to stm32f10x_rcc.o(.text) for RCC_APB2PeriphClockCmd
    adc.o(.text) refers to stm32f10x_gpio.o(.text) for GPIO_Init
    adc.o(.text) refers to stm32f10x_adc.o(.text) for ADC_DeInit
    tsensor.o(.text) refers to stm32f10x_rcc.o(.text) for RCC_APB2PeriphClockCmd
    tsensor.o(.text) refers to stm32f10x_gpio.o(.text) for GPIO_Init
    tsensor.o(.text) refers to stm32f10x_adc.o(.text) for ADC_DeInit
    tsensor.o(.text) refers to delay.o(.text) for delay_ms
    myiic.o(.text) refers to stm32f10x_rcc.o(.text) for RCC_APB2PeriphClockCmd
    myiic.o(.text) refers to stm32f10x_gpio.o(.text) for GPIO_Init
    myiic.o(.text) refers to delay.o(.text) for delay_us
    24cxx.o(.text) refers to myiic.o(.text) for IIC_Init
    24cxx.o(.text) refers to delay.o(.text) for delay_ms
    spi.o(.text) refers to stm32f10x_spi.o(.text) for SPI_I2S_GetFlagStatus
    spi.o(.text) refers to stm32f10x_rcc.o(.text) for RCC_APB2PeriphClockCmd
    spi.o(.text) refers to stm32f10x_gpio.o(.text) for GPIO_Init
    spi.o(.text) refers to spi.o(.bss) for SPI_InitStructure
    flash.o(.text) refers to stm32f10x_gpio.o(.text) for GPIO_Init
    flash.o(.text) refers to spi.o(.text) for SPIx_Init
    flash.o(.text) refers to delay.o(.text) for delay_us
    flash.o(.text) refers to flash.o(.bss) for SPI_FLASH_BUF
    touch.o(.text) refers to delay.o(.text) for delay_us
    touch.o(.text) refers to lcd.o(.text) for LCD_DrawLine
[...]
    .text                                    0x08000798   Section        0  timer.o(.text)
    .text                                    0x08000830   Section        0  lcd.o(.text)
    .text                                    0x08002c78   Section        0  wkup.o(.text)
    .text                                    0x08002d80   Section        0  myiic.o(.text)
    .text                                    0x08002fd8   Section        0  24cxx.o(.text)
    .text                                    0x08003154   Section        0  touch.o(.text)
    .text                                    0x08004008   Section        0  remote.o(.text)
    .text                                    0x08004188   Section        0  delay.o(.text)
    .text                                    0x0800427c   Section        0  sys.o(.text)
    .text                                    0x08004288   Section        0  usart.o(.text)
    .text                                    0x080043c8   Section       36  startup_stm32f10x_md.o(.text)
    .text                                    0x080043ec   Section        0  misc.o(.text)
    .text                                    0x080044c8   Section        0  stm32f10x_exti.o(.text)
    .text                                    0x080045e4   Section        0  stm32f10x_gpio.o(.text)
    .text                                    0x08004940   Section        0  stm32f10x_iwdg.o(.text)
    .text                                    0x08004980   Section        0  stm32f10x_pwr.o(.text)
    .text                                    0x08004a4c   Section        0  stm32f10x_rcc.o(.text)
    .text                                    0x08004df0   Section        0  stm32f10x_tim.o(.text)
    TI4_Config                               0x08005297   Thumb Code   130  stm32f10x_tim.o(.text)
    TI3_Config                               0x0800532b   Thumb Code   122  stm32f10x_tim.o(.text)
    TI2_Config                               0x080053bf   Thumb Code   130  stm32f10x_tim.o(.text)
    TI1_Config                               0x08005453   Thumb Code   108  stm32f10x_tim.o(.text)
    .text                                    0x08005c0c   Section        0  stm32f10x_usart.o(.text)
    .text                                    0x08006014   Section        0  stm32f10x_wwdg.o(.text)
    .text                                    0x0800609c   Section        0  os_core.o(.text)
    OS_SchedNew                              0x08006191   Thumb Code    26  os_core.o(.text)
    OS_InitTaskStat                          0x080065e1   Thumb Code    52  os_core.o(.text)
    OS_InitTaskIdle                          0x08006631   Thumb Code    52  os_core.o(.text)
    OS_InitEventList                         0x08006677   Thumb Code    82  os_core.o(.text)
    OS_InitTCBList                           0x080066c9   Thumb Code   106  os_core.o(.text)
    OS_InitRdyList                           0x08006733   Thumb Code    44  os_core.o(.text)
    OS_InitMisc                              0x0800675f   Thumb Code    44  os_core.o(.text)
    .text                                    0x08006d20   Section        0  os_flag.o(.text)
    OS_FlagTaskRdy                           0x08006e7b   Thumb Code    82  os_flag.o(.text)
    OS_FlagBlock                             0x08007013   Thumb Code   152  os_flag.o(.text)
    .text                                    0x080074ac   Section        0  os_mem.o(.text)
    .text                                    0x08007660   Section        0  os_q.o(.text)
    .text                                    0x08007bec   Section        0  os_sem.o(.text)
    .text                                    0x08007f40   Section        0  os_task.o(.text)
    .text                                    0x080086b4   Section        0  os_time.o(.text)
    .text                                    0x08008844   Section        0  os_dbg_r.o(.text)
    .text                                    0x080089a0   Section        0  os_tmr.o(.text)
    OSTmr_Alloc                              0x080089a1   Thumb Code    50  os_tmr.o(.text)
    OSTmr_Free                               0x08008a33   Thumb Code    58  os_tmr.o(.text)
    OSTmr_Unlink                             0x08008a6d   Thumb Code    62  os_tmr.o(.text)
    OSTmr_Link                               0x08008c93   Thumb Code   100  os_tmr.o(.text)
    OSTmr_Task                               0x08008e59   Thumb Code   114  os_tmr.o(.text)
    OSTmr_InitTask                           0x08008ecb   Thumb Code    50  os_tmr.o(.text)
    .text                                    0x08009010   Section      220  os_cpu_a.o(.text)
    .text                                    0x080090ec   Section        0  os_cpu_c.o(.text)
    .text                                    0x080091a0   Section        0  fadd.o(.text)
    .text                                    0x08009250   Section        0  fmul.o(.text)
    .text                                    0x080092b4   Section        0  fdiv.o(.text)
    .text                                    0x08009330   Section        0  fflti.o(.text)
    .text                                    0x08009342   Section        0  ffltui.o(.text)
    .text                                    0x0800934c   Section        0  dfltui.o(.text)
    .text                                    0x08009366   Section        0  ffixi.o(.text)
    .text                                    0x08009398   Section        0  ffixui.o(.text)
    .text                                    0x080093c0   Section        0  dfixui.o(.text)
    .text                                    0x080093f2   Section        0  f2d.o(.text)
    .text                                    0x08009418   Section       48  cdcmple.o(.text)
    .text                                    0x08009448   Section       48  cdrcmple.o(.text)
    .text                                    0x08009478   Section        0  uldiv.o(.text)
    .text                                    0x080094da   Section        0  llushr.o(.text)
    .text                                    0x080094fa   Section        0  fepilogue.o(.text)
    .text                                    0x080094fa   Section        0  iusefp.o(.text)
    .text                                    0x08009568   Section        0  depilogue.o(.text)
    .text                                    0x08009622   Section        0  dsqrt.o(.text)
    .text                                    0x080096c4   Section       36  init.o(.text)
    .text                                    0x080096e8   Section        0  llshl.o(.text)
    i.LCD_SetCursor                          0x08009708   Section        0  lcd.o(i.LCD_SetCursor)
    i.__0printf$5                            0x080097d4   Section        0  printf5.o(i.__0printf$5)
    i.__scatterload_copy                     0x080097f4   Section       14  handlers.o(i.__scatterload_copy)
    i.__scatterload_null                     0x08009802   Section        2  handlers.o(i.__scatterload_null)
    i.__scatterload_zeroinit                 0x08009804   Section       14  handlers.o(i.__scatterload_zeroinit)
    i.__set_errno                            0x08009814   Section        0  errno.o(i.__set_errno)
    i._printf_core                           0x08009820   Section        0  printf5.o(i._printf_core)
    _printf_core                             0x08009821   Thumb Code   658  printf5.o(i._printf_core)
    i.sqrt                                   0x08009ae0   Section        0  sqrt.o(i.sqrt)
    .constdata                               0x08009b2c   Section        8  main.o(.constdata)
    .constdata                               0x08009b34   Section     2660  lcd.o(.constdata)
    .constdata                               0x0800a598   Section      256  os_core.o(.constdata)
    .constdata                               0x0800a698   Section      116  os_dbg_r.o(.constdata)
    .data                                    0x20000000   Section        5  main.o(.data)
    .data                                    0x20000008   Section       20  system_stm32f10x.o(.data)
    .data                                    0x2000001c   Section        1  key.o(.data)
    key_up                                   0x2000001c   Data           1  key.o(.data)
    .data                                    0x2000001e   Section        6  lcd.o(.data)
    .data                                    0x20000024   Section        2  touch.o(.data)
    .data                                    0x20000028   Section        6  remote.o(.data)
    .data                                    0x2000002e   Section        4  delay.o(.data)
    fac_us                                   0x2000002e   Data           1  delay.o(.data)
    fac_ms                                   0x20000030   Data           2  delay.o(.data)
    .data                                    0x20000034   Section        5  usart.o(.data)
    .data                                    0x20000039   Section       20  stm32f10x_rcc.o(.data)
    APBAHBPrescTable                         0x20000039   Data          16  stm32f10x_rcc.o(.data)
    ADCPrescTable                            0x20000049   Data           4  stm32f10x_rcc.o(.data)
    .data                                    0x20000050   Section       96  os_core.o(.data)
    .data                                    0x200000b0   Section        4  os_cpu_c.o(.data)
    .data                                    0x200000b4   Section        4  errno.o(.data)
    _errno                                   0x200000b4   Data           4  errno.o(.data)
    .bss                                     0x200000b8   Section     3340  main.o(.bss)
    .bss                                     0x20000dc4   Section       28  touch.o(.bss)
    .bss                                     0x20000de0   Section       64  usart.o(.bss)
    .bss                                     0x20000e20   Section     4968  os_core.o(.bss)
    STACK                                    0x20002188   Section     1024  startup_stm32f10x_md.o(STACK)

    Global Symbols

    Symbol Name                              Value     Ov Type        Size  Object(Section)

    BuildAttributes$$THM_ISAv4$P$D$K$B$S$PE$A:L22UL41UL21$X:L11$S22US41US21$IEEE1$IW$USESV6$~STKCKD$USESV7$~SHL$OTIME$ROPI$IEEEJ$EBA8$MICROLIB$REQ8$PRES8$EABIv2 0x00000000   Number         0  anon$$obj.o ABSOLUTE
    __ARM_use_no_argv                        0x00000000   Number         0  main.o ABSOLUTE
    __use_no_errno                           0x00000000   Number         0  useno.o ABSOLUTE
    __use_no_exception_handling              0x00000000   Number         0  useno.o ABSOLUTE
    __use_no_fp                              0x00000000   Number         0  useno.o ABSOLUTE
    __use_no_heap                            0x00000000   Number         0  useno.o ABSOLUTE
    __use_no_heap_region                     0x00000000   Number         0  useno.o ABSOLUTE
    __use_no_semihosting                     0x00000000   Number         0  useno.o ABSOLUTE
    __use_no_semihosting_swi                 0x00000000   Number         0  useno.o ABSOLUTE
    __use_no_signal_handling                 0x00000000   Number         0  useno.o ABSOLUTE
    _printf_a                                0x00000000   Number         0  stubs.o ABSOLUTE
    _printf_c                                0x00000000   Number         0  stubs.o ABSOLUTE
    _printf_charcount                        0x00000000   Number         0  stubs.o ABSOLUTE
    _printf_d                                0x00000000   Number         0  stubs.o ABSOLUTE
    _printf_e                                0x00000000   Number         0  stubs.o ABSOLUTE
    _printf_f                                0x00000000   Number         0  stubs.o ABSOLUTE
    _printf_flags                            0x00000000   Number         0  stubs.o ABSOLUTE
    _printf_fp_dec                           0x00000000   Number         0  stubs.o ABSOLUTE
    _printf_fp_hex                           0x00000000   Number         0  stubs.o ABSOLUTE
    _printf_g                                0x00000000   Number         0  stubs.o ABSOLUTE
    _printf_i                                0x00000000   Number         0  stubs.o ABSOLUTE
    _printf_int_dec                          0x00000000   Number         0  stubs.o ABSOLUTE
    _printf_l                                0x00000000   Number         0  stubs.o ABSOLUTE
    _printf_lc                               0x00000000   Number         0  stubs.o ABSOLUTE
    _printf_ll                               0x00000000   Number         0  stubs.o ABSOLUTE
    _printf_lld                              0x00000000   Number         0  stubs.o ABSOLUTE
    _printf_lli                              0x00000000   Number         0  stubs.o ABSOLUTE
    _printf_llo                              0x00000000   Number         0  stubs.o ABSOLUTE
    _printf_llu                              0x00000000   Number         0  stubs.o ABSOLUTE
    _printf_llx                              0x00000000   Number         0  stubs.o ABSOLUTE
    _printf_longlong_dec                     0x00000000   Number         0  stubs.o ABSOLUTE
    _printf_longlong_hex                     0x00000000   Number         0  stubs.o ABSOLUTE
    _printf_longlong_oct                     0x00000000   Number         0  stubs.o ABSOLUTE
    _printf_ls                               0x00000000   Number         0  stubs.o ABSOLUTE
    _printf_mbtowc                           0x00000000   Number         0  stubs.o ABSOLUTE
    _printf_n                                0x00000000   Number         0  stubs.o ABSOLUTE
    _printf_o                                0x00000000   Number         0  stubs.o ABSOLUTE
    _printf_p                                0x00000000   Number         0  stubs.o ABSOLUTE
    _printf_percent                          0x00000000   Number         0  stubs.o ABSOLUTE
    _printf_pre_padding                      0x00000000   Number         0  stubs.o ABSOLUTE
    _printf_return_value                     0x00000000   Number         0  stubs.o ABSOLUTE
    _printf_s                                0x00000000   Number         0  stubs.o ABSOLUTE
    _printf_sizespec                         0x00000000   Number         0  stubs.o ABSOLUTE
    _printf_str                              0x00000000   Number         0  stubs.o ABSOLUTE
    _printf_truncate_signed                  0x00000000   Number         0  stubs.o ABSOLUTE
    _printf_truncate_unsigned                0x00000000   Number         0  stubs.o ABSOLUTE
    _printf_u                                0x00000000   Number         0  stubs.o ABSOLUTE
    _printf_wc                               0x00000000   Number         0  stubs.o ABSOLUTE
    _printf_wctomb                           0x00000000   Number         0  stubs.o ABSOLUTE
    _printf_widthprec                        0x00000000   Number         0  stubs.o ABSOLUTE
    _printf_x                                0x00000000   Number         0  stubs.o ABSOLUTE
    __cpp_initialize__aeabi_                  - Undefined Weak Reference
    __cxa_finalize                            - Undefined Weak Reference
    __decompress                              - Undefined Weak Reference
    _clock_init                               - Undefined Weak Reference
    _microlib_exit                            - Undefined Weak Reference
    __Vectors_Size                           0x000000ec   Number         0  startup_stm32f10x_md.o ABSOLUTE
    __Vectors                                0x08000000   Data           4  startup_stm32f10x_md.o(RESET)
    __Vectors_End                            0x080000ec   Data           0  startup_stm32f10x_md.o(RESET)
    __main                                   0x080000ed   Thumb Code     0  entry.o(.ARM.Collect$$$$00000000)
    _main_stk                                0x080000ed   Thumb Code     0  entry2.o(.ARM.Collect$$$$00000001)
    _main_scatterload                        0x080000f1   Thumb Code     0  entry5.o(.ARM.Collect$$$$00000004)
    __main_after_scatterload                 0x080000f5   Thumb Code     0  entry5.o(.ARM.Collect$$$$00000004)
    _main_clock                              0x080000f5   Thumb Code     0  entry7b.o(.ARM.Collect$$$$00000008)
    _main_cpp_init                           0x080000f5   Thumb Code     0  entry8b.o(.ARM.Collect$$$$0000000A)
    _main_init                               0x080000f5   Thumb Code     0  entry9a.o(.ARM.Collect$$$$0000000B)
    __rt_final_cpp                           0x080000fd   Thumb Code     0  entry10a.o(.ARM.Collect$$$$0000000D)
    __rt_final_exit                          0x080000fd   Thumb Code     0  entry11a.o(.ARM.Collect$$$$0000000F)
    Load_Drow_Dialog                         0x08000101   Thumb Code    62  main.o(.text)
    Load_Adjust_Panel                        0x0800013f   Thumb Code    24  main.o(.text)
    TaskKey                                  0x08000157   Thumb Code    28  main.o(.text)
    TaskLed1                                 0x08000173   Thumb Code    38  main.o(.text)
    TaskLed                                  0x08000199   Thumb Code    30  main.o(.text)
    TaskStart                                0x080001b7   Thumb Code    80  main.o(.text)
    main                                     0x08000207   Thumb Code    78  main.o(.text)
    TaskLCD                                  0x08000255   Thumb Code   124  main.o(.text)
    TaskTouch                                0x080002d1   Thumb Code   122  main.o(.text)
    NMI_Handler                              0x080003f5   Thumb Code     2  stm32f10x_it.o(.text)
    HardFault_Handler                        0x080003f7   Thumb Code     4  stm32f10x_it.o(.text)
    MemManage_Handler                        0x080003fb   Thumb Code     4  stm32f10x_it.o(.text)
    BusFault_Handler                         0x080003ff   Thumb Code     4  stm32f10x_it.o(.text)
    UsageFault_Handler                       0x08000403   Thumb Code     4  stm32f10x_it.o(.text)
    SVC_Handler                              0x08000407   Thumb Code     2  stm32f10x_it.o(.text)
    DebugMon_Handler                         0x08000409   Thumb Code     2  stm32f10x_it.o(.text)
    SystemInit                               0x080004eb   Thumb Code    78  system_stm32f10x.o(.text)
    SystemCoreClockUpdate                    0x08000539   Thumb Code   142  system_stm32f10x.o(.text)
    LED_Init                                 0x080005ed   Thumb Code    80  led.o(.text)
    KEY_Init                                 0x08000645   Thumb Code    34  key.o(.text)
    KEY_Scan                                 0x08000667   Thumb Code   116  key.o(.text)
    IWDG_Init                                0x080006e9   Thumb Code    36  wdg.o(.text)
    IWDG_Feed                                0x0800070d   Thumb Code     8  wdg.o(.text)
    WWDG_NVIC_Init                           0x08000715   Thumb Code    28  wdg.o(.text)
    WWDG_Init                                0x08000731   Thumb Code    48  wdg.o(.text)
    WWDG_Set_Counter                         0x08000761   Thumb Code    12  wdg.o(.text)
    WWDG_IRQHandler                          0x0800076d   Thumb Code    38  wdg.o(.text)
    Timerx_Init                              0x08000799   Thumb Code    98  timer.o(.text)
    TIM3_IRQHandler                          0x080007fb   Thumb Code    46  timer.o(.text)
    LCD_WR_REG                               0x08000831   Thumb Code    28  lcd.o(.text)
    LCD_RD_DATA                              0x0800084d   Thumb Code    98  lcd.o(.text)
    LCD_WriteReg                             0x080008af   Thumb Code    40  lcd.o(.text)
    LCD_ReadReg                              0x080008d7   Thumb Code    16  lcd.o(.text)
    LCD_WriteRAM_Prepare                     0x080008e7   Thumb Code    30  lcd.o(.text)
    LCD_WriteRAM                             0x08000905   Thumb Code    28  lcd.o(.text)
    LCD_BGR2RGB                              0x08000921   Thumb Code    26  lcd.o(.text)
    LCD_ReadPoint                            0x0800093b   Thumb Code   286  lcd.o(.text)
    LCD_DisplayOn                            0x08000a59   Thumb Code    34  lcd.o(.text)
    LCD_DisplayOff                           0x08000a7b   Thumb Code    32  lcd.o(.text)
    LCD_Scan_Dir                             0x08000a9b   Thumb Code   688  lcd.o(.text)
    LCD_DrawPoint                            0x08000d4b   Thumb Code    52  lcd.o(.text)
    LCD_Clear                                0x08000d7f   Thumb Code    58  lcd.o(.text)
    LCD_Init                                 0x08000db9   Thumb Code  6694  lcd.o(.text)
    LCD_Fill                                 0x080027df   Thumb Code   114  lcd.o(.text)
    LCD_DrawLine                             0x08002851   Thumb Code   176  lcd.o(.text)
    LCD_DrawRectangle                        0x08002901   Thumb Code    64  lcd.o(.text)
    Draw_Circle                              0x08002941   Thumb Code   176  lcd.o(.text)
    LCD_ShowChar                             0x080029f1   Thumb Code   294  lcd.o(.text)
    mypow                                    0x08002b17   Thumb Code    22  lcd.o(.text)
    LCD_ShowNum                              0x08002b2d   Thumb Code   148  lcd.o(.text)
    LCD_Show2Num                             0x08002bc1   Thumb Code    92  lcd.o(.text)
    LCD_ShowString                           0x08002c1d   Thumb Code    74  lcd.o(.text)
    Sys_Standby                              0x08002c79   Thumb Code    30  wkup.o(.text)
    Sys_Enter_Standby                        0x08002c97   Thumb Code    18  wkup.o(.text)
    Check_WKUP                               0x08002ca9   Thumb Code    70  wkup.o(.text)
    EXTI0_IRQHandler                         0x08002cef   Thumb Code    28  wkup.o(.text)
    WKUP_Init                                0x08002d0b   Thumb Code   106  wkup.o(.text)
    IIC_Init                                 0x08002d81   Thumb Code    52  myiic.o(.text)
    IIC_Start                                0x08002db5   Thumb Code    68  myiic.o(.text)
    IIC_Stop                                 0x08002df9   Thumb Code    62  myiic.o(.text)
    IIC_Wait_Ack                             0x08002e37   Thumb Code    86  myiic.o(.text)
    IIC_Ack                                  0x08002e8d   Thumb Code    66  myiic.o(.text)
    IIC_NAck                                 0x08002ecf   Thumb Code    66  myiic.o(.text)
    IIC_Send_Byte                            0x08002f11   Thumb Code    90  myiic.o(.text)
    IIC_Read_Byte                            0x08002f6b   Thumb Code    98  myiic.o(.text)
    AT24CXX_Init                             0x08002fd9   Thumb Code     8  24cxx.o(.text)
    AT24CXX_ReadOneByte                      0x08002fe1   Thumb Code    88  24cxx.o(.text)
    AT24CXX_WriteOneByte                     0x08003039   Thumb Code    80  24cxx.o(.text)
    AT24CXX_WriteLenByte                     0x08003089   Thumb Code    42  24cxx.o(.text)
    AT24CXX_ReadLenByte                      0x080030b3   Thumb Code    44  24cxx.o(.text)
    AT24CXX_Check                            0x080030df   Thumb Code    46  24cxx.o(.text)
    AT24CXX_Read                             0x0800310d   Thumb Code    34  24cxx.o(.text)
    AT24CXX_Write                            0x0800312f   Thumb Code    36  24cxx.o(.text)
    ADS_Write_Byte                           0x08003155   Thumb Code    56  touch.o(.text)
    ADS_Read_AD                              0x0800318d   Thumb Code   112  touch.o(.text)
    ADS_Read_XY                              0x080031fd   Thumb Code   124  touch.o(.text)
    Read_ADS                                 0x08003279   Thumb Code    50  touch.o(.text)
    Read_ADS2                                0x080032ab   Thumb Code   192  touch.o(.text)
    Pen_Int_Set                              0x0800336b   Thumb Code    30  touch.o(.text)
    Read_TP_Once                             0x08003389   Thumb Code    66  touch.o(.text)
    Drow_Touch_Point                         0x080033cb   Thumb Code    98  touch.o(.text)
    Draw_Big_Point                           0x0800342d   Thumb Code    44  touch.o(.text)
    Convert_Pos                              0x08003459   Thumb Code   118  touch.o(.text)
    Save_Adjdata                             0x080034cf   Thumb Code   108  touch.o(.text)
    Get_Adjdata                              0x0800353b   Thumb Code   178  touch.o(.text)
    ADJ_INFO_SHOW                            0x080035ed   Thumb Code    66  touch.o(.text)
    Touch_Adjust                             0x0800362f   Thumb Code  2280  touch.o(.text)
    Touch_Init                               0x08003f17   Thumb Code   178  touch.o(.text)
    Remote_Init                              0x08004009   Thumb Code   102  remote.o(.text)
    Pulse_Width_Check                        0x0800406f   Thumb Code    36  remote.o(.text)
    EXTI1_IRQHandler                         0x08004093   Thumb Code   158  remote.o(.text)
    Remote_Process                           0x08004131   Thumb Code    58  remote.o(.text)
    SysTick_Handler                          0x08004189   Thumb Code    16  delay.o(.text)
    delay_init                               0x08004199   Thumb Code    82  delay.o(.text)
    delay_us                                 0x080041eb   Thumb Code    70  delay.o(.text)
    delay_ms                                 0x08004231   Thumb Code    62  delay.o(.text)
    NVIC_Configuration                       0x0800427d   Thumb Code    12  sys.o(.text)
    _sys_exit                                0x08004289   Thumb Code     6  usart.o(.text)
    fputc                                    0x0800428f   Thumb Code    24  usart.o(.text)
    uart_init                                0x080042a7   Thumb Code   152  usart.o(.text)
    USART1_IRQHandler                        0x0800433f   Thumb Code   122  usart.o(.text)
    Reset_Handler                            0x080043c9   Thumb Code     8  startup_stm32f10x_md.o(.text)
    ADC1_2_IRQHandler                        0x080043e3   Thumb Code     0  startup_stm32f10x_md.o(.text)
    CAN1_RX1_IRQHandler                      0x080043e3   Thumb Code     0  startup_stm32f10x_md.o(.text)
    CAN1_SCE_IRQHandler                      0x080043e3   Thumb Code     0  startup_stm32f10x_md.o(.text)
    DMA1_Channel1_IRQHandler                 0x080043e3   Thumb Code     0  startup_stm32f10x_md.o(.text)
    DMA1_Channel2_IRQHandler                 0x080043e3   Thumb Code     0  startup_stm32f10x_md.o(.text)
    DMA1_Channel3_IRQHandler                 0x080043e3   Thumb Code     0  startup_stm32f10x_md.o(.text)
    DMA1_Channel4_IRQHandler                 0x080043e3   Thumb Code     0  startup_stm32f10x_md.o(.text)
    DMA1_Channel5_IRQHandler                 0x080043e3   Thumb Code     0  startup_stm32f10x_md.o(.text)
    DMA1_Channel6_IRQHandler                 0x080043e3   Thumb Code     0  startup_stm32f10x_md.o(.text)
    DMA1_Channel7_IRQHandler                 0x080043e3   Thumb Code     0  startup_stm32f10x_md.o(.text)
    EXTI15_10_IRQHandler                     0x080043e3   Thumb Code     0  startup_stm32f10x_md.o(.text)
    EXTI2_IRQHandler                         0x080043e3   Thumb Code     0  startup_stm32f10x_md.o(.text)
    EXTI3_IRQHandler                         0x080043e3   Thumb Code     0  startup_stm32f10x_md.o(.text)
    EXTI4_IRQHandler                         0x080043e3   Thumb Code     0  startup_stm32f10x_md.o(.text)
    EXTI9_5_IRQHandler                       0x080043e3   Thumb Code     0  startup_stm32f10x_md.o(.text)
    FLASH_IRQHandler                         0x080043e3   Thumb Code     0  startup_stm32f10x_md.o(.text)
    I2C1_ER_IRQHandler                       0x080043e3   Thumb Code     0  startup_stm32f10x_md.o(.text)
    I2C1_EV_IRQHandler                       0x080043e3   Thumb Code     0  startup_stm32f10x_md.o(.text)
    I2C2_ER_IRQHandler                       0x080043e3   Thumb Code     0  startup_stm32f10x_md.o(.text)
    I2C2_EV_IRQHandler                       0x080043e3   Thumb Code     0  startup_stm32f10x_md.o(.text)
    PVD_IRQHandler                           0x080043e3   Thumb Code     0  startup_stm32f10x_md.o(.text)
    RCC_IRQHandler                           0x080043e3   Thumb Code     0  startup_stm32f10x_md.o(.text)
    RTCAlarm_IRQHandler                      0x080043e3   Thumb Code     0  startup_stm32f10x_md.o(.text)
    RTC_IRQHandler                           0x080043e3   Thumb Code     0  startup_stm32f10x_md.o(.text)
    SPI1_IRQHandler                          0x080043e3   Thumb Code     0  startup_stm32f10x_md.o(.text)
    SPI2_IRQHandler                          0x080043e3   Thumb Code     0  startup_stm32f10x_md.o(.text)
    TAMPER_IRQHandler                        0x080043e3   Thumb Code     0  startup_stm32f10x_md.o(.text)
    TIM1_BRK_IRQHandler                      0x080043e3   Thumb Code     0  startup_stm32f10x_md.o(.text)
    TIM1_CC_IRQHandler                       0x080043e3   Thumb Code     0  startup_stm32f10x_md.o(.text)
    TIM1_TRG_COM_IRQHandler                  0x080043e3   Thumb Code     0  startup_stm32f10x_md.o(.text)
    TIM1_UP_IRQHandler                       0x080043e3   Thumb Code     0  startup_stm32f10x_md.o(.text)
    TIM2_IRQHandler                          0x080043e3   Thumb Code     0  startup_stm32f10x_md.o(.text)
    TIM4_IRQHandler                          0x080043e3   Thumb Code     0  startup_stm32f10x_md.o(.text)
    USART2_IRQHandler                        0x080043e3   Thumb Code     0  startup_stm32f10x_md.o(.text)
    USART3_IRQHandler                        0x080043e3   Thumb Code     0  startup_stm32f10x_md.o(.text)
    USBWakeUp_IRQHandler                     0x080043e3   Thumb Code     0  startup_stm32f10x_md.o(.text)
    USB_HP_CAN1_TX_IRQHandler                0x080043e3   Thumb Code     0  startup_stm32f10x_md.o(.text)
    USB_LP_CAN1_RX0_IRQHandler               0x080043e3   Thumb Code     0  startup_stm32f10x_md.o(.text)
    NVIC_PriorityGroupConfig                 0x080043ed   Thumb Code    10  misc.o(.text)
    NVIC_Init                                0x080043f7   Thumb Code   100  misc.o(.text)
    NVIC_SetVectorTable                      0x0800445b   Thumb Code    14  misc.o(.text)
    NVIC_SystemLPConfig                      0x08004469   Thumb Code    34  misc.o(.text)
    SysTick_CLKSourceConfig                  0x0800448b   Thumb Code    40  misc.o(.text)
    EXTI_DeInit                              0x080044c9   Thumb Code    28  stm32f10x_exti.o(.text)
    EXTI_Init                                0x080044e5   Thumb Code   142  stm32f10x_exti.o(.text)
    EXTI_StructInit                          0x08004573   Thumb Code    16  stm32f10x_exti.o(.text)
    EXTI_GenerateSWInterrupt                 0x08004583   Thumb Code    16  stm32f10x_exti.o(.text)
    EXTI_GetFlagStatus                       0x08004593   Thumb Code    22  stm32f10x_exti.o(.text)
    EXTI_ClearFlag                           0x080045a9   Thumb Code     8  stm32f10x_exti.o(.text)
    EXTI_GetITStatus                         0x080045b1   Thumb Code    34  stm32f10x_exti.o(.text)
    EXTI_ClearITPendingBit                   0x080045d3   Thumb Code     8  stm32f10x_exti.o(.text)
    GPIO_DeInit                              0x080045e5   Thumb Code   172  stm32f10x_gpio.o(.text)
    GPIO_AFIODeInit                          0x08004691   Thumb Code    20  stm32f10x_gpio.o(.text)
    GPIO_Init                                0x080046a5   Thumb Code   278  stm32f10x_gpio.o(.text)
    GPIO_StructInit                          0x080047bb   Thumb Code    16  stm32f10x_gpio.o(.text)
    GPIO_ReadInputDataBit                    0x080047cb   Thumb Code    18  stm32f10x_gpio.o(.text)
    GPIO_ReadInputData                       0x080047dd   Thumb Code     8  stm32f10x_gpio.o(.text)
    GPIO_ReadOutputDataBit                   0x080047e5   Thumb Code    18  stm32f10x_gpio.o(.text)
    GPIO_ReadOutputData                      0x080047f7   Thumb Code     8  stm32f10x_gpio.o(.text)
    GPIO_SetBits                             0x080047ff   Thumb Code     4  stm32f10x_gpio.o(.text)
    GPIO_ResetBits                           0x08004803   Thumb Code     4  stm32f10x_gpio.o(.text)
    GPIO_WriteBit                            0x08004807   Thumb Code    10  stm32f10x_gpio.o(.text)
    GPIO_Write                               0x08004811   Thumb Code     4  stm32f10x_gpio.o(.text)
    GPIO_PinLockConfig                       0x08004815   Thumb Code    18  stm32f10x_gpio.o(.text)
    GPIO_EventOutputConfig                   0x08004827   Thumb Code    26  stm32f10x_gpio.o(.text)
    GPIO_EventOutputCmd                      0x08004841   Thumb Code     6  stm32f10x_gpio.o(.text)
    GPIO_PinRemapConfig                      0x08004847   Thumb Code   138  stm32f10x_gpio.o(.text)
    GPIO_EXTILineConfig                      0x080048d1   Thumb Code    66  stm32f10x_gpio.o(.text)
    GPIO_ETH_MediaInterfaceConfig            0x08004913   Thumb Code     8  stm32f10x_gpio.o(.text)
    IWDG_WriteAccessCmd                      0x08004941   Thumb Code     6  stm32f10x_iwdg.o(.text)
    IWDG_SetPrescaler                        0x08004947   Thumb Code     6  stm32f10x_iwdg.o(.text)
    IWDG_SetReload                           0x0800494d   Thumb Code     6  stm32f10x_iwdg.o(.text)
    IWDG_ReloadCounter                       0x08004953   Thumb Code    10  stm32f10x_iwdg.o(.text)
    IWDG_Enable                              0x0800495d   Thumb Code    10  stm32f10x_iwdg.o(.text)
    IWDG_GetFlagStatus                       0x08004967   Thumb Code    20  stm32f10x_iwdg.o(.text)
    PWR_DeInit                               0x08004981   Thumb Code    22  stm32f10x_pwr.o(.text)
    PWR_BackupAccessCmd                      0x08004997   Thumb Code     6  stm32f10x_pwr.o(.text)
    PWR_PVDCmd                               0x0800499d   Thumb Code     6  stm32f10x_pwr.o(.text)
    PWR_PVDLevelConfig                       0x080049a3   Thumb Code    18  stm32f10x_pwr.o(.text)
    PWR_WakeUpPinCmd                         0x080049b5   Thumb Code     8  stm32f10x_pwr.o(.text)
    PWR_EnterSTOPMode                        0x080049bd   Thumb Code    54  stm32f10x_pwr.o(.text)
    PWR_EnterSTANDBYMode                     0x080049f3   Thumb Code    42  stm32f10x_pwr.o(.text)
    PWR_GetFlagStatus                        0x08004a1d   Thumb Code    20  stm32f10x_pwr.o(.text)
    PWR_ClearFlag                            0x08004a31   Thumb Code    14  stm32f10x_pwr.o(.text)
    RCC_DeInit                               0x08004a4d   Thumb Code    64  stm32f10x_rcc.o(.text)
    RCC_HSEConfig                            0x08004a8d   Thumb Code    70  stm32f10x_rcc.o(.text)
    RCC_GetFlagStatus                        0x08004ad3   Thumb Code    56  stm32f10x_rcc.o(.text)
    RCC_WaitForHSEStartUp                    0x08004b0b   Thumb Code    56  stm32f10x_rcc.o(.text)
    RCC_AdjustHSICalibrationValue            0x08004b43   Thumb Code    20  stm32f10x_rcc.o(.text)
    RCC_HSICmd                               0x08004b57   Thumb Code     6  stm32f10x_rcc.o(.text)
    RCC_PLLConfig                            0x08004b5d   Thumb Code    24  stm32f10x_rcc.o(.text)
    RCC_PLLCmd                               0x08004b75   Thumb Code     6  stm32f10x_rcc.o(.text)
    RCC_SYSCLKConfig                         0x08004b7b   Thumb Code    18  stm32f10x_rcc.o(.text)
    RCC_GetSYSCLKSource                      0x08004b8d   Thumb Code    10  stm32f10x_rcc.o(.text)
    RCC_HCLKConfig                           0x08004b97   Thumb Code    18  stm32f10x_rcc.o(.text)
    RCC_PCLK1Config                          0x08004ba9   Thumb Code    18  stm32f10x_rcc.o(.text)
    RCC_PCLK2Config                          0x08004bbb   Thumb Code    20  stm32f10x_rcc.o(.text)
    RCC_ITConfig                             0x08004bcf   Thumb Code    26  stm32f10x_rcc.o(.text)
    RCC_USBCLKConfig                         0x08004be9   Thumb Code     8  stm32f10x_rcc.o(.text)
    RCC_ADCCLKConfig                         0x08004bf1   Thumb Code    18  stm32f10x_rcc.o(.text)
    RCC_LSEConfig                            0x08004c03   Thumb Code    50  stm32f10x_rcc.o(.text)
    RCC_LSICmd                               0x08004c35   Thumb Code     6  stm32f10x_rcc.o(.text)
    RCC_RTCCLKConfig                         0x08004c3b   Thumb Code    12  stm32f10x_rcc.o(.text)
    RCC_RTCCLKCmd                            0x08004c47   Thumb Code     8  stm32f10x_rcc.o(.text)
    RCC_GetClocksFreq                        0x08004c4f   Thumb Code   192  stm32f10x_rcc.o(.text)
    RCC_AHBPeriphClockCmd                    0x08004d0f   Thumb Code    26  stm32f10x_rcc.o(.text)
    RCC_APB2PeriphClockCmd                   0x08004d29   Thumb Code    26  stm32f10x_rcc.o(.text)
    RCC_APB1PeriphClockCmd                   0x08004d43   Thumb Code    26  stm32f10x_rcc.o(.text)
    RCC_APB2PeriphResetCmd                   0x08004d5d   Thumb Code    26  stm32f10x_rcc.o(.text)
    RCC_APB1PeriphResetCmd                   0x08004d77   Thumb Code    26  stm32f10x_rcc.o(.text)
    RCC_BackupResetCmd                       0x08004d91   Thumb Code     8  stm32f10x_rcc.o(.text)
    RCC_ClockSecuritySystemCmd               0x08004d99   Thumb Code     6  stm32f10x_rcc.o(.text)
    RCC_MCOConfig                            0x08004d9f   Thumb Code     6  stm32f10x_rcc.o(.text)
    RCC_ClearFlag                            0x08004da5   Thumb Code    14  stm32f10x_rcc.o(.text)
    RCC_GetITStatus                          0x08004db3   Thumb Code    20  stm32f10x_rcc.o(.text)
    RCC_ClearITPendingBit                    0x08004dc7   Thumb Code     6  stm32f10x_rcc.o(.text)
    TIM_DeInit                               0x08004df1   Thumb Code   424  stm32f10x_tim.o(.text)
    TIM_TimeBaseInit                         0x08004f99   Thumb Code   122  stm32f10x_tim.o(.text)
    TIM_OC1Init                              0x08005013   Thumb Code   132  stm32f10x_tim.o(.text)
    TIM_OC2Init                              0x08005097   Thumb Code   154  stm32f10x_tim.o(.text)
    TIM_OC3Init                              0x08005131   Thumb Code   150  stm32f10x_tim.o(.text)
    TIM_OC4Init                              0x080051c7   Thumb Code   182  stm32f10x_tim.o(.text)
    TIM_SetIC4Prescaler                      0x0800527d   Thumb Code    26  stm32f10x_tim.o(.text)
    TIM_SetIC3Prescaler                      0x08005319   Thumb Code    18  stm32f10x_tim.o(.text)
    TIM_SetIC2Prescaler                      0x080053a5   Thumb Code    26  stm32f10x_tim.o(.text)
    TIM_SetIC1Prescaler                      0x08005441   Thumb Code    18  stm32f10x_tim.o(.text)
    TIM_ICInit                               0x080054bf   Thumb Code   150  stm32f10x_tim.o(.text)
    TIM_PWMIConfig                           0x08005555   Thumb Code   124  stm32f10x_tim.o(.text)
    TIM_BDTRConfig                           0x080055d1   Thumb Code    32  stm32f10x_tim.o(.text)
    TIM_TimeBaseStructInit                   0x080055f1   Thumb Code    18  stm32f10x_tim.o(.text)
    TIM_OCStructInit                         0x08005603   Thumb Code    20  stm32f10x_tim.o(.text)
    TIM_ICStructInit                         0x08005617   Thumb Code    18  stm32f10x_tim.o(.text)
    TIM_BDTRStructInit                       0x08005629   Thumb Code    40  stm32f10x_tim.o(.text)
    TIM_Cmd                                  0x08005651   Thumb Code    24  stm32f10x_tim.o(.text)
    TIM_CtrlPWMOutputs                       0x08005669   Thumb Code    30  stm32f10x_tim.o(.text)
    TIM_ITConfig                             0x08005687   Thumb Code    18  stm32f10x_tim.o(.text)
    TIM_GenerateEvent                        0x08005699   Thumb Code     4  stm32f10x_tim.o(.text)
    TIM_DMAConfig                            0x0800569d   Thumb Code    10  stm32f10x_tim.o(.text)
    TIM_DMACmd                               0x080056a7   Thumb Code    18  stm32f10x_tim.o(.text)
    TIM_InternalClockConfig                  0x080056b9   Thumb Code    12  stm32f10x_tim.o(.text)
    TIM_SelectInputTrigger                   0x080056c5   Thumb Code    18  stm32f10x_tim.o(.text)
    TIM_ITRxExternalClockConfig              0x080056d7   Thumb Code    24  stm32f10x_tim.o(.text)
    TIM_TIxExternalClockConfig               0x080056ef   Thumb Code    62  stm32f10x_tim.o(.text)
    TIM_ETRConfig                            0x0800572d   Thumb Code    28  stm32f10x_tim.o(.text)
    TIM_ETRClockMode1Config                  0x08005749   Thumb Code    54  stm32f10x_tim.o(.text)
    TIM_ETRClockMode2Config                  0x0800577f   Thumb Code    32  stm32f10x_tim.o(.text)
    TIM_PrescalerConfig                      0x0800579f   Thumb Code     6  stm32f10x_tim.o(.text)
    TIM_CounterModeConfig                    0x080057a5   Thumb Code    18  stm32f10x_tim.o(.text)
    TIM_EncoderInterfaceConfig               0x080057b7   Thumb Code    66  stm32f10x_tim.o(.text)
    TIM_ForcedOC1Config                      0x080057f9   Thumb Code    18  stm32f10x_tim.o(.text)
    TIM_ForcedOC2Config                      0x0800580b   Thumb Code    26  stm32f10x_tim.o(.text)
    TIM_ForcedOC3Config                      0x08005825   Thumb Code    18  stm32f10x_tim.o(.text)
    TIM_ForcedOC4Config                      0x08005837   Thumb Code    26  stm32f10x_tim.o(.text)
    TIM_ARRPreloadConfig                     0x08005851   Thumb Code    24  stm32f10x_tim.o(.text)
    TIM_SelectCOM                            0x08005869   Thumb Code    24  stm32f10x_tim.o(.text)
    TIM_SelectCCDMA                          0x08005881   Thumb Code    24  stm32f10x_tim.o(.text)
    TIM_CCPreloadControl                     0x08005899   Thumb Code    24  stm32f10x_tim.o(.text)
    TIM_OC1PreloadConfig                     0x080058b1   Thumb Code    18  stm32f10x_tim.o(.text)
    TIM_OC2PreloadConfig                     0x080058c3   Thumb Code    26  stm32f10x_tim.o(.text)
    TIM_OC3PreloadConfig                     0x080058dd   Thumb Code    18  stm32f10x_tim.o(.text)
    TIM_OC4PreloadConfig                     0x080058ef   Thumb Code    26  stm32f10x_tim.o(.text)
    TIM_OC1FastConfig                        0x08005909   Thumb Code    18  stm32f10x_tim.o(.text)
    TIM_OC2FastConfig                        0x0800591b   Thumb Code    26  stm32f10x_tim.o(.text)
    TIM_OC3FastConfig                        0x08005935   Thumb Code    18  stm32f10x_tim.o(.text)
    TIM_OC4FastConfig                        0x08005947   Thumb Code    26  stm32f10x_tim.o(.text)
    TIM_ClearOC1Ref                          0x08005961   Thumb Code    18  stm32f10x_tim.o(.text)
    TIM_ClearOC2Ref                          0x08005973   Thumb Code    24  stm32f10x_tim.o(.text)
    TIM_ClearOC3Ref                          0x0800598b   Thumb Code    18  stm32f10x_tim.o(.text)
    TIM_ClearOC4Ref                          0x0800599d   Thumb Code    24  stm32f10x_tim.o(.text)
    TIM_OC1PolarityConfig                    0x080059b5   Thumb Code    18  stm32f10x_tim.o(.text)
    TIM_OC1NPolarityConfig                   0x080059c7   Thumb Code    18  stm32f10x_tim.o(.text)
    TIM_OC2PolarityConfig                    0x080059d9   Thumb Code    26  stm32f10x_tim.o(.text)
    TIM_OC2NPolarityConfig                   0x080059f3   Thumb Code    26  stm32f10x_tim.o(.text)
    TIM_OC3PolarityConfig                    0x08005a0d   Thumb Code    26  stm32f10x_tim.o(.text)
    TIM_OC3NPolarityConfig                   0x08005a27   Thumb Code    26  stm32f10x_tim.o(.text)
    TIM_OC4PolarityConfig                    0x08005a41   Thumb Code    26  stm32f10x_tim.o(.text)
    TIM_CCxCmd                               0x08005a5b   Thumb Code    30  stm32f10x_tim.o(.text)
    TIM_CCxNCmd                              0x08005a79   Thumb Code    30  stm32f10x_tim.o(.text)
    TIM_SelectOCxM                           0x08005a97   Thumb Code    82  stm32f10x_tim.o(.text)
    TIM_UpdateDisableConfig                  0x08005ae9   Thumb Code    24  stm32f10x_tim.o(.text)
    TIM_UpdateRequestConfig                  0x08005b01   Thumb Code    24  stm32f10x_tim.o(.text)
    TIM_SelectHallSensor                     0x08005b19   Thumb Code    24  stm32f10x_tim.o(.text)
    TIM_SelectOnePulseMode                   0x08005b31   Thumb Code    18  stm32f10x_tim.o(.text)
    TIM_SelectOutputTrigger                  0x08005b43   Thumb Code    18  stm32f10x_tim.o(.text)
    TIM_SelectSlaveMode                      0x08005b55   Thumb Code    18  stm32f10x_tim.o(.text)
    TIM_SelectMasterSlaveMode                0x08005b67   Thumb Code    18  stm32f10x_tim.o(.text)
    TIM_SetCounter                           0x08005b79   Thumb Code     4  stm32f10x_tim.o(.text)
    TIM_SetAutoreload                        0x08005b7d   Thumb Code     4  stm32f10x_tim.o(.text)
    TIM_SetCompare1                          0x08005b81   Thumb Code     4  stm32f10x_tim.o(.text)
    TIM_SetCompare2                          0x08005b85   Thumb Code     4  stm32f10x_tim.o(.text)
    TIM_SetCompare3                          0x08005b89   Thumb Code     4  stm32f10x_tim.o(.text)
    TIM_SetCompare4                          0x08005b8d   Thumb Code     6  stm32f10x_tim.o(.text)
    TIM_SetClockDivision                     0x08005b93   Thumb Code    18  stm32f10x_tim.o(.text)
    TIM_GetCapture1                          0x08005ba5   Thumb Code     6  stm32f10x_tim.o(.text)
    TIM_GetCapture2                          0x08005bab   Thumb Code     6  stm32f10x_tim.o(.text)
    TIM_GetCapture3                          0x08005bb1   Thumb Code     6  stm32f10x_tim.o(.text)
    TIM_GetCapture4                          0x08005bb7   Thumb Code     8  stm32f10x_tim.o(.text)
    TIM_GetCounter                           0x08005bbf   Thumb Code     6  stm32f10x_tim.o(.text)
    TIM_GetPrescaler                         0x08005bc5   Thumb Code     6  stm32f10x_tim.o(.text)
    TIM_GetFlagStatus                        0x08005bcb   Thumb Code    18  stm32f10x_tim.o(.text)
    TIM_ClearFlag                            0x08005bdd   Thumb Code     6  stm32f10x_tim.o(.text)
    TIM_GetITStatus                          0x08005be3   Thumb Code    34  stm32f10x_tim.o(.text)
    TIM_ClearITPendingBit                    0x08005c05   Thumb Code     6  stm32f10x_tim.o(.text)
    USART_DeInit                             0x08005c0d   Thumb Code   134  stm32f10x_usart.o(.text)
    USART_Init                               0x08005c93   Thumb Code   210  stm32f10x_usart.o(.text)
    USART_StructInit                         0x08005d65   Thumb Code    24  stm32f10x_usart.o(.text)
    USART_ClockInit                          0x08005d7d   Thumb Code    34  stm32f10x_usart.o(.text)
    USART_ClockStructInit                    0x08005d9f   Thumb Code    12  stm32f10x_usart.o(.text)
    USART_Cmd                                0x08005dab   Thumb Code    24  stm32f10x_usart.o(.text)
    USART_ITConfig                           0x08005dc3   Thumb Code    74  stm32f10x_usart.o(.text)
    USART_DMACmd                             0x08005e0d   Thumb Code    18  stm32f10x_usart.o(.text)
    USART_SetAddress                         0x08005e1f   Thumb Code    18  stm32f10x_usart.o(.text)
    USART_WakeUpConfig                       0x08005e31   Thumb Code    18  stm32f10x_usart.o(.text)
    USART_ReceiverWakeUpCmd                  0x08005e43   Thumb Code    24  stm32f10x_usart.o(.text)
    USART_LINBreakDetectLengthConfig         0x08005e5b   Thumb Code    18  stm32f10x_usart.o(.text)
    USART_LINCmd                             0x08005e6d   Thumb Code    24  stm32f10x_usart.o(.text)
    USART_SendData                           0x08005e85   Thumb Code     8  stm32f10x_usart.o(.text)
    USART_ReceiveData                        0x08005e8d   Thumb Code    10  stm32f10x_usart.o(.text)
    USART_SendBreak                          0x08005e97   Thumb Code    10  stm32f10x_usart.o(.text)
    USART_SetGuardTime                       0x08005ea1   Thumb Code    16  stm32f10x_usart.o(.text)
    USART_SetPrescaler                       0x08005eb1   Thumb Code    16  stm32f10x_usart.o(.text)
    USART_SmartCardCmd                       0x08005ec1   Thumb Code    24  stm32f10x_usart.o(.text)
    USART_SmartCardNACKCmd                   0x08005ed9   Thumb Code    24  stm32f10x_usart.o(.text)
    USART_HalfDuplexCmd                      0x08005ef1   Thumb Code    24  stm32f10x_usart.o(.text)
    USART_OverSampling8Cmd                   0x08005f09   Thumb Code    22  stm32f10x_usart.o(.text)
    USART_OneBitMethodCmd                    0x08005f1f   Thumb Code    24  stm32f10x_usart.o(.text)
    USART_IrDAConfig                         0x08005f37   Thumb Code    18  stm32f10x_usart.o(.text)
    USART_IrDACmd                            0x08005f49   Thumb Code    24  stm32f10x_usart.o(.text)
    USART_GetFlagStatus                      0x08005f61   Thumb Code    26  stm32f10x_usart.o(.text)
    USART_ClearFlag                          0x08005f7b   Thumb Code    18  stm32f10x_usart.o(.text)
    USART_GetITStatus                        0x08005f8d   Thumb Code    84  stm32f10x_usart.o(.text)
    USART_ClearITPendingBit                  0x08005fe1   Thumb Code    52  stm32f10x_usart.o(.text)
    WWDG_DeInit                              0x08006015   Thumb Code    22  stm32f10x_wwdg.o(.text)
    WWDG_SetPrescaler                        0x0800602b   Thumb Code    18  stm32f10x_wwdg.o(.text)
    WWDG_SetWindowValue                      0x0800603d   Thumb Code    34  stm32f10x_wwdg.o(.text)
    WWDG_EnableIT                            0x0800605f   Thumb Code     8  stm32f10x_wwdg.o(.text)
    WWDG_SetCounter                          0x08006067   Thumb Code    12  stm32f10x_wwdg.o(.text)
    WWDG_Enable                              0x08006073   Thumb Code    12  stm32f10x_wwdg.o(.text)
    WWDG_GetFlagStatus                       0x0800607f   Thumb Code    10  stm32f10x_wwdg.o(.text)
    WWDG_ClearFlag                           0x08006089   Thumb Code    10  stm32f10x_wwdg.o(.text)
    OS_StrLen                                0x0800609d   Thumb Code    20  os_core.o(.text)
    OSEventNameGet                           0x080060b1   Thumb Code    92  os_core.o(.text)
    OSEventNameSet                           0x0800610d   Thumb Code    74  os_core.o(.text)
    OS_EventTaskRemoveMulti                  0x08006157   Thumb Code    58  os_core.o(.text)
    OS_Sched                                 0x080061ab   Thumb Code    82  os_core.o(.text)
    OS_EventTaskWaitMulti                    0x080061fd   Thumb Code   136  os_core.o(.text)
    OSEventPendMulti                         0x08006285   Thumb Code   696  os_core.o(.text)
    OS_TaskStatStkChk                        0x0800653d   Thumb Code    54  os_core.o(.text)
    OS_TaskStat                              0x08006573   Thumb Code   110  os_core.o(.text)
    OS_TaskIdle                              0x08006615   Thumb Code    28  os_core.o(.text)
    OS_MemClr                                0x08006665   Thumb Code    18  os_core.o(.text)
    OSInit                                   0x0800678b   Thumb Code    56  os_core.o(.text)
    OSIntEnter                               0x080067c3   Thumb Code    28  os_core.o(.text)
    OSIntExit                                0x080067df   Thumb Code   106  os_core.o(.text)
    OSSchedLock                              0x08006849   Thumb Code    44  os_core.o(.text)
    OSSchedUnlock                            0x08006875   Thumb Code   222  os_core.o(.text)
    OSStart                                  0x08006953   Thumb Code    48  os_core.o(.text)
    OSStatInit                               0x08006983   Thumb Code    52  os_core.o(.text)
    OSTimeTick                               0x080069b7   Thumb Code   200  os_core.o(.text)
    OSVersion                                0x08006a7f   Thumb Code     6  os_core.o(.text)
    OS_Dummy                                 0x08006a85   Thumb Code     2  os_core.o(.text)
    OS_EventTaskRemove                       0x08006a87   Thumb Code    42  os_core.o(.text)
    OS_EventTaskRdy                          0x08006ab1   Thumb Code   128  os_core.o(.text)
    OS_EventTaskWait                         0x08006b31   Thumb Code   112  os_core.o(.text)
    OS_EventWaitListInit                     0x08006ba1   Thumb Code    28  os_core.o(.text)
    OS_MemCopy                               0x08006bbd   Thumb Code    20  os_core.o(.text)
    OS_TCBInit                               0x08006bd1   Thumb Code   268  os_core.o(.text)
    OSFlagAccept                             0x08006d21   Thumb Code   236  os_flag.o(.text)
    OSFlagCreate                             0x08006e0d   Thumb Code    74  os_flag.o(.text)
    OS_FlagUnlink                            0x08006e57   Thumb Code    36  os_flag.o(.text)
    OSFlagDel                                0x08006ecd   Thumb Code   200  os_flag.o(.text)
    OSFlagNameGet                            0x08006f95   Thumb Code    72  os_flag.o(.text)
    OSFlagNameSet                            0x08006fdd   Thumb Code    54  os_flag.o(.text)
    OSFlagPend                               0x080070ab   Thumb Code   580  os_flag.o(.text)
    OSFlagPendGetFlagsRdy                    0x080072ef   Thumb Code    20  os_flag.o(.text)
    OSFlagPost                               0x08007303   Thumb Code   296  os_flag.o(.text)
    OSFlagQuery                              0x0800742b   Thumb Code    38  os_flag.o(.text)
    OS_FlagInit                              0x08007451   Thumb Code    78  os_flag.o(.text)
    OSMemCreate                              0x080074ad   Thumb Code   110  os_mem.o(.text)
    OSMemGet                                 0x0800751b   Thumb Code    50  os_mem.o(.text)
    OSMemNameGet                             0x0800754d   Thumb Code    54  os_mem.o(.text)
    OSMemNameSet                             0x08007583   Thumb Code    38  os_mem.o(.text)
    OSMemPut                                 0x080075a9   Thumb Code    46  os_mem.o(.text)
    OSMemQuery                               0x080075d7   Thumb Code    46  os_mem.o(.text)
    OS_MemInit                               0x08007605   Thumb Code    74  os_mem.o(.text)
    OSQAccept                                0x08007661   Thumb Code    80  os_q.o(.text)
    OSQCreate                                0x080076b1   Thumb Code   130  os_q.o(.text)
    OSQDel                                   0x08007733   Thumb Code   230  os_q.o(.text)
    OSQFlush                                 0x08007819   Thumb Code    30  os_q.o(.text)
    OSQPend                                  0x08007837   Thumb Code   264  os_q.o(.text)
    OSQPendAbort                             0x0800793f   Thumb Code   118  os_q.o(.text)
    OSQPost                                  0x080079b5   Thumb Code   100  os_q.o(.text)
    OSQPostFront                             0x08007a19   Thumb Code   102  os_q.o(.text)
    OSQPostOpt                               0x08007a7f   Thumb Code   194  os_q.o(.text)
    OSQQuery                                 0x08007b41   Thumb Code    90  os_q.o(.text)
    OS_QInit                                 0x08007b9b   Thumb Code    72  os_q.o(.text)
    OSSemAccept                              0x08007bed   Thumb Code    36  os_sem.o(.text)
    OSSemCreate                              0x08007c11   Thumb Code    66  os_sem.o(.text)
    OSSemDel                                 0x08007c53   Thumb Code   196  os_sem.o(.text)
    OSSemPend                                0x08007d17   Thumb Code   212  os_sem.o(.text)
    OSSemPendAbort                           0x08007deb   Thumb Code   118  os_sem.o(.text)
    OSSemPost                                0x08007e61   Thumb Code    78  os_sem.o(.text)
    OSSemQuery                               0x08007eaf   Thumb Code    68  os_sem.o(.text)
    OSSemSet                                 0x08007ef3   Thumb Code    56  os_sem.o(.text)
    OSTaskChangePrio                         0x08007f41   Thumb Code   382  os_task.o(.text)
    OSTaskCreate                             0x080080bf   Thumb Code   132  os_task.o(.text)
    OS_TaskStkClr                            0x08008143   Thumb Code    26  os_task.o(.text)
    OSTaskCreateExt                          0x0800815d   Thumb Code   152  os_task.o(.text)
    OSTaskDel                                0x080081f5   Thumb Code   288  os_task.o(.text)
    OSTaskDelReq                             0x08008315   Thumb Code   126  os_task.o(.text)
    OSTaskNameGet                            0x08008393   Thumb Code   102  os_task.o(.text)
    OSTaskNameSet                            0x080083f9   Thumb Code    86  os_task.o(.text)
    OSTaskResume                             0x0800844f   Thumb Code   138  os_task.o(.text)
    OSTaskStkChk                             0x080084d9   Thumb Code   118  os_task.o(.text)
    OSTaskSuspend                            0x0800854f   Thumb Code   140  os_task.o(.text)
    OSTaskQuery                              0x080085db   Thumb Code    68  os_task.o(.text)
    OSTaskRegGet                             0x0800861f   Thumb Code    52  os_task.o(.text)
    OSTaskRegSet                             0x08008653   Thumb Code    54  os_task.o(.text)
    OS_TaskReturn                            0x08008689   Thumb Code    18  os_task.o(.text)
    OSTimeDly                                0x080086b5   Thumb Code    94  os_time.o(.text)
    OSTimeDlyHMSM                            0x08008713   Thumb Code    86  os_time.o(.text)
    OSTimeDlyResume                          0x08008769   Thumb Code   154  os_time.o(.text)
    OSTimeGet                                0x08008803   Thumb Code    18  os_time.o(.text)
    OSTimeSet                                0x08008815   Thumb Code    18  os_time.o(.text)
    OSDebugInit                              0x08008845   Thumb Code   118  os_dbg_r.o(.text)
    OSTmrCreate                              0x080089d3   Thumb Code    96  os_tmr.o(.text)
    OSTmrDel                                 0x08008aab   Thumb Code   124  os_tmr.o(.text)
    OSTmrNameGet                             0x08008b27   Thumb Code   114  os_tmr.o(.text)
    OSTmrRemainGet                           0x08008b99   Thumb Code   164  os_tmr.o(.text)
    OSTmrStateGet                            0x08008c3d   Thumb Code    86  os_tmr.o(.text)
    OSTmrStart                               0x08008cf7   Thumb Code   128  os_tmr.o(.text)
    OSTmrStop                                0x08008d77   Thumb Code   210  os_tmr.o(.text)
    OSTmrSignal                              0x08008e49   Thumb Code    16  os_tmr.o(.text)
    OSTmr_Init                               0x08008efd   Thumb Code   172  os_tmr.o(.text)
    OS_ENTER_CRITICAL                        0x08009011   Thumb Code     0  os_cpu_a.o(.text)
    OS_EXIT_CRITICAL                         0x08009023   Thumb Code     0  os_cpu_a.o(.text)
    OSStartHighRdy                           0x0800903f   Thumb Code     0  os_cpu_a.o(.text)
    OSCtxSw                                  0x08009061   Thumb Code     0  os_cpu_a.o(.text)
    OSIntCtxSw                               0x0800906f   Thumb Code     0  os_cpu_a.o(.text)
    PendSV_Handler                           0x0800907f   Thumb Code     0  os_cpu_a.o(.text)
    ItDisAll                                 0x080090c1   Thumb Code     0  os_cpu_a.o(.text)
    OSTaskStkInit                            0x080090ed   Thumb Code   154  os_cpu_c.o(.text)
    OSTaskReturnHook                         0x08009187   Thumb Code     2  os_cpu_c.o(.text)
    OSInitHookBegin                          0x08009189   Thumb Code     2  os_cpu_c.o(.text)
    OSInitHookEnd                            0x0800918b   Thumb Code     2  os_cpu_c.o(.text)
    OSTaskCreateHook                         0x0800918d   Thumb Code     4  os_cpu_c.o(.text)
    OSTaskDelHook                            0x08009191   Thumb Code     4  os_cpu_c.o(.text)
    OSTaskSwHook                             0x08009195   Thumb Code     2  os_cpu_c.o(.text)
    OSTaskStatHook                           0x08009197   Thumb Code     2  os_cpu_c.o(.text)
    OSTCBInitHook                            0x08009199   Thumb Code     4  os_cpu_c.o(.text)
    OSTimeTickHook                           0x0800919d   Thumb Code     2  os_cpu_c.o(.text)
    OSTaskIdleHook                           0x0800919f   Thumb Code     2  os_cpu_c.o(.text)
    __aeabi_fadd                             0x080091a1   Thumb Code   164  fadd.o(.text)
    __aeabi_fsub                             0x08009245   Thumb Code     6  fadd.o(.text)
    __aeabi_frsub                            0x0800924b   Thumb Code     6  fadd.o(.text)
    __aeabi_fmul                             0x08009251   Thumb Code   100  fmul.o(.text)
    __aeabi_fdiv                             0x080092b5   Thumb Code   124  fdiv.o(.text)
    __aeabi_i2f                              0x08009331   Thumb Code    18  fflti.o(.text)
    __aeabi_ui2f                             0x08009343   Thumb Code    10  ffltui.o(.text)
    __aeabi_ui2d                             0x0800934d   Thumb Code    26  dfltui.o(.text)
    __aeabi_f2iz                             0x08009367   Thumb Code    50  ffixi.o(.text)
    __aeabi_f2uiz                            0x08009399   Thumb Code    40  ffixui.o(.text)
    __aeabi_d2uiz                            0x080093c1   Thumb Code    50  dfixui.o(.text)
    __aeabi_f2d                              0x080093f3   Thumb Code    38  f2d.o(.text)
    __aeabi_cdcmpeq                          0x08009419   Thumb Code     0  cdcmple.o(.text)
    __aeabi_cdcmple                          0x08009419   Thumb Code    48  cdcmple.o(.text)
    __aeabi_cdrcmple                         0x08009449   Thumb Code    48  cdrcmple.o(.text)
    __aeabi_uldivmod                         0x08009479   Thumb Code    98  uldiv.o(.text)
    __aeabi_llsr                             0x080094db   Thumb Code    32  llushr.o(.text)
    _ll_ushift_r                             0x080094db   Thumb Code     0  llushr.o(.text)
    __I$use$fp                               0x080094fb   Thumb Code     0  iusefp.o(.text)
    _float_round                             0x080094fb   Thumb Code    18  fepilogue.o(.text)
    _float_epilogue                          0x0800950d   Thumb Code    92  fepilogue.o(.text)
    _double_round                            0x08009569   Thumb Code    30  depilogue.o(.text)
    _double_epilogue                         0x08009587   Thumb Code   156  depilogue.o(.text)
    _dsqrt                                   0x08009623   Thumb Code   162  dsqrt.o(.text)
    __scatterload                            0x080096c5   Thumb Code    28  init.o(.text)
    __scatterload_rt2                        0x080096c5   Thumb Code     0  init.o(.text)
    __aeabi_llsl                             0x080096e9   Thumb Code    30  llshl.o(.text)
    _ll_shift_l                              0x080096e9   Thumb Code     0  llshl.o(.text)
    LCD_SetCursor                            0x08009709   Thumb Code   192  lcd.o(i.LCD_SetCursor)
    __0printf$5                              0x080097d5   Thumb Code    22  printf5.o(i.__0printf$5)
    __1printf$5                              0x080097d5   Thumb Code     0  printf5.o(i.__0printf$5)
    __2printf                                0x080097d5   Thumb Code     0  printf5.o(i.__0printf$5)
    __scatterload_copy                       0x080097f5   Thumb Code    14  handlers.o(i.__scatterload_copy)
    __scatterload_null                       0x08009803   Thumb Code     2  handlers.o(i.__scatterload_null)
    __scatterload_zeroinit                   0x08009805   Thumb Code    14  handlers.o(i.__scatterload_zeroinit)
    __set_errno                              0x08009815   Thumb Code     6  errno.o(i.__set_errno)
    sqrt                                     0x08009ae1   Thumb Code    76  sqrt.o(i.sqrt)
    asc2_1206                                0x08009b34   Data        1140  lcd.o(.constdata)
    asc2_1608                                0x08009fa8   Data        1520  lcd.o(.constdata)
    OSUnMapTbl                               0x0800a598   Data         256  os_core.o(.constdata)
    OSDebugEn                                0x0800a698   Data           2  os_dbg_r.o(.constdata)
    OSEndiannessTest                         0x0800a69c   Data           4  os_dbg_r.o(.constdata)
    OSEventEn                                0x0800a6a0   Data           2  os_dbg_r.o(.constdata)
    OSEventMax                               0x0800a6a2   Data           2  os_dbg_r.o(.constdata)
    OSEventNameEn                            0x0800a6a4   Data           2  os_dbg_r.o(.constdata)
    OSEventSize                              0x0800a6a6   Data           2  os_dbg_r.o(.constdata)
    OSEventTblSize                           0x0800a6a8   Data           2  os_dbg_r.o(.constdata)
    OSEventMultiEn                           0x0800a6aa   Data           2  os_dbg_r.o(.constdata)
    OSFlagEn                                 0x0800a6ac   Data           2  os_dbg_r.o(.constdata)
    OSFlagGrpSize                            0x0800a6ae   Data           2  os_dbg_r.o(.constdata)
    OSFlagNodeSize                           0x0800a6b0   Data           2  os_dbg_r.o(.constdata)
    OSFlagWidth                              0x0800a6b2   Data           2  os_dbg_r.o(.constdata)
    OSFlagMax                                0x0800a6b4   Data           2  os_dbg_r.o(.constdata)
    OSFlagNameEn                             0x0800a6b6   Data           2  os_dbg_r.o(.constdata)
    OSLowestPrio                             0x0800a6b8   Data           2  os_dbg_r.o(.constdata)
    OSMboxEn                                 0x0800a6ba   Data           2  os_dbg_r.o(.constdata)
    OSMemEn                                  0x0800a6bc   Data           2  os_dbg_r.o(.constdata)
    OSMemMax                                 0x0800a6be   Data           2  os_dbg_r.o(.constdata)
    OSMemNameEn                              0x0800a6c0   Data           2  os_dbg_r.o(.constdata)
    OSMemSize                                0x0800a6c2   Data           2  os_dbg_r.o(.constdata)
    OSMemTblSize                             0x0800a6c4   Data           2  os_dbg_r.o(.constdata)
    OSMutexEn                                0x0800a6c6   Data           2  os_dbg_r.o(.constdata)
    OSPtrSize                                0x0800a6c8   Data           2  os_dbg_r.o(.constdata)
    OSQEn                                    0x0800a6ca   Data           2  os_dbg_r.o(.constdata)
    OSQMax                                   0x0800a6cc   Data           2  os_dbg_r.o(.constdata)
    OSQSize                                  0x0800a6ce   Data           2  os_dbg_r.o(.constdata)
    OSRdyTblSize                             0x0800a6d0   Data           2  os_dbg_r.o(.constdata)
    OSSemEn                                  0x0800a6d2   Data           2  os_dbg_r.o(.constdata)
    OSStkWidth                               0x0800a6d4   Data           2  os_dbg_r.o(.constdata)
    OSTaskCreateEn                           0x0800a6d6   Data           2  os_dbg_r.o(.constdata)
    OSTaskCreateExtEn                        0x0800a6d8   Data           2  os_dbg_r.o(.constdata)
    OSTaskDelEn                              0x0800a6da   Data           2  os_dbg_r.o(.constdata)
    OSTaskIdleStkSize                        0x0800a6dc   Data           2  os_dbg_r.o(.constdata)
    OSTaskProfileEn                          0x0800a6de   Data           2  os_dbg_r.o(.constdata)
    OSTaskMax                                0x0800a6e0   Data           2  os_dbg_r.o(.constdata)
    OSTaskNameEn                             0x0800a6e2   Data           2  os_dbg_r.o(.constdata)
    OSTaskStatEn                             0x0800a6e4   Data           2  os_dbg_r.o(.constdata)
    OSTaskStatStkSize                        0x0800a6e6   Data           2  os_dbg_r.o(.constdata)
    OSTaskStatStkChkEn                       0x0800a6e8   Data           2  os_dbg_r.o(.constdata)
    OSTaskSwHookEn                           0x0800a6ea   Data           2  os_dbg_r.o(.constdata)
    OSTaskRegTblSize                         0x0800a6ec   Data           2  os_dbg_r.o(.constdata)
    OSTCBPrioTblMax                          0x0800a6ee   Data           2  os_dbg_r.o(.constdata)
    OSTCBSize                                0x0800a6f0   Data           2  os_dbg_r.o(.constdata)
    OSTicksPerSec                            0x0800a6f2   Data           2  os_dbg_r.o(.constdata)
    OSTimeTickHookEn                         0x0800a6f4   Data           2  os_dbg_r.o(.constdata)
    OSVersionNbr                             0x0800a6f6   Data           2  os_dbg_r.o(.constdata)
    OSTmrEn                                  0x0800a6f8   Data           2  os_dbg_r.o(.constdata)
    OSTmrCfgMax                              0x0800a6fa   Data           2  os_dbg_r.o(.constdata)
    OSTmrCfgNameEn                           0x0800a6fc   Data           2  os_dbg_r.o(.constdata)
    OSTmrCfgWheelSize                        0x0800a6fe   Data           2  os_dbg_r.o(.constdata)
    OSTmrCfgTicksPerSec                      0x0800a700   Data           2  os_dbg_r.o(.constdata)
    OSTmrSize                                0x0800a702   Data           2  os_dbg_r.o(.constdata)
    OSTmrTblSize                             0x0800a704   Data           2  os_dbg_r.o(.constdata)
    OSTmrWheelSize                           0x0800a706   Data           2  os_dbg_r.o(.constdata)
    OSTmrWheelTblSize                        0x0800a708   Data           2  os_dbg_r.o(.constdata)
    OSDataSize                               0x0800a70a   Data           2  os_dbg_r.o(.constdata)
    Region$$Table$$Base                      0x0800a70c   Number         0  anon$$obj.o(Region$$Table)
    Region$$Table$$Limit                     0x0800a72c   Number         0  anon$$obj.o(Region$$Table)
    Sem_Event                                0x20000000   Data           4  main.o(.data)
    err                                      0x20000004   Data           1  main.o(.data)
    SystemCoreClock                          0x20000008   Data           4  system_stm32f10x.o(.data)
    AHBPrescTable                            0x2000000c   Data          16  system_stm32f10x.o(.data)
    POINT_COLOR                              0x2000001e   Data           2  lcd.o(.data)
    BACK_COLOR                               0x20000020   Data           2  lcd.o(.data)
    DeviceCode                               0x20000022   Data           2  lcd.o(.data)
    CMD_RDX                                  0x20000024   Data           1  touch.o(.data)
    CMD_RDY                                  0x20000025   Data           1  touch.o(.data)
    Remote_Odr                               0x20000028   Data           4  remote.o(.data)
    Remote_Cnt                               0x2000002c   Data           1  remote.o(.data)
    Remote_Rdy                               0x2000002d   Data           1  remote.o(.data)
    __stdout                                 0x20000034   Data           4  usart.o(.data)
    USART_RX_STA                             0x20000038   Data           1  usart.o(.data)
    OSCtxSwCtr                               0x20000050   Data           4  os_core.o(.data)
    OSEventFreeList                          0x20000054   Data           4  os_core.o(.data)
    OSFlagFreeList                           0x20000058   Data           4  os_core.o(.data)
    OSCPUUsage                               0x2000005c   Data           1  os_core.o(.data)
    OSIdleCtrMax                             0x20000060   Data           4  os_core.o(.data)
    OSIdleCtrRun                             0x20000064   Data           4  os_core.o(.data)
    OSStatRdy                                0x20000068   Data           1  os_core.o(.data)
    OSIntNesting                             0x20000069   Data           1  os_core.o(.data)
    OSLockNesting                            0x2000006a   Data           1  os_core.o(.data)
    OSPrioCur                                0x2000006b   Data           1  os_core.o(.data)
    OSPrioHighRdy                            0x2000006c   Data           1  os_core.o(.data)
    OSRdyGrp                                 0x2000006d   Data           1  os_core.o(.data)
    OSRdyTbl                                 0x2000006e   Data           8  os_core.o(.data)
    OSRunning                                0x20000076   Data           1  os_core.o(.data)
    OSTaskCtr                                0x20000077   Data           1  os_core.o(.data)
    OSIdleCtr                                0x20000078   Data           4  os_core.o(.data)
    OSTCBCur                                 0x2000007c   Data           4  os_core.o(.data)
    OSTCBFreeList                            0x20000080   Data           4  os_core.o(.data)
    OSTCBHighRdy                             0x20000084   Data           4  os_core.o(.data)
    OSTCBList                                0x20000088   Data           4  os_core.o(.data)
    OSTickStepState                          0x2000008c   Data           1  os_core.o(.data)
    OSMemFreeList                            0x20000090   Data           4  os_core.o(.data)
    OSQFreeList                              0x20000094   Data           4  os_core.o(.data)
    OSTime                                   0x20000098   Data           4  os_core.o(.data)
    OSTmrFree                                0x2000009c   Data           2  os_core.o(.data)
    OSTmrUsed                                0x2000009e   Data           2  os_core.o(.data)
    OSTmrTime                                0x200000a0   Data           4  os_core.o(.data)
    OSTmrSem                                 0x200000a4   Data           4  os_core.o(.data)
    OSTmrSemSignal                           0x200000a8   Data           4  os_core.o(.data)
    OSTmrFreeList                            0x200000ac   Data           4  os_core.o(.data)
    OSInterrputSum                           0x200000b0   Data           4  os_cpu_c.o(.data)
    TASK_LED1_STK                            0x200000b8   Data         256  main.o(.bss)
    TASK_LED_STK                             0x200001b8   Data         256  main.o(.bss)
    TASK_LCD_STK                             0x200002b8   Data         256  main.o(.bss)
    TASK_START_STK                           0x200003b8   Data        2048  main.o(.bss)
    TASK_KEY_STK                             0x20000bb8   Data         256  main.o(.bss)
    TASK_TOUCH_STK                           0x20000cb8   Data         256  main.o(.bss)
    result                                   0x20000db8   Data          12  main.o(.bss)
    Pen_Point                                0x20000dc4   Data          28  touch.o(.bss)
    USART_RX_BUF                             0x20000de0   Data          64  usart.o(.bss)
    OSEventTbl                               0x20000e20   Data         240  os_core.o(.bss)
    OSFlagTbl                                0x20000f10   Data          80  os_core.o(.bss)
    OSTaskStatStk                            0x20000f60   Data         512  os_core.o(.bss)
    OSTaskIdleStk                            0x20001160   Data         512  os_core.o(.bss)
    OSTCBPrioTbl                             0x20001360   Data         256  os_core.o(.bss)
    OSTCBTbl                                 0x20001460   Data        1936  os_core.o(.bss)
    OSMemTbl                                 0x20001bf0   Data         120  os_core.o(.bss)
    OSQTbl                                   0x20001c68   Data          96  os_core.o(.bss)
    OSTmrTbl                                 0x20001cc8   Data         640  os_core.o(.bss)
    OSTmrTaskStk                             0x20001f48   Data         512  os_core.o(.bss)
    OSTmrWheelTbl                            0x20002148   Data          64  os_core.o(.bss)
    __initial_sp                             0x20002588   Data           0  startup_stm32f10x_md.o(STACK)



==============================================================================

Memory Map of the image

  Image Entry point : 0x080000ed

  Load Region LR_IROM1 (Base: 0x08000000, Size: 0x0000a7e4, Max: 0x00010000, ABSOLUTE)

    Execution Region ER_IROM1 (Exec base: 0x08000000, Load base: 0x08000000, Size: 0x0000a72c, Max: 0x00010000, ABSOLUTE)

    Exec Addr    Load Addr    Size         Type   Attr      Idx    E Section Name        Object

    0x08000000   0x08000000   0x000000ec   Data   RO          598    RESET               startup_stm32f10x_md.o
    0x080000ec   0x080000ec   0x00000000   Code   RO         1166  * .ARM.Collect$$$$00000000  mc_w.l(entry.o)
    0x080000ec   0x080000ec   0x00000004   Code   RO         1460    .ARM.Collect$$$$00000001  mc_w.l(entry2.o)
    0x080000f0   0x080000f0   0x00000004   Code   RO         1463    .ARM.Collect$$$$00000004  mc_w.l(entry5.o)
    0x080000f4   0x080000f4   0x00000000   Code   RO         1465    .ARM.Collect$$$$00000008  mc_w.l(entry7b.o)
    0x080000f4   0x080000f4   0x00000000   Code   RO         1467    .ARM.Collect$$$$0000000A  mc_w.l(entry8b.o)
    0x080000f4   0x080000f4   0x00000008   Code   RO         1468    .ARM.Collect$$$$0000000B  mc_w.l(entry9a.o)
    0x080000fc   0x080000fc   0x00000000   Code   RO         1470    .ARM.Collect$$$$0000000D  mc_w.l(entry10a.o)
    0x080000fc   0x080000fc   0x00000000   Code   RO         1472    .ARM.Collect$$$$0000000F  mc_w.l(entry11a.o)
    0x080000fc   0x080000fc   0x00000004   Code   RO         1461    .ARM.Collect$$$$00002712  mc_w.l(entry2.o)
    0x08000100   0x08000100   0x000002f4   Code   RO            1    .text               main.o
    0x080003f4   0x080003f4   0x00000016   Code   RO          204    .text               stm32f10x_it.o
    0x0800040a   0x0800040a   0x00000002   PAD
    0x0800040c   0x0800040c   0x000001e0   Code   RO          245    .text               system_stm32f10x.o
    0x080005ec   0x080005ec   0x00000058   Code   RO          263    .text               led.o
    0x08000644   0x08000644   0x000000a4   Code   RO          275    .text               key.o
    0x080006e8   0x080006e8   0x000000b0   Code   RO          288    .text               wdg.o
    0x08000798   0x08000798   0x00000098   Code   RO          306    .text               timer.o
    0x08000830   0x08000830   0x00002448   Code   RO          336    .text               lcd.o
    0x08002c78   0x08002c78   0x00000108   Code   RO          371    .text               wkup.o
    0x08002d80   0x08002d80   0x00000258   Code   RO          416    .text               myiic.o
    0x08002fd8   0x08002fd8   0x0000017a   Code   RO          428    .text               24cxx.o
    0x08003152   0x08003152   0x00000002   PAD
    0x08003154   0x08003154   0x00000eb4   Code   RO          473    .text               touch.o
    0x08004008   0x08004008   0x00000180   Code   RO          518    .text               remote.o
    0x08004188   0x08004188   0x000000f4   Code   RO          536    .text               delay.o
    0x0800427c   0x0800427c   0x0000000c   Code   RO          550    .text               sys.o
    0x08004288   0x08004288   0x00000140   Code   RO          562    .text               usart.o
    0x080043c8   0x080043c8   0x00000024   Code   RO          599    .text               startup_stm32f10x_md.o
    0x080043ec   0x080043ec   0x000000dc   Code   RO          603    .text               misc.o
    0x080044c8   0x080044c8   0x0000011c   Code   RO          711    .text               stm32f10x_exti.o
    0x080045e4   0x080045e4   0x0000035c   Code   RO          747    .text               stm32f10x_gpio.o
    0x08004940   0x08004940   0x00000040   Code   RO          771    .text               stm32f10x_iwdg.o
    0x08004980   0x08004980   0x000000cc   Code   RO          783    .text               stm32f10x_pwr.o
    0x08004a4c   0x08004a4c   0x000003a4   Code   RO          795    .text               stm32f10x_rcc.o
    0x08004df0   0x08004df0   0x00000e1a   Code   RO          845    .text               stm32f10x_tim.o
    0x08005c0a   0x08005c0a   0x00000002   PAD
    0x08005c0c   0x08005c0c   0x00000408   Code   RO          857    .text               stm32f10x_usart.o
    0x08006014   0x08006014   0x00000088   Code   RO          869    .text               stm32f10x_wwdg.o
    0x0800609c   0x0800609c   0x00000c84   Code   RO          986    .text               os_core.o
    0x08006d20   0x08006d20   0x0000078c   Code   RO         1006    .text               os_flag.o
    0x080074ac   0x080074ac   0x000001b4   Code   RO         1034    .text               os_mem.o
    0x08007660   0x08007660   0x0000058c   Code   RO         1058    .text               os_q.o
    0x08007bec   0x08007bec   0x00000354   Code   RO         1070    .text               os_sem.o
    0x08007f40   0x08007f40   0x00000774   Code   RO         1082    .text               os_task.o
    0x080086b4   0x080086b4   0x00000190   Code   RO         1094    .text               os_time.o
    0x08008844   0x08008844   0x0000015c   Code   RO         1106    .text               os_dbg_r.o
    0x080089a0   0x080089a0   0x00000670   Code   RO         1121    .text               os_tmr.o
    0x08009010   0x08009010   0x000000dc   Code   RO         1133    .text               os_cpu_a.o
    0x080090ec   0x080090ec   0x000000b4   Code   RO         1136    .text               os_cpu_c.o
    0x080091a0   0x080091a0   0x000000b0   Code   RO         1434    .text               mf_w.l(fadd.o)
    0x08009250   0x08009250   0x00000064   Code   RO         1436    .text               mf_w.l(fmul.o)
    0x080092b4   0x080092b4   0x0000007c   Code   RO         1438    .text               mf_w.l(fdiv.o)
    0x08009330   0x08009330   0x00000012   Code   RO         1440    .text               mf_w.l(fflti.o)
    0x08009342   0x08009342   0x0000000a   Code   RO         1442    .text               mf_w.l(ffltui.o)
    0x0800934c   0x0800934c   0x0000001a   Code   RO         1444    .text               mf_w.l(dfltui.o)
    0x08009366   0x08009366   0x00000032   Code   RO         1446    .text               mf_w.l(ffixi.o)
    0x08009398   0x08009398   0x00000028   Code   RO         1448    .text               mf_w.l(ffixui.o)
    0x080093c0   0x080093c0   0x00000032   Code   RO         1450    .text               mf_w.l(dfixui.o)
    0x080093f2   0x080093f2   0x00000026   Code   RO         1452    .text               mf_w.l(f2d.o)
    0x08009418   0x08009418   0x00000030   Code   RO         1454    .text               mf_w.l(cdcmple.o)
    0x08009448   0x08009448   0x00000030   Code   RO         1456    .text               mf_w.l(cdrcmple.o)
    0x08009478   0x08009478   0x00000062   Code   RO         1476    .text               mc_w.l(uldiv.o)
    0x080094da   0x080094da   0x00000020   Code   RO         1478    .text               mc_w.l(llushr.o)
    0x080094fa   0x080094fa   0x00000000   Code   RO         1487    .text               mc_w.l(iusefp.o)
    0x080094fa   0x080094fa   0x0000006e   Code   RO         1488    .text               mf_w.l(fepilogue.o)
    0x08009568   0x08009568   0x000000ba   Code   RO         1490    .text               mf_w.l(depilogue.o)
    0x08009622   0x08009622   0x000000a2   Code   RO         1498    .text               mf_w.l(dsqrt.o)
    0x080096c4   0x080096c4   0x00000024   Code   RO         1502    .text               mc_w.l(init.o)
    0x080096e8   0x080096e8   0x0000001e   Code   RO         1504    .text               mc_w.l(llshl.o)
    0x08009706   0x08009706   0x00000002   PAD
    0x08009708   0x08009708   0x000000cc   Code   RO          349    i.LCD_SetCursor     lcd.o
    0x080097d4   0x080097d4   0x00000020   Code   RO         1306    i.__0printf$5       mc_w.l(printf5.o)
    0x080097f4   0x080097f4   0x0000000e   Code   RO         1510    i.__scatterload_copy  mc_w.l(handlers.o)
    0x08009802   0x08009802   0x00000002   Code   RO         1511    i.__scatterload_null  mc_w.l(handlers.o)
    0x08009804   0x08009804   0x0000000e   Code   RO         1512    i.__scatterload_zeroinit  mc_w.l(handlers.o)
    0x08009812   0x08009812   0x00000002   PAD
    0x08009814   0x08009814   0x0000000c   Code   RO         1482    i.__set_errno       mc_w.l(errno.o)
    0x08009820   0x08009820   0x000002c0   Code   RO         1313    i._printf_core      mc_w.l(printf5.o)
    0x08009ae0   0x08009ae0   0x0000004c   Code   RO         1159    i.sqrt              m_ws.l(sqrt.o)
    0x08009b2c   0x08009b2c   0x00000008   Data   RO            3    .constdata          main.o
    0x08009b34   0x08009b34   0x00000a64   Data   RO          337    .constdata          lcd.o
    0x0800a598   0x0800a598   0x00000100   Data   RO          988    .constdata          os_core.o
    0x0800a698   0x0800a698   0x00000074   Data   RO         1107    .constdata          os_dbg_r.o
    0x0800a70c   0x0800a70c   0x00000020   Data   RO         1508    Region$$Table       anon$$obj.o


    Execution Region RW_IRAM1 (Exec base: 0x20000000, Load base: 0x0800a72c, Size: 0x00002588, Max: 0x00005000, ABSOLUTE)

    Exec Addr    Load Addr    Size         Type   Attr      Idx    E Section Name        Object

    0x20000000   0x0800a72c   0x00000005   Data   RW            4    .data               main.o
    0x20000005   0x0800a731   0x00000003   PAD
    0x20000008   0x0800a734   0x00000014   Data   RW          246    .data               system_stm32f10x.o
    0x2000001c   0x0800a748   0x00000001   Data   RW          276    .data               key.o
    0x2000001d   0x0800a749   0x00000001   PAD
    0x2000001e   0x0800a74a   0x00000006   Data   RW          338    .data               lcd.o
    0x20000024   0x0800a750   0x00000002   Data   RW          475    .data               touch.o
    0x20000026   0x0800a752   0x00000002   PAD
    0x20000028   0x0800a754   0x00000006   Data   RW          519    .data               remote.o
    0x2000002e   0x0800a75a   0x00000004   Data   RW          537    .data               delay.o
    0x20000032   0x0800a75e   0x00000002   PAD
    0x20000034   0x0800a760   0x00000005   Data   RW          564    .data               usart.o
    0x20000039   0x0800a765   0x00000014   Data   RW          796    .data               stm32f10x_rcc.o
    0x2000004d   0x0800a779   0x00000003   PAD
    0x20000050   0x0800a77c   0x00000060   Data   RW          989    .data               os_core.o
    0x200000b0   0x0800a7dc   0x00000004   Data   RW         1137    .data               os_cpu_c.o
    0x200000b4   0x0800a7e0   0x00000004   Data   RW         1483    .data               mc_w.l(errno.o)
    0x200000b8        -       0x00000d0c   Zero   RW            2    .bss                main.o
    0x20000dc4        -       0x0000001c   Zero   RW          474    .bss                touch.o
    0x20000de0        -       0x00000040   Zero   RW          563    .bss                usart.o
    0x20000e20        -       0x00001368   Zero   RW          987    .bss                os_core.o
    0x20002188        -       0x00000400   Zero   RW          596    STACK               startup_stm32f10x_md.o


==============================================================================

Image component sizes


      Code (inc. data)   RO Data    RW Data    ZI Data      Debug   Object Name

       378          0          0          0          0       2782   24cxx.o
         0          0          0          0          0         32   core_cm3.o
       244         14          0          4          0       1335   delay.o
       164         14          0          1          0        732   key.o
      9492        158       2660          6          0      13480   lcd.o
        88          8          0          0          0        495   led.o
       756        170          8          5       3340     268197   main.o
       220         22          0          0          0       1777   misc.o
       600         12          0          0          0       1864   myiic.o
      3204        278        256         96       4968      18663   os_core.o
       220         40          0          0          0        340   os_cpu_a.o
       180          0          0          4          0      11662   os_cpu_c.o
       348        230        116          0          0       3378   os_dbg_r.o
      1932         42          0          0          0      15319   os_flag.o
       436         18          0          0          0       3032   os_mem.o
      1420         34          0          0          0       5361   os_q.o
       852         22          0          0          0       3694   os_sem.o
      1908         70          0          0          0       7349   os_task.o
       400         30          0          0          0       1722   os_time.o
      1648        134          0          0          0       5729   os_tmr.o
       384         30          0          6          0       1727   remote.o
        36          8        236          0       1024        784   startup_stm32f10x_md.o
       284         10          0          0          0       2235   stm32f10x_exti.o
       860         38          0          0          0       5713   stm32f10x_gpio.o
        22          0          0          0          0        995   stm32f10x_it.o
        64          6          0          0          0       1269   stm32f10x_iwdg.o
       204         14          0          0          0       1943   stm32f10x_pwr.o
       932         36          0         20          0       8884   stm32f10x_rcc.o
      3610         88          0          0          0      22820   stm32f10x_tim.o
      1032         22          0          0          0       8436   stm32f10x_usart.o
       136         10          0          0          0       2276   stm32f10x_wwdg.o
        12          0          0          0          0        441   sys.o
       480         38          0         20          0       1731   system_stm32f10x.o
       152          8          0          0          0        786   timer.o
      3764        300          0          2         28       6404   touch.o
       320         16          0          5         64       3142   usart.o
       176          6          0          0          0       1396   wdg.o
       264         12          0          0          0       1246   wkup.o

    ----------------------------------------------------------------------
     37228       1938       3308        180       9424     439171   Object Totals
         0          0         32          0          0          0   (incl. Generated)
         6          0          0         11          0          0   (incl. Padding)

    ----------------------------------------------------------------------

      Code (inc. data)   RO Data    RW Data    ZI Data      Debug   Library Member Name

        76          0          0          0          0         84   sqrt.o
         0          0          0          0          0          0   entry.o
         0          0          0          0          0          0   entry10a.o
         0          0          0          0          0          0   entry11a.o
         8          4          0          0          0          0   entry2.o
         4          0          0          0          0          0   entry5.o
         0          0          0          0          0          0   entry7b.o
         0          0          0          0          0          0   entry8b.o
         8          4          0          0          0          0   entry9a.o
        12          6          0          4          0         68   errno.o
        30          0          0          0          0          0   handlers.o
        36          8          0          0          0         68   init.o
         0          0          0          0          0          0   iusefp.o
        30          0          0          0          0         68   llshl.o
        32          0          0          0          0         68   llushr.o
       736         56          0          0          0        184   printf5.o
        98          0          0          0          0         92   uldiv.o
        48          0          0          0          0         68   cdcmple.o
        48          0          0          0          0         68   cdrcmple.o
       186          0          0          0          0        176   depilogue.o
        50          0          0          0          0         76   dfixui.o
        26          0          0          0          0         76   dfltui.o
       162          0          0          0          0        100   dsqrt.o
        38          0          0          0          0         68   f2d.o
       176          0          0          0          0        140   fadd.o
       124          0          0          0          0         88   fdiv.o
       110          0          0          0          0        168   fepilogue.o
        50          0          0          0          0         68   ffixi.o
        40          0          0          0          0         68   ffixui.o
        18          0          0          0          0         68   fflti.o
        10          0          0          0          0         68   ffltui.o
       100          0          0          0          0         76   fmul.o

    ----------------------------------------------------------------------
      2260         78          0          4          0       2008   Library Totals
         4          0          0          0          0          0   (incl. Padding)

    ----------------------------------------------------------------------

      Code (inc. data)   RO Data    RW Data    ZI Data      Debug   Library Name

        76          0          0          0          0         84   m_ws.l
       994         78          0          4          0        548   mc_w.l
      1186          0          0          0          0       1376   mf_w.l

    ----------------------------------------------------------------------
      2260         78          0          4          0       2008   Library Totals

    ----------------------------------------------------------------------

==============================================================================


      Code (inc. data)   RO Data    RW Data    ZI Data      Debug   

     39488       2016       3308        184       9424     437223   Grand Totals
     39488       2016       3308        184       9424     437223   ELF Image Totals
     39488       2016       3308        184          0          0   ROM Totals

==============================================================================

    Total RO  Size (Code + RO Data)                42796 (  41.79kB)
    Total RW  Size (RW Data + ZI Data)              9608 (   9.38kB)
    Total ROM Size (Code + RO Data + RW Data)      42980 (  41.97kB)

==============================================================================

